Component: ARM Compiler 5.06 update 7 (build 960) Tool: armlink [4d3601]

==============================================================================

Section Cross References

    gui_cryotargetcontroller.o(i.GUI_CTC_buttonStateClick) refers to gui.o(i.GUI_buttonChangeMainColor) for GUI_buttonChangeMainColor
    gui_cryotargetcontroller.o(i.GUI_CTC_buttonStateClick) refers to gui.o(i.GUI_buttonChangeText) for GUI_buttonChangeText
    gui_cryotargetcontroller.o(i.GUI_CTC_buttonStateClick) refers to gui_cryotargetcontroller.o(i.GUI_CTC_labelState) for GUI_CTC_labelState
    gui_cryotargetcontroller.o(i.GUI_CTC_buttonStateClick) refers to gui.o(.bss) for GUI
    gui_cryotargetcontroller.o(i.GUI_CTC_buttonTMinusClick) refers to gui_cryotargetcontroller.o(i.GUI_CTC_buttonTMinusDraw) for GUI_CTC_buttonTMinusDraw
    gui_cryotargetcontroller.o(i.GUI_CTC_buttonTMinusClick) refers to gui_cryotargetcontroller.o(i.GUI_CTC_labelTSetNum) for GUI_CTC_labelTSetNum
    gui_cryotargetcontroller.o(i.GUI_CTC_buttonTMinusClick) refers to gui_cryotargetcontroller.o(.data) for tempSetNum
    gui_cryotargetcontroller.o(i.GUI_CTC_buttonTMinusDraw) refers to gui.o(i.GUI_buttonChangeMainColor) for GUI_buttonChangeMainColor
    gui_cryotargetcontroller.o(i.GUI_CTC_buttonTMinusDraw) refers to gui.o(i.GUI_drawFilledFrame) for GUI_drawFilledFrame
    gui_cryotargetcontroller.o(i.GUI_CTC_buttonTMinusReturnColor) refers to gui_cryotargetcontroller.o(i.GUI_CTC_buttonTMinusDraw) for GUI_CTC_buttonTMinusDraw
    gui_cryotargetcontroller.o(i.GUI_CTC_buttonTMinusReturnColor) refers to gui.o(.bss) for GUI
    gui_cryotargetcontroller.o(i.GUI_CTC_buttonTPlusClick) refers to gui_cryotargetcontroller.o(i.GUI_CTC_buttonTPlusDraw) for GUI_CTC_buttonTPlusDraw
    gui_cryotargetcontroller.o(i.GUI_CTC_buttonTPlusClick) refers to gui_cryotargetcontroller.o(i.GUI_CTC_labelTSetNum) for GUI_CTC_labelTSetNum
    gui_cryotargetcontroller.o(i.GUI_CTC_buttonTPlusClick) refers to gui_cryotargetcontroller.o(.data) for tempSetNum
    gui_cryotargetcontroller.o(i.GUI_CTC_buttonTPlusDraw) refers to gui.o(i.GUI_buttonChangeMainColor) for GUI_buttonChangeMainColor
    gui_cryotargetcontroller.o(i.GUI_CTC_buttonTPlusDraw) refers to gui.o(i.GUI_drawFilledFrame) for GUI_drawFilledFrame
    gui_cryotargetcontroller.o(i.GUI_CTC_buttonTPlusReturnColor) refers to gui_cryotargetcontroller.o(i.GUI_CTC_buttonTPlusDraw) for GUI_CTC_buttonTPlusDraw
    gui_cryotargetcontroller.o(i.GUI_CTC_buttonTPlusReturnColor) refers to gui.o(.bss) for GUI
    gui_cryotargetcontroller.o(i.GUI_CTC_init) refers to gui.o(i.GUI_objectListReset) for GUI_objectListReset
    gui_cryotargetcontroller.o(i.GUI_CTC_init) refers to gui.o(i.GUI_objSetHandlerFunc) for GUI_objSetHandlerFunc
    gui_cryotargetcontroller.o(i.GUI_CTC_init) refers to gui.o(i.GUI_drawFilledFrame) for GUI_drawFilledFrame
    gui_cryotargetcontroller.o(i.GUI_CTC_init) refers to gui.o(i.GUI_createLabel) for GUI_createLabel
    gui_cryotargetcontroller.o(i.GUI_CTC_init) refers to gui.o(i.GUI_createButton) for GUI_createButton
    gui_cryotargetcontroller.o(i.GUI_CTC_init) refers to gui_cryotargetcontroller.o(i.GUI_CTC_objAction) for GUI_CTC_objAction
    gui_cryotargetcontroller.o(i.GUI_CTC_init) refers to gui.o(.bss) for GUI
    gui_cryotargetcontroller.o(i.GUI_CTC_init) refers to gui_cryotargetcontroller.o(i.GUI_CTC_buttonTPlusClick) for GUI_CTC_buttonTPlusClick
    gui_cryotargetcontroller.o(i.GUI_CTC_init) refers to gui_cryotargetcontroller.o(i.GUI_CTC_buttonTMinusClick) for GUI_CTC_buttonTMinusClick
    gui_cryotargetcontroller.o(i.GUI_CTC_init) refers to lcd_ili9341.o(i.LCD_printChar) for LCD_printChar
    gui_cryotargetcontroller.o(i.GUI_CTC_init) refers to gui_cryotargetcontroller.o(i.GUI_CTC_buttonTPlusDraw) for GUI_CTC_buttonTPlusDraw
    gui_cryotargetcontroller.o(i.GUI_CTC_init) refers to gui_cryotargetcontroller.o(i.GUI_CTC_buttonTMinusDraw) for GUI_CTC_buttonTMinusDraw
    gui_cryotargetcontroller.o(i.GUI_CTC_init) refers to gui.o(i.GUI_drawFrame) for GUI_drawFrame
    gui_cryotargetcontroller.o(i.GUI_CTC_init) refers to gui_cryotargetcontroller.o(i.GUI_CTC_buttonStateClick) for GUI_CTC_buttonStateClick
    gui_cryotargetcontroller.o(i.GUI_CTC_init) refers to gui_cryotargetcontroller.o(.constdata) for impact_18ptDescriptorsNum
    gui_cryotargetcontroller.o(i.GUI_CTC_labelState) refers to gui.o(i.GUI_labelChangeMainColor) for GUI_labelChangeMainColor
    gui_cryotargetcontroller.o(i.GUI_CTC_labelState) refers to gui.o(i.GUI_labelChangeText) for GUI_labelChangeText
    gui_cryotargetcontroller.o(i.GUI_CTC_labelTSetNum) refers to gui.o(i.GUI_intToStr) for GUI_intToStr
    gui_cryotargetcontroller.o(i.GUI_CTC_labelTSetNum) refers to gui.o(i.GUI_labelChangeText) for GUI_labelChangeText
    gui_cryotargetcontroller.o(i.GUI_CTC_objAction) refers to gui_cryotargetcontroller.o(i.GUI_CTC_buttonTPlusReturnColor) for GUI_CTC_buttonTPlusReturnColor
[...]
    argv_veneer.o(.emb_text) refers to no_argv.o(.text) for __ARM_get_argv
    sys_exit.o(.text) refers (Special) to use_no_semi.o(.text) for __I$use$semihosting
    sys_exit.o(.text) refers (Special) to indicate_semi.o(.text) for __semihosting_library_function
    _get_argv_nomalloc.o(.text) refers (Special) to hrguard.o(.text) for __heap_region$guard
    _get_argv_nomalloc.o(.text) refers to defsig_rtmem_outer.o(.text) for __rt_SIGRTMEM
    _get_argv_nomalloc.o(.text) refers to sys_command.o(.text) for _sys_command_string
    libshutdown.o(.ARM.Collect$$libshutdown$$00000000) refers (Special) to libshutdown2.o(.ARM.Collect$$libshutdown$$00000004) for __rt_lib_shutdown_cpp_1
    libshutdown.o(.ARM.Collect$$libshutdown$$00000000) refers (Special) to libshutdown2.o(.ARM.Collect$$libshutdown$$00000002) for __rt_lib_shutdown_fini_1
    libshutdown.o(.ARM.Collect$$libshutdown$$00000000) refers (Special) to libshutdown2.o(.ARM.Collect$$libshutdown$$00000009) for __rt_lib_shutdown_fp_trap_1
    libshutdown.o(.ARM.Collect$$libshutdown$$00000000) refers (Special) to libshutdown2.o(.ARM.Collect$$libshutdown$$00000011) for __rt_lib_shutdown_heap_1
    libshutdown.o(.ARM.Collect$$libshutdown$$00000000) refers (Special) to libshutdown2.o(.ARM.Collect$$libshutdown$$00000012) for __rt_lib_shutdown_return
    libshutdown.o(.ARM.Collect$$libshutdown$$00000000) refers (Special) to libshutdown2.o(.ARM.Collect$$libshutdown$$0000000C) for __rt_lib_shutdown_signal_1
    libshutdown.o(.ARM.Collect$$libshutdown$$00000000) refers (Special) to libshutdown2.o(.ARM.Collect$$libshutdown$$00000006) for __rt_lib_shutdown_stdio_1
    libshutdown.o(.ARM.Collect$$libshutdown$$00000000) refers (Special) to libshutdown2.o(.ARM.Collect$$libshutdown$$0000000E) for __rt_lib_shutdown_user_alloc_1
    sys_command.o(.text) refers (Special) to use_no_semi.o(.text) for __I$use$semihosting
    sys_command.o(.text) refers (Special) to indicate_semi.o(.text) for __semihosting_library_function
    defsig_rtmem_outer.o(.text) refers to defsig_rtmem_inner.o(.text) for __rt_SIGRTMEM_inner
    defsig_rtmem_outer.o(.text) refers to defsig_exit.o(.text) for __sig_exit
    defsig_rtmem_formal.o(.text) refers to rt_raise.o(.text) for __rt_raise
    rt_raise.o(.text) refers to __raise.o(.text) for __raise
    rt_raise.o(.text) refers to sys_exit.o(.text) for _sys_exit
    defsig_exit.o(.text) refers to sys_exit.o(.text) for _sys_exit
    defsig_rtmem_inner.o(.text) refers to defsig_general.o(.text) for __default_signal_display
    __raise.o(.text) refers to defsig.o(CL$$defsig) for __default_signal_handler
    defsig_general.o(.text) refers to sys_wrch.o(.text) for _ttywrch
    sys_wrch.o(.text) refers (Special) to use_no_semi.o(.text) for __I$use$semihosting
    sys_wrch.o(.text) refers (Special) to indicate_semi.o(.text) for __semihosting_library_function
    defsig.o(CL$$defsig) refers to defsig_rtmem_inner.o(.text) for __rt_SIGRTMEM_inner
    defsig_abrt_inner.o(.text) refers to defsig_general.o(.text) for __default_signal_display
    defsig_fpe_inner.o(.text) refers to defsig_general.o(.text) for __default_signal_display
    defsig_rtred_inner.o(.text) refers to defsig_general.o(.text) for __default_signal_display
    defsig_stak_inner.o(.text) refers to defsig_general.o(.text) for __default_signal_display
    defsig_pvfn_inner.o(.text) refers to defsig_general.o(.text) for __default_signal_display
    defsig_cppl_inner.o(.text) refers to defsig_general.o(.text) for __default_signal_display
    defsig_segv_inner.o(.text) refers to defsig_general.o(.text) for __default_signal_display
    defsig_other.o(.text) refers to defsig_general.o(.text) for __default_signal_display


==============================================================================

Removing Unused input sections from the image.

    Removing gui_cryotargetcontroller.o(.rev16_text), (4 bytes).
    Removing gui_cryotargetcontroller.o(.revsh_text), (4 bytes).
    Removing gui_cryotargetcontroller.o(.rrx_text), (6 bytes).
    Removing main.o(.rev16_text), (4 bytes).
    Removing main.o(.revsh_text), (4 bytes).
    Removing main.o(.rrx_text), (6 bytes).
    Removing main.o(.constdata), (1712 bytes).
    Removing gui.o(.rev16_text), (4 bytes).
    Removing gui.o(.revsh_text), (4 bytes).
    Removing gui.o(.rrx_text), (6 bytes).
    Removing gui.o(i.GUI_Handler), (220 bytes).
    Removing gui.o(i.GUI_canvasChangePenColor), (20 bytes).
    Removing gui.o(i.GUI_canvasClear), (128 bytes).
    Removing gui.o(i.GUI_canvasSetPenEraser), (24 bytes).
    Removing gui.o(i.GUI_createCanvas), (232 bytes).
    Removing gui.o(i.GUI_drawPoint), (660 bytes).
    Removing gui.o(i.GUI_getTouchPoint), (2 bytes).
    Removing gui.o(i.GUI_objHandler), (16 bytes).
    Removing gui.o(.constdata), (1712 bytes).
    Removing cpu.o(.rev16_text), (4 bytes).
    Removing cpu.o(.revsh_text), (4 bytes).
    Removing cpu.o(.rrx_text), (6 bytes).
    Removing cpu.o(.constdata), (1712 bytes).
    Removing lcd_ili9341.o(.rev16_text), (4 bytes).
    Removing lcd_ili9341.o(.revsh_text), (4 bytes).
    Removing lcd_ili9341.o(.rrx_text), (6 bytes).
    Removing spi.o(.rev16_text), (4 bytes).
    Removing spi.o(.revsh_text), (4 bytes).
    Removing spi.o(.rrx_text), (6 bytes).
    Removing spi.o(.constdata), (1712 bytes).
    Removing timer.o(.rev16_text), (4 bytes).
    Removing timer.o(.revsh_text), (4 bytes).
    Removing timer.o(.rrx_text), (6 bytes).
    Removing timer.o(i.EXT_INT3_IRQHandler), (2 bytes).
    Removing timer.o(i.Timer1_IRQHandler), (2 bytes).
    Removing timer.o(i.Timer1_init), (2 bytes).
    Removing timer.o(i.Timer2_IRQHandler), (2 bytes).
    Removing timer.o(i.Timer2_Init), (2 bytes).
    Removing timer.o(i.Timer3_IRQHandler), (2 bytes).
    Removing timer.o(i.delay_us), (2 bytes).
    Removing timer.o(.constdata), (1712 bytes).
    Removing gpio.o(.rev16_text), (4 bytes).
    Removing gpio.o(.revsh_text), (4 bytes).
    Removing gpio.o(.rrx_text), (6 bytes).
    Removing gpio.o(.constdata), (1712 bytes).
    Removing misc.o(.rev16_text), (4 bytes).
    Removing misc.o(.revsh_text), (4 bytes).
    Removing misc.o(.rrx_text), (6 bytes).
    Removing misc.o(i.NVIC_Init), (120 bytes).
    Removing misc.o(i.NVIC_PriorityGroupConfig), (20 bytes).
    Removing misc.o(i.NVIC_SetVectorTable), (20 bytes).
    Removing misc.o(i.NVIC_SystemLPConfig), (32 bytes).
    Removing misc.o(i.SysTick_CLKSourceConfig), (40 bytes).
    Removing stm32f4xx_gpio.o(.rev16_text), (4 bytes).
    Removing stm32f4xx_gpio.o(.revsh_text), (4 bytes).
    Removing stm32f4xx_gpio.o(.rrx_text), (6 bytes).
    Removing stm32f4xx_gpio.o(i.GPIO_DeInit), (312 bytes).
    Removing stm32f4xx_gpio.o(i.GPIO_PinLockConfig), (34 bytes).
    Removing stm32f4xx_gpio.o(i.GPIO_ReadInputData), (8 bytes).
    Removing stm32f4xx_gpio.o(i.GPIO_ReadInputDataBit), (18 bytes).
    Removing stm32f4xx_gpio.o(i.GPIO_ReadOutputData), (8 bytes).
    Removing stm32f4xx_gpio.o(i.GPIO_ReadOutputDataBit), (18 bytes).
    Removing stm32f4xx_gpio.o(i.GPIO_ToggleBits), (8 bytes).
    Removing stm32f4xx_gpio.o(i.GPIO_Write), (4 bytes).
    Removing stm32f4xx_gpio.o(i.GPIO_WriteBit), (10 bytes).
    Removing stm32f4xx_i2c.o(.rev16_text), (4 bytes).
    Removing stm32f4xx_i2c.o(.revsh_text), (4 bytes).
    Removing stm32f4xx_i2c.o(.rrx_text), (6 bytes).
    Removing stm32f4xx_i2c.o(i.I2C_ARPCmd), (24 bytes).
    Removing stm32f4xx_i2c.o(i.I2C_AcknowledgeConfig), (24 bytes).
    Removing stm32f4xx_i2c.o(i.I2C_AnalogFilterCmd), (24 bytes).
    Removing stm32f4xx_i2c.o(i.I2C_CalculatePEC), (24 bytes).
    Removing stm32f4xx_i2c.o(i.I2C_CheckEvent), (42 bytes).
    Removing stm32f4xx_i2c.o(i.I2C_ClearFlag), (12 bytes).
    Removing stm32f4xx_i2c.o(i.I2C_ClearITPendingBit), (12 bytes).
    Removing stm32f4xx_i2c.o(i.I2C_Cmd), (24 bytes).
    Removing stm32f4xx_i2c.o(i.I2C_DMACmd), (24 bytes).
    Removing stm32f4xx_i2c.o(i.I2C_DMALastTransferCmd), (24 bytes).
    Removing stm32f4xx_i2c.o(i.I2C_DeInit), (96 bytes).
    Removing stm32f4xx_i2c.o(i.I2C_DigitalFilterConfig), (22 bytes).
    Removing stm32f4xx_i2c.o(i.I2C_DualAddressCmd), (24 bytes).
    Removing stm32f4xx_i2c.o(i.I2C_FastModeDutyCycleConfig), (28 bytes).
    Removing stm32f4xx_i2c.o(i.I2C_GeneralCallCmd), (24 bytes).
    Removing stm32f4xx_i2c.o(i.I2C_GenerateSTART), (24 bytes).
    Removing stm32f4xx_i2c.o(i.I2C_GenerateSTOP), (24 bytes).
    Removing stm32f4xx_i2c.o(i.I2C_GetFlagStatus), (58 bytes).
    Removing stm32f4xx_i2c.o(i.I2C_GetITStatus), (38 bytes).
    Removing stm32f4xx_i2c.o(i.I2C_GetLastEvent), (26 bytes).
    Removing stm32f4xx_i2c.o(i.I2C_GetPEC), (8 bytes).
    Removing stm32f4xx_i2c.o(i.I2C_ITConfig), (18 bytes).
    Removing stm32f4xx_i2c.o(i.I2C_Init), (232 bytes).
    Removing stm32f4xx_i2c.o(i.I2C_NACKPositionConfig), (28 bytes).
    Removing stm32f4xx_i2c.o(i.I2C_OwnAddress2Config), (22 bytes).
    Removing stm32f4xx_i2c.o(i.I2C_PECPositionConfig), (28 bytes).
    Removing stm32f4xx_i2c.o(i.I2C_ReadRegister), (22 bytes).
    Removing stm32f4xx_i2c.o(i.I2C_ReceiveData), (8 bytes).
    Removing stm32f4xx_i2c.o(i.I2C_SMBusAlertConfig), (28 bytes).
    Removing stm32f4xx_i2c.o(i.I2C_Send7bitAddress), (16 bytes).
    Removing stm32f4xx_i2c.o(i.I2C_SendData), (4 bytes).
    Removing stm32f4xx_i2c.o(i.I2C_SoftwareResetCmd), (22 bytes).
    Removing stm32f4xx_i2c.o(i.I2C_StretchClockCmd), (24 bytes).
    Removing stm32f4xx_i2c.o(i.I2C_StructInit), (30 bytes).
    Removing stm32f4xx_i2c.o(i.I2C_TransmitPEC), (24 bytes).
    Removing stm32f4xx_rcc.o(.rev16_text), (4 bytes).
    Removing stm32f4xx_rcc.o(.revsh_text), (4 bytes).
    Removing stm32f4xx_rcc.o(.rrx_text), (6 bytes).
    Removing stm32f4xx_rcc.o(i.RCC_AHB1PeriphClockLPModeCmd), (32 bytes).
    Removing stm32f4xx_rcc.o(i.RCC_AHB1PeriphResetCmd), (32 bytes).
    Removing stm32f4xx_rcc.o(i.RCC_AHB2PeriphClockCmd), (32 bytes).
    Removing stm32f4xx_rcc.o(i.RCC_AHB2PeriphClockLPModeCmd), (32 bytes).
    Removing stm32f4xx_rcc.o(i.RCC_AHB2PeriphResetCmd), (32 bytes).
    Removing stm32f4xx_rcc.o(i.RCC_AHB3PeriphClockCmd), (32 bytes).
    Removing stm32f4xx_rcc.o(i.RCC_AHB3PeriphClockLPModeCmd), (32 bytes).
    Removing stm32f4xx_rcc.o(i.RCC_AHB3PeriphResetCmd), (32 bytes).
    Removing stm32f4xx_rcc.o(i.RCC_APB1PeriphClockLPModeCmd), (32 bytes).
    Removing stm32f4xx_rcc.o(i.RCC_APB2PeriphClockCmd), (32 bytes).
    Removing stm32f4xx_rcc.o(i.RCC_APB2PeriphClockLPModeCmd), (32 bytes).
    Removing stm32f4xx_rcc.o(i.RCC_AdjustHSICalibrationValue), (24 bytes).
    Removing stm32f4xx_rcc.o(i.RCC_BackupResetCmd), (12 bytes).
    Removing stm32f4xx_rcc.o(i.RCC_ClearFlag), (20 bytes).
    Removing stm32f4xx_rcc.o(i.RCC_ClearITPendingBit), (12 bytes).
    Removing stm32f4xx_rcc.o(i.RCC_ClockSecuritySystemCmd), (12 bytes).
    Removing stm32f4xx_rcc.o(i.RCC_DeInit), (100 bytes).
    Removing stm32f4xx_rcc.o(i.RCC_GetClocksFreq), (232 bytes).
    Removing stm32f4xx_rcc.o(i.RCC_GetFlagStatus), (64 bytes).
    Removing stm32f4xx_rcc.o(i.RCC_GetITStatus), (24 bytes).
    Removing stm32f4xx_rcc.o(i.RCC_GetSYSCLKSource), (16 bytes).
    Removing stm32f4xx_rcc.o(i.RCC_HCLKConfig), (24 bytes).
    Removing stm32f4xx_rcc.o(i.RCC_HSEConfig), (16 bytes).
    Removing stm32f4xx_rcc.o(i.RCC_HSICmd), (12 bytes).
    Removing stm32f4xx_rcc.o(i.RCC_I2SCLKConfig), (12 bytes).
    Removing stm32f4xx_rcc.o(i.RCC_ITConfig), (32 bytes).
    Removing stm32f4xx_rcc.o(i.RCC_LSEConfig), (44 bytes).
    Removing stm32f4xx_rcc.o(i.RCC_LSEModeConfig), (36 bytes).
    Removing stm32f4xx_rcc.o(i.RCC_LSICmd), (12 bytes).
    Removing stm32f4xx_rcc.o(i.RCC_LTDCCLKDivConfig), (24 bytes).
    Removing stm32f4xx_rcc.o(i.RCC_MCO1Config), (28 bytes).
    Removing stm32f4xx_rcc.o(i.RCC_MCO2Config), (28 bytes).
    Removing stm32f4xx_rcc.o(i.RCC_PCLK1Config), (24 bytes).
    Removing stm32f4xx_rcc.o(i.RCC_PCLK2Config), (24 bytes).
    Removing stm32f4xx_rcc.o(i.RCC_PLLCmd), (12 bytes).
    Removing stm32f4xx_rcc.o(i.RCC_PLLConfig), (36 bytes).
    Removing stm32f4xx_rcc.o(i.RCC_PLLI2SCmd), (12 bytes).
    Removing stm32f4xx_rcc.o(i.RCC_PLLI2SConfig), (16 bytes).
    Removing stm32f4xx_rcc.o(i.RCC_PLLSAICmd), (12 bytes).
    Removing stm32f4xx_rcc.o(i.RCC_PLLSAIConfig), (24 bytes).
    Removing stm32f4xx_rcc.o(i.RCC_RTCCLKCmd), (12 bytes).
    Removing stm32f4xx_rcc.o(i.RCC_RTCCLKConfig), (60 bytes).
    Removing stm32f4xx_rcc.o(i.RCC_SAIBlockACLKConfig), (24 bytes).
    Removing stm32f4xx_rcc.o(i.RCC_SAIBlockBCLKConfig), (24 bytes).
    Removing stm32f4xx_rcc.o(i.RCC_SAIPLLI2SClkDivConfig), (28 bytes).
    Removing stm32f4xx_rcc.o(i.RCC_SAIPLLSAIClkDivConfig), (28 bytes).
    Removing stm32f4xx_rcc.o(i.RCC_SYSCLKConfig), (24 bytes).
    Removing stm32f4xx_rcc.o(i.RCC_TIMCLKPresConfig), (12 bytes).
    Removing stm32f4xx_rcc.o(i.RCC_WaitForHSEStartUp), (56 bytes).
    Removing stm32f4xx_rcc.o(.data), (16 bytes).
    Removing stm32f4xx_spi.o(.rev16_text), (4 bytes).
    Removing stm32f4xx_spi.o(.revsh_text), (4 bytes).
    Removing stm32f4xx_spi.o(.rrx_text), (6 bytes).
    Removing stm32f4xx_spi.o(i.I2S_Cmd), (24 bytes).
    Removing stm32f4xx_spi.o(i.I2S_FullDuplexConfig), (80 bytes).
    Removing stm32f4xx_spi.o(i.I2S_Init), (408 bytes).
    Removing stm32f4xx_spi.o(i.I2S_StructInit), (20 bytes).
    Removing stm32f4xx_spi.o(i.SPI_BiDirectionalLineConfig), (28 bytes).
    Removing stm32f4xx_spi.o(i.SPI_CalculateCRC), (24 bytes).
    Removing stm32f4xx_spi.o(i.SPI_DataSizeConfig), (18 bytes).
    Removing stm32f4xx_spi.o(i.SPI_GetCRC), (16 bytes).
    Removing stm32f4xx_spi.o(i.SPI_GetCRCPolynomial), (6 bytes).
    Removing stm32f4xx_spi.o(i.SPI_I2S_ClearFlag), (6 bytes).
    Removing stm32f4xx_spi.o(i.SPI_I2S_ClearITPendingBit), (20 bytes).
    Removing stm32f4xx_spi.o(i.SPI_I2S_DMACmd), (18 bytes).
    Removing stm32f4xx_spi.o(i.SPI_I2S_GetFlagStatus), (18 bytes).
    Removing stm32f4xx_spi.o(i.SPI_I2S_GetITStatus), (52 bytes).
    Removing stm32f4xx_spi.o(i.SPI_I2S_ITConfig), (32 bytes).
    Removing stm32f4xx_spi.o(i.SPI_I2S_ReceiveData), (6 bytes).
    Removing stm32f4xx_spi.o(i.SPI_SSOutputCmd), (24 bytes).
    Removing stm32f4xx_spi.o(i.SPI_TIModeCmd), (24 bytes).
    Removing stm32f4xx_spi.o(i.SPI_TransmitCRC), (10 bytes).
    Removing stm32f4xx_syscfg.o(.rev16_text), (4 bytes).
    Removing stm32f4xx_syscfg.o(.revsh_text), (4 bytes).
    Removing stm32f4xx_syscfg.o(.rrx_text), (6 bytes).
    Removing stm32f4xx_syscfg.o(i.SYSCFG_CompensationCellCmd), (12 bytes).
    Removing stm32f4xx_syscfg.o(i.SYSCFG_DeInit), (22 bytes).
    Removing stm32f4xx_syscfg.o(i.SYSCFG_ETH_MediaInterfaceConfig), (12 bytes).
    Removing stm32f4xx_syscfg.o(i.SYSCFG_EXTILineConfig), (64 bytes).
    Removing stm32f4xx_syscfg.o(i.SYSCFG_GetCompensationCellStatus), (24 bytes).
    Removing stm32f4xx_syscfg.o(i.SYSCFG_MemoryRemapConfig), (12 bytes).
    Removing stm32f4xx_syscfg.o(i.SYSCFG_MemorySwappingBank), (12 bytes).
    Removing stm32f4xx_tim.o(.rev16_text), (4 bytes).
    Removing stm32f4xx_tim.o(.revsh_text), (4 bytes).
    Removing stm32f4xx_tim.o(.rrx_text), (6 bytes).
    Removing stm32f4xx_tim.o(i.TI1_Config), (58 bytes).
    Removing stm32f4xx_tim.o(i.TI2_Config), (80 bytes).
    Removing stm32f4xx_tim.o(i.TI3_Config), (72 bytes).
    Removing stm32f4xx_tim.o(i.TI4_Config), (80 bytes).
    Removing stm32f4xx_tim.o(i.TIM_ARRPreloadConfig), (24 bytes).
    Removing stm32f4xx_tim.o(i.TIM_BDTRConfig), (32 bytes).
    Removing stm32f4xx_tim.o(i.TIM_BDTRStructInit), (18 bytes).
    Removing stm32f4xx_tim.o(i.TIM_CCPreloadControl), (24 bytes).
    Removing stm32f4xx_tim.o(i.TIM_CCxCmd), (30 bytes).
    Removing stm32f4xx_tim.o(i.TIM_CCxNCmd), (30 bytes).
    Removing stm32f4xx_tim.o(i.TIM_ClearFlag), (6 bytes).
    Removing stm32f4xx_tim.o(i.TIM_ClearOC1Ref), (18 bytes).
    Removing stm32f4xx_tim.o(i.TIM_ClearOC2Ref), (24 bytes).
    Removing stm32f4xx_tim.o(i.TIM_ClearOC3Ref), (18 bytes).
    Removing stm32f4xx_tim.o(i.TIM_ClearOC4Ref), (24 bytes).
    Removing stm32f4xx_tim.o(i.TIM_CounterModeConfig), (18 bytes).
    Removing stm32f4xx_tim.o(i.TIM_CtrlPWMOutputs), (30 bytes).
    Removing stm32f4xx_tim.o(i.TIM_DMACmd), (18 bytes).
    Removing stm32f4xx_tim.o(i.TIM_DMAConfig), (10 bytes).
    Removing stm32f4xx_tim.o(i.TIM_DeInit), (400 bytes).
    Removing stm32f4xx_tim.o(i.TIM_ETRClockMode1Config), (54 bytes).
    Removing stm32f4xx_tim.o(i.TIM_ETRClockMode2Config), (32 bytes).
    Removing stm32f4xx_tim.o(i.TIM_ETRConfig), (28 bytes).
    Removing stm32f4xx_tim.o(i.TIM_EncoderInterfaceConfig), (66 bytes).
    Removing stm32f4xx_tim.o(i.TIM_ForcedOC1Config), (18 bytes).
    Removing stm32f4xx_tim.o(i.TIM_ForcedOC2Config), (26 bytes).
    Removing stm32f4xx_tim.o(i.TIM_ForcedOC3Config), (18 bytes).
    Removing stm32f4xx_tim.o(i.TIM_ForcedOC4Config), (26 bytes).
    Removing stm32f4xx_tim.o(i.TIM_GenerateEvent), (4 bytes).
    Removing stm32f4xx_tim.o(i.TIM_GetCapture1), (6 bytes).
    Removing stm32f4xx_tim.o(i.TIM_GetCapture2), (6 bytes).
    Removing stm32f4xx_tim.o(i.TIM_GetCapture3), (6 bytes).
    Removing stm32f4xx_tim.o(i.TIM_GetCapture4), (6 bytes).
    Removing stm32f4xx_tim.o(i.TIM_GetCounter), (6 bytes).
    Removing stm32f4xx_tim.o(i.TIM_GetFlagStatus), (18 bytes).
    Removing stm32f4xx_tim.o(i.TIM_GetPrescaler), (6 bytes).
    Removing stm32f4xx_tim.o(i.TIM_ICInit), (110 bytes).
    Removing stm32f4xx_tim.o(i.TIM_ICStructInit), (18 bytes).
    Removing stm32f4xx_tim.o(i.TIM_ITRxExternalClockConfig), (24 bytes).
    Removing stm32f4xx_tim.o(i.TIM_InternalClockConfig), (12 bytes).
    Removing stm32f4xx_tim.o(i.TIM_OC1FastConfig), (18 bytes).
    Removing stm32f4xx_tim.o(i.TIM_OC1Init), (124 bytes).
    Removing stm32f4xx_tim.o(i.TIM_OC1NPolarityConfig), (18 bytes).
    Removing stm32f4xx_tim.o(i.TIM_OC1PolarityConfig), (18 bytes).
    Removing stm32f4xx_tim.o(i.TIM_OC1PreloadConfig), (18 bytes).
    Removing stm32f4xx_tim.o(i.TIM_OC2FastConfig), (26 bytes).
    Removing stm32f4xx_tim.o(i.TIM_OC2Init), (164 bytes).
    Removing stm32f4xx_tim.o(i.TIM_OC2NPolarityConfig), (26 bytes).
    Removing stm32f4xx_tim.o(i.TIM_OC2PolarityConfig), (26 bytes).
    Removing stm32f4xx_tim.o(i.TIM_OC2PreloadConfig), (26 bytes).
    Removing stm32f4xx_tim.o(i.TIM_OC3FastConfig), (18 bytes).
    Removing stm32f4xx_tim.o(i.TIM_OC3Init), (160 bytes).
    Removing stm32f4xx_tim.o(i.TIM_OC3NPolarityConfig), (26 bytes).
    Removing stm32f4xx_tim.o(i.TIM_OC3PolarityConfig), (26 bytes).
    Removing stm32f4xx_tim.o(i.TIM_OC3PreloadConfig), (18 bytes).
    Removing stm32f4xx_tim.o(i.TIM_OC4FastConfig), (26 bytes).
    Removing stm32f4xx_tim.o(i.TIM_OC4Init), (120 bytes).
    Removing stm32f4xx_tim.o(i.TIM_OC4PolarityConfig), (26 bytes).
    Removing stm32f4xx_tim.o(i.TIM_OC4PreloadConfig), (26 bytes).
    Removing stm32f4xx_tim.o(i.TIM_OCStructInit), (20 bytes).
    Removing stm32f4xx_tim.o(i.TIM_PWMIConfig), (124 bytes).
    Removing stm32f4xx_tim.o(i.TIM_PrescalerConfig), (6 bytes).
    Removing stm32f4xx_tim.o(i.TIM_RemapConfig), (6 bytes).
    Removing stm32f4xx_tim.o(i.TIM_SelectCCDMA), (24 bytes).
    Removing stm32f4xx_tim.o(i.TIM_SelectCOM), (24 bytes).
    Removing stm32f4xx_tim.o(i.TIM_SelectHallSensor), (24 bytes).
    Removing stm32f4xx_tim.o(i.TIM_SelectInputTrigger), (18 bytes).
    Removing stm32f4xx_tim.o(i.TIM_SelectMasterSlaveMode), (18 bytes).
    Removing stm32f4xx_tim.o(i.TIM_SelectOCxM), (86 bytes).
    Removing stm32f4xx_tim.o(i.TIM_SelectOnePulseMode), (18 bytes).
    Removing stm32f4xx_tim.o(i.TIM_SelectOutputTrigger), (18 bytes).
    Removing stm32f4xx_tim.o(i.TIM_SelectSlaveMode), (18 bytes).
    Removing stm32f4xx_tim.o(i.TIM_SetAutoreload), (4 bytes).
    Removing stm32f4xx_tim.o(i.TIM_SetClockDivision), (18 bytes).
    Removing stm32f4xx_tim.o(i.TIM_SetCompare1), (4 bytes).
    Removing stm32f4xx_tim.o(i.TIM_SetCompare2), (4 bytes).
    Removing stm32f4xx_tim.o(i.TIM_SetCompare3), (4 bytes).
    Removing stm32f4xx_tim.o(i.TIM_SetCompare4), (4 bytes).
    Removing stm32f4xx_tim.o(i.TIM_SetCounter), (4 bytes).
    Removing stm32f4xx_tim.o(i.TIM_SetIC1Prescaler), (18 bytes).
    Removing stm32f4xx_tim.o(i.TIM_SetIC2Prescaler), (26 bytes).
    Removing stm32f4xx_tim.o(i.TIM_SetIC3Prescaler), (18 bytes).
    Removing stm32f4xx_tim.o(i.TIM_SetIC4Prescaler), (26 bytes).
    Removing stm32f4xx_tim.o(i.TIM_TIxExternalClockConfig), (62 bytes).
    Removing stm32f4xx_tim.o(i.TIM_UpdateDisableConfig), (24 bytes).
    Removing stm32f4xx_tim.o(i.TIM_UpdateRequestConfig), (24 bytes).
    Removing system_stm32f4xx_1.o(.rev16_text), (4 bytes).
    Removing system_stm32f4xx_1.o(.revsh_text), (4 bytes).
    Removing system_stm32f4xx_1.o(.rrx_text), (6 bytes).
    Removing system_stm32f4xx_1.o(i.SystemCoreClockUpdate), (192 bytes).
    Removing system_stm32f4xx_1.o(.constdata), (24 bytes).
    Removing system_stm32f4xx_1.o(.data), (4 bytes).

283 unused section(s) (total 19426 bytes) removed from the image.

==============================================================================

Image Symbol Table

    Local Symbols

    Symbol Name                              Value     Ov Type        Size  Object(Section)

    ../clib/angel/boardlib.s                 0x00000000   Number         0  boardshut.o ABSOLUTE
    ../clib/angel/boardlib.s                 0x00000000   Number         0  boardinit2.o ABSOLUTE
    ../clib/angel/boardlib.s                 0x00000000   Number         0  boardinit3.o ABSOLUTE
    ../clib/angel/boardlib.s                 0x00000000   Number         0  boardinit1.o ABSOLUTE
    ../clib/angel/handlers.s                 0x00000000   Number         0  __scatter_zi.o ABSOLUTE
    ../clib/angel/handlers.s                 0x00000000   Number         0  __scatter_copy.o ABSOLUTE
    ../clib/angel/kernel.s                   0x00000000   Number         0  __rtentry2.o ABSOLUTE
    ../clib/angel/kernel.s                   0x00000000   Number         0  __rtentry4.o ABSOLUTE
    ../clib/angel/kernel.s                   0x00000000   Number         0  rtexit2.o ABSOLUTE
    ../clib/angel/kernel.s                   0x00000000   Number         0  rtexit.o ABSOLUTE
    ../clib/angel/kernel.s                   0x00000000   Number         0  __rtentry.o ABSOLUTE
    ../clib/angel/rt.s                       0x00000000   Number         0  rt_raise.o ABSOLUTE
    ../clib/angel/scatter.s                  0x00000000   Number         0  __scatter.o ABSOLUTE
    ../clib/angel/startup.s                  0x00000000   Number         0  __main.o ABSOLUTE
    ../clib/angel/sys.s                      0x00000000   Number         0  sys_stackheap_outer.o ABSOLUTE
    ../clib/angel/sys.s                      0x00000000   Number         0  libspace.o ABSOLUTE
    ../clib/angel/sys.s                      0x00000000   Number         0  indicate_semi.o ABSOLUTE
    ../clib/angel/sys.s                      0x00000000   Number         0  use_no_semi.o ABSOLUTE
    ../clib/angel/sysapp.c                   0x00000000   Number         0  sys_wrch.o ABSOLUTE
    ../clib/angel/sysapp.c                   0x00000000   Number         0  sys_exit.o ABSOLUTE
    ../clib/angel/sysapp.c                   0x00000000   Number         0  sys_command.o ABSOLUTE
    ../clib/armsys.c                         0x00000000   Number         0  _get_argv_nomalloc.o ABSOLUTE
    ../clib/armsys.c                         0x00000000   Number         0  argv_veneer.o ABSOLUTE
    ../clib/armsys.c                         0x00000000   Number         0  argv_veneer.o ABSOLUTE
    ../clib/armsys.c                         0x00000000   Number         0  no_argv.o ABSOLUTE
    ../clib/heapalloc.c                      0x00000000   Number         0  hrguard.o ABSOLUTE
    ../clib/heapaux.c                        0x00000000   Number         0  heapauxi.o ABSOLUTE
    ../clib/libinit.s                        0x00000000   Number         0  libshutdown2.o ABSOLUTE
    ../clib/libinit.s                        0x00000000   Number         0  libshutdown.o ABSOLUTE
    ../clib/libinit.s                        0x00000000   Number         0  libinit.o ABSOLUTE
    ../clib/libinit.s                        0x00000000   Number         0  libinit2.o ABSOLUTE
    ../clib/signal.c                         0x00000000   Number         0  defsig_abrt_inner.o ABSOLUTE
    ../clib/signal.c                         0x00000000   Number         0  defsig_rtmem_outer.o ABSOLUTE
    ../clib/signal.c                         0x00000000   Number         0  defsig_other.o ABSOLUTE
    ../clib/signal.c                         0x00000000   Number         0  defsig_segv_inner.o ABSOLUTE
    ../clib/signal.c                         0x00000000   Number         0  defsig_cppl_inner.o ABSOLUTE
    ../clib/signal.c                         0x00000000   Number         0  defsig_pvfn_inner.o ABSOLUTE
    ../clib/signal.c                         0x00000000   Number         0  defsig_rtmem_formal.o ABSOLUTE
    ../clib/signal.c                         0x00000000   Number         0  defsig_stak_inner.o ABSOLUTE
    ../clib/signal.c                         0x00000000   Number         0  defsig_rtred_inner.o ABSOLUTE
    ../clib/signal.c                         0x00000000   Number         0  defsig_fpe_inner.o ABSOLUTE
    ../clib/signal.c                         0x00000000   Number         0  defsig_general.o ABSOLUTE
    ../clib/signal.c                         0x00000000   Number         0  __raise.o ABSOLUTE
    ../clib/signal.c                         0x00000000   Number         0  defsig_rtmem_inner.o ABSOLUTE
    ../clib/signal.c                         0x00000000   Number         0  defsig_exit.o ABSOLUTE
    ../clib/signal.s                         0x00000000   Number         0  defsig.o ABSOLUTE
    ../clib/stdlib.c                         0x00000000   Number         0  exit.o ABSOLUTE
    ../fplib/fpinit.s                        0x00000000   Number         0  fpinit.o ABSOLUTE
    RTE\Device\STM32F407VGTx\startup_stm32f407xx.s 0x00000000   Number         0  startup_stm32f407xx.o ABSOLUTE
    RTE\Device\STM32F407VGTx\system_stm32f4xx.c 0x00000000   Number         0  system_stm32f4xx_1.o ABSOLUTE
    RTE\\Device\\STM32F407VGTx\\system_stm32f4xx.c 0x00000000   Number         0  system_stm32f4xx_1.o ABSOLUTE
    dc.s                                     0x00000000   Number         0  dc.o ABSOLUTE
    lib\App_Layer\GUI_cryoTargetController.c 0x00000000   Number         0  gui_cryotargetcontroller.o ABSOLUTE
    lib\App_Layer\main.c                     0x00000000   Number         0  main.o ABSOLUTE
    lib\Func_Layer\GUI.c                     0x00000000   Number         0  gui.o ABSOLUTE
    lib\HW_Layer\CPU.c                       0x00000000   Number         0  cpu.o ABSOLUTE
    lib\HW_Layer\GPIO.c                      0x00000000   Number         0  gpio.o ABSOLUTE
    lib\HW_Layer\LCD_ILI9341.c               0x00000000   Number         0  lcd_ili9341.o ABSOLUTE
    lib\HW_Layer\SPI.c                       0x00000000   Number         0  spi.o ABSOLUTE
    lib\HW_Layer\Timer.c                     0x00000000   Number         0  timer.o ABSOLUTE
    lib\SPL\misc.c                           0x00000000   Number         0  misc.o ABSOLUTE
    lib\SPL\stm32f4xx_gpio.c                 0x00000000   Number         0  stm32f4xx_gpio.o ABSOLUTE
    lib\SPL\stm32f4xx_i2c.c                  0x00000000   Number         0  stm32f4xx_i2c.o ABSOLUTE
    lib\SPL\stm32f4xx_rcc.c                  0x00000000   Number         0  stm32f4xx_rcc.o ABSOLUTE
    lib\SPL\stm32f4xx_spi.c                  0x00000000   Number         0  stm32f4xx_spi.o ABSOLUTE
    lib\SPL\stm32f4xx_syscfg.c               0x00000000   Number         0  stm32f4xx_syscfg.o ABSOLUTE
    lib\SPL\stm32f4xx_tim.c                  0x00000000   Number         0  stm32f4xx_tim.o ABSOLUTE
    lib\\App_Layer\\GUI_cryoTargetController.c 0x00000000   Number         0  gui_cryotargetcontroller.o ABSOLUTE
    lib\\App_Layer\\main.c                   0x00000000   Number         0  main.o ABSOLUTE
    lib\\Func_Layer\\GUI.c                   0x00000000   Number         0  gui.o ABSOLUTE
    lib\\HW_Layer\\CPU.c                     0x00000000   Number         0  cpu.o ABSOLUTE
    lib\\HW_Layer\\GPIO.c                    0x00000000   Number         0  gpio.o ABSOLUTE
    lib\\HW_Layer\\LCD_ILI9341.c             0x00000000   Number         0  lcd_ili9341.o ABSOLUTE
    lib\\HW_Layer\\SPI.c                     0x00000000   Number         0  spi.o ABSOLUTE
    lib\\HW_Layer\\Timer.c                   0x00000000   Number         0  timer.o ABSOLUTE
    lib\\SPL\\misc.c                         0x00000000   Number         0  misc.o ABSOLUTE
    lib\\SPL\\stm32f4xx_gpio.c               0x00000000   Number         0  stm32f4xx_gpio.o ABSOLUTE
    lib\\SPL\\stm32f4xx_i2c.c                0x00000000   Number         0  stm32f4xx_i2c.o ABSOLUTE
    lib\\SPL\\stm32f4xx_rcc.c                0x00000000   Number         0  stm32f4xx_rcc.o ABSOLUTE
    lib\\SPL\\stm32f4xx_spi.c                0x00000000   Number         0  stm32f4xx_spi.o ABSOLUTE
    lib\\SPL\\stm32f4xx_syscfg.c             0x00000000   Number         0  stm32f4xx_syscfg.o ABSOLUTE
    lib\\SPL\\stm32f4xx_tim.c                0x00000000   Number         0  stm32f4xx_tim.o ABSOLUTE
    RESET                                    0x08000000   Section      392  startup_stm32f407xx.o(RESET)
    !!!main                                  0x08000188   Section        8  __main.o(!!!main)
    !!!scatter                               0x08000190   Section       52  __scatter.o(!!!scatter)
    !!handler_copy                           0x080001c4   Section       26  __scatter_copy.o(!!handler_copy)
    !!handler_zi                             0x080001e0   Section       28  __scatter_zi.o(!!handler_zi)
    .ARM.Collect$$libinit$$00000000          0x080001fc   Section        2  libinit.o(.ARM.Collect$$libinit$$00000000)
    .ARM.Collect$$libinit$$00000001          0x080001fe   Section        4  libinit2.o(.ARM.Collect$$libinit$$00000001)
    .ARM.Collect$$libinit$$00000004          0x08000202   Section        0  libinit2.o(.ARM.Collect$$libinit$$00000004)
    .ARM.Collect$$libinit$$0000000A          0x08000202   Section        0  libinit2.o(.ARM.Collect$$libinit$$0000000A)
    .ARM.Collect$$libinit$$0000000C          0x08000202   Section        0  libinit2.o(.ARM.Collect$$libinit$$0000000C)
    .ARM.Collect$$libinit$$0000000E          0x08000202   Section        0  libinit2.o(.ARM.Collect$$libinit$$0000000E)
    .ARM.Collect$$libinit$$00000011          0x08000202   Section        0  libinit2.o(.ARM.Collect$$libinit$$00000011)
    .ARM.Collect$$libinit$$00000013          0x08000202   Section        0  libinit2.o(.ARM.Collect$$libinit$$00000013)
    .ARM.Collect$$libinit$$00000015          0x08000202   Section        0  libinit2.o(.ARM.Collect$$libinit$$00000015)
    .ARM.Collect$$libinit$$00000017          0x08000202   Section        0  libinit2.o(.ARM.Collect$$libinit$$00000017)
    .ARM.Collect$$libinit$$00000019          0x08000202   Section        0  libinit2.o(.ARM.Collect$$libinit$$00000019)
    .ARM.Collect$$libinit$$0000001B          0x08000202   Section        0  libinit2.o(.ARM.Collect$$libinit$$0000001B)
    .ARM.Collect$$libinit$$0000001D          0x08000202   Section        0  libinit2.o(.ARM.Collect$$libinit$$0000001D)
    .ARM.Collect$$libinit$$0000001F          0x08000202   Section        0  libinit2.o(.ARM.Collect$$libinit$$0000001F)
    .ARM.Collect$$libinit$$00000021          0x08000202   Section        0  libinit2.o(.ARM.Collect$$libinit$$00000021)
    .ARM.Collect$$libinit$$00000023          0x08000202   Section        0  libinit2.o(.ARM.Collect$$libinit$$00000023)
    .ARM.Collect$$libinit$$00000025          0x08000202   Section        0  libinit2.o(.ARM.Collect$$libinit$$00000025)
    .ARM.Collect$$libinit$$0000002C          0x08000202   Section        0  libinit2.o(.ARM.Collect$$libinit$$0000002C)
    .ARM.Collect$$libinit$$0000002E          0x08000202   Section        0  libinit2.o(.ARM.Collect$$libinit$$0000002E)
    .ARM.Collect$$libinit$$00000030          0x08000202   Section        0  libinit2.o(.ARM.Collect$$libinit$$00000030)
    .ARM.Collect$$libinit$$00000032          0x08000202   Section        0  libinit2.o(.ARM.Collect$$libinit$$00000032)
    .ARM.Collect$$libinit$$00000033          0x08000202   Section        2  libinit2.o(.ARM.Collect$$libinit$$00000033)
    .ARM.Collect$$libshutdown$$00000000      0x08000204   Section        2  libshutdown.o(.ARM.Collect$$libshutdown$$00000000)
    .ARM.Collect$$libshutdown$$00000002      0x08000206   Section        0  libshutdown2.o(.ARM.Collect$$libshutdown$$00000002)
    .ARM.Collect$$libshutdown$$00000004      0x08000206   Section        0  libshutdown2.o(.ARM.Collect$$libshutdown$$00000004)
    .ARM.Collect$$libshutdown$$00000006      0x08000206   Section        0  libshutdown2.o(.ARM.Collect$$libshutdown$$00000006)
    .ARM.Collect$$libshutdown$$00000009      0x08000206   Section        0  libshutdown2.o(.ARM.Collect$$libshutdown$$00000009)
    .ARM.Collect$$libshutdown$$0000000C      0x08000206   Section        0  libshutdown2.o(.ARM.Collect$$libshutdown$$0000000C)
    .ARM.Collect$$libshutdown$$0000000E      0x08000206   Section        0  libshutdown2.o(.ARM.Collect$$libshutdown$$0000000E)
    .ARM.Collect$$libshutdown$$00000011      0x08000206   Section        0  libshutdown2.o(.ARM.Collect$$libshutdown$$00000011)
    .ARM.Collect$$libshutdown$$00000012      0x08000206   Section        2  libshutdown2.o(.ARM.Collect$$libshutdown$$00000012)
    .ARM.Collect$$rtentry$$00000000          0x08000208   Section        0  __rtentry.o(.ARM.Collect$$rtentry$$00000000)
    .ARM.Collect$$rtentry$$00000002          0x08000208   Section        0  __rtentry2.o(.ARM.Collect$$rtentry$$00000002)
    .ARM.Collect$$rtentry$$00000004          0x08000208   Section        6  __rtentry4.o(.ARM.Collect$$rtentry$$00000004)
    .ARM.Collect$$rtentry$$00000009          0x0800020e   Section        0  __rtentry2.o(.ARM.Collect$$rtentry$$00000009)
    .ARM.Collect$$rtentry$$0000000A          0x0800020e   Section        4  __rtentry2.o(.ARM.Collect$$rtentry$$0000000A)
    .ARM.Collect$$rtentry$$0000000C          0x08000212   Section        0  __rtentry2.o(.ARM.Collect$$rtentry$$0000000C)
    .ARM.Collect$$rtentry$$0000000D          0x08000212   Section        8  __rtentry2.o(.ARM.Collect$$rtentry$$0000000D)
    .ARM.Collect$$rtexit$$00000000           0x0800021a   Section        2  rtexit.o(.ARM.Collect$$rtexit$$00000000)
    .ARM.Collect$$rtexit$$00000002           0x0800021c   Section        0  rtexit2.o(.ARM.Collect$$rtexit$$00000002)
    .ARM.Collect$$rtexit$$00000003           0x0800021c   Section        4  rtexit2.o(.ARM.Collect$$rtexit$$00000003)
    .ARM.Collect$$rtexit$$00000004           0x08000220   Section        6  rtexit2.o(.ARM.Collect$$rtexit$$00000004)
    .text                                    0x08000228   Section       64  startup_stm32f407xx.o(.text)
    $v0                                      0x08000228   Number         0  startup_stm32f407xx.o(.text)
    .text                                    0x08000268   Section        0  heapauxi.o(.text)
    .text                                    0x0800026e   Section       74  sys_stackheap_outer.o(.text)
    .text                                    0x080002b8   Section        0  exit.o(.text)
    .text                                    0x080002cc   Section        8  libspace.o(.text)
    .text                                    0x080002d4   Section        0  sys_exit.o(.text)
    .text                                    0x080002e0   Section        2  use_no_semi.o(.text)
    .text                                    0x080002e2   Section        0  indicate_semi.o(.text)
    i.CPU_init                               0x080002e2   Section        0  cpu.o(i.CPU_init)
    i.GPIO_Init                              0x080002ee   Section        0  stm32f4xx_gpio.o(i.GPIO_Init)
    i.GPIO_PinAFConfig                       0x0800037e   Section        0  stm32f4xx_gpio.o(i.GPIO_PinAFConfig)
    i.GPIO_ResetBits                         0x080003c4   Section        0  stm32f4xx_gpio.o(i.GPIO_ResetBits)
    i.GPIO_SetBits                           0x080003c8   Section        0  stm32f4xx_gpio.o(i.GPIO_SetBits)
    i.GPIO_StructInit                        0x080003cc   Section        0  stm32f4xx_gpio.o(i.GPIO_StructInit)
    i.GPIO_gpiSetup                          0x080003de   Section        0  gpio.o(i.GPIO_gpiSetup)
    i.GPIO_gpoSetup                          0x080003e0   Section        0  gpio.o(i.GPIO_gpoSetup)
    i.GPIO_i2c1Setup                         0x08000424   Section        0  gpio.o(i.GPIO_i2c1Setup)
    i.GPIO_setup                             0x08000426   Section        0  gpio.o(i.GPIO_setup)
    i.GPIO_spi3Setup                         0x0800043c   Section        0  gpio.o(i.GPIO_spi3Setup)
    i.GUI_CTC_buttonStateClick               0x080004a0   Section        0  gui_cryotargetcontroller.o(i.GUI_CTC_buttonStateClick)
    i.GUI_CTC_buttonTMinusClick              0x08000508   Section        0  gui_cryotargetcontroller.o(i.GUI_CTC_buttonTMinusClick)
    i.GUI_CTC_buttonTMinusDraw               0x08000534   Section        0  gui_cryotargetcontroller.o(i.GUI_CTC_buttonTMinusDraw)
    i.GUI_CTC_buttonTMinusReturnColor        0x0800055c   Section        0  gui_cryotargetcontroller.o(i.GUI_CTC_buttonTMinusReturnColor)
    i.GUI_CTC_buttonTPlusClick               0x08000580   Section        0  gui_cryotargetcontroller.o(i.GUI_CTC_buttonTPlusClick)
    i.GUI_CTC_buttonTPlusDraw                0x080005ac   Section        0  gui_cryotargetcontroller.o(i.GUI_CTC_buttonTPlusDraw)
    i.GUI_CTC_buttonTPlusReturnColor         0x080005ec   Section        0  gui_cryotargetcontroller.o(i.GUI_CTC_buttonTPlusReturnColor)
    i.GUI_CTC_init                           0x08000610   Section        0  gui_cryotargetcontroller.o(i.GUI_CTC_init)
    i.GUI_CTC_labelState                     0x08000b54   Section        0  gui_cryotargetcontroller.o(i.GUI_CTC_labelState)
    i.GUI_CTC_labelTSetNum                   0x08000b98   Section        0  gui_cryotargetcontroller.o(i.GUI_CTC_labelTSetNum)
    i.GUI_CTC_objAction                      0x08000bb4   Section        0  gui_cryotargetcontroller.o(i.GUI_CTC_objAction)
    i.GUI_buttonChangeMainColor              0x08000bc0   Section        0  gui.o(i.GUI_buttonChangeMainColor)
    i.GUI_buttonChangeText                   0x08000c60   Section        0  gui.o(i.GUI_buttonChangeText)
    i.GUI_createButton                       0x08000d4c   Section        0  gui.o(i.GUI_createButton)
    i.GUI_createLabel                        0x08000edc   Section        0  gui.o(i.GUI_createLabel)
    i.GUI_drawFilledFrame                    0x0800103c   Section        0  gui.o(i.GUI_drawFilledFrame)
    i.GUI_drawFrame                          0x080010b0   Section        0  gui.o(i.GUI_drawFrame)
    i.GUI_floatToStr                         0x0800110e   Section        0  gui.o(i.GUI_floatToStr)
    i.GUI_intToStr                           0x080011c6   Section        0  gui.o(i.GUI_intToStr)
    i.GUI_labelChangeMainColor               0x08001240   Section        0  gui.o(i.GUI_labelChangeMainColor)
    i.GUI_labelChangeText                    0x080012e0   Section        0  gui.o(i.GUI_labelChangeText)
    i.GUI_objSetHandlerFunc                  0x080013cc   Section        0  gui.o(i.GUI_objSetHandlerFunc)
    i.GUI_objectListReset                    0x080013d8   Section        0  gui.o(i.GUI_objectListReset)
    i.LCD_drawFilledRectangle                0x080013ec   Section        0  lcd_ili9341.o(i.LCD_drawFilledRectangle)
    i.LCD_drawPixel                          0x08001472   Section        0  lcd_ili9341.o(i.LCD_drawPixel)
    i.LCD_fill                               0x080014a2   Section        0  lcd_ili9341.o(i.LCD_fill)
    i.LCD_init                               0x080014dc   Section        0  lcd_ili9341.o(i.LCD_init)
    i.LCD_printChar                          0x0800173c   Section        0  lcd_ili9341.o(i.LCD_printChar)
    i.LCD_printString                        0x080017f4   Section        0  lcd_ili9341.o(i.LCD_printString)
    i.LCD_sendCommand                        0x08001874   Section        0  lcd_ili9341.o(i.LCD_sendCommand)
    i.LCD_sendData                           0x080018a8   Section        0  lcd_ili9341.o(i.LCD_sendData)
    i.LCD_setCursorPosition                  0x080018dc   Section        0  lcd_ili9341.o(i.LCD_setCursorPosition)
    i.RCC_AHB1PeriphClockCmd                 0x08001928   Section        0  stm32f4xx_rcc.o(i.RCC_AHB1PeriphClockCmd)
    i.RCC_APB1PeriphClockCmd                 0x08001948   Section        0  stm32f4xx_rcc.o(i.RCC_APB1PeriphClockCmd)
    i.RCC_APB1PeriphResetCmd                 0x08001968   Section        0  stm32f4xx_rcc.o(i.RCC_APB1PeriphResetCmd)
    i.RCC_APB2PeriphResetCmd                 0x08001988   Section        0  stm32f4xx_rcc.o(i.RCC_APB2PeriphResetCmd)
    i.SPI3_init                              0x080019a8   Section        0  spi.o(i.SPI3_init)
    i.SPI3_reset                             0x08001a04   Section        0  spi.o(i.SPI3_reset)
    i.SPI3_sendData                          0x08001a14   Section        0  spi.o(i.SPI3_sendData)
    i.SPI_Cmd                                0x08001a48   Section        0  stm32f4xx_spi.o(i.SPI_Cmd)
    i.SPI_I2S_DeInit                         0x08001a60   Section        0  stm32f4xx_spi.o(i.SPI_I2S_DeInit)
    i.SPI_I2S_SendData                       0x08001b10   Section        0  stm32f4xx_spi.o(i.SPI_I2S_SendData)
    i.SPI_Init                               0x08001b14   Section        0  stm32f4xx_spi.o(i.SPI_Init)
    i.SPI_NSSInternalSoftwareConfig          0x08001b50   Section        0  stm32f4xx_spi.o(i.SPI_NSSInternalSoftwareConfig)
    i.SPI_StructInit                         0x08001b6e   Section        0  stm32f4xx_spi.o(i.SPI_StructInit)
    i.SystemInit                             0x08001b88   Section        0  system_stm32f4xx_1.o(i.SystemInit)
    i.TIM6_DAC_IRQHandler                    0x08001ba4   Section        0  timer.o(i.TIM6_DAC_IRQHandler)
    i.TIM6_DAC_Init                          0x08001bd4   Section        0  timer.o(i.TIM6_DAC_Init)
    i.TIM_ClearITPendingBit                  0x08001c20   Section        0  stm32f4xx_tim.o(i.TIM_ClearITPendingBit)
    i.TIM_Cmd                                0x08001c26   Section        0  stm32f4xx_tim.o(i.TIM_Cmd)
    i.TIM_GetITStatus                        0x08001c3e   Section        0  stm32f4xx_tim.o(i.TIM_GetITStatus)
    i.TIM_ITConfig                           0x08001c60   Section        0  stm32f4xx_tim.o(i.TIM_ITConfig)
    i.TIM_TimeBaseInit                       0x08001c74   Section        0  stm32f4xx_tim.o(i.TIM_TimeBaseInit)
    i.TIM_TimeBaseStructInit                 0x08001cf8   Section        0  stm32f4xx_tim.o(i.TIM_TimeBaseStructInit)
    i.clockSetup                             0x08001d0c   Section        0  cpu.o(i.clockSetup)
    i.delay_ms                               0x08001de0   Section        0  timer.o(i.delay_ms)
    i.main                                   0x08001df4   Section        0  main.o(i.main)
    i.periphClockSetup                       0x08001f7c   Section        0  cpu.o(i.periphClockSetup)
    x$fpl$fpinit                             0x08001fb8   Section       10  fpinit.o(x$fpl$fpinit)
    $v0                                      0x08001fb8   Number         0  fpinit.o(x$fpl$fpinit)
    .constdata                               0x08001fc2   Section     1712  gui_cryotargetcontroller.o(.constdata)
    impact_18ptBitmapsNum                    0x08001fc2   Data         309  gui_cryotargetcontroller.o(.constdata)
    impact_18ptDescriptorsNum                0x080020f8   Data          78  gui_cryotargetcontroller.o(.constdata)
    impact_18ptBitmaps                       0x08002146   Data         981  gui_cryotargetcontroller.o(.constdata)
    impact_18ptDescriptors                   0x0800251c   Data         342  gui_cryotargetcontroller.o(.constdata)
    .constdata                               0x08002672   Section     1712  lcd_ili9341.o(.constdata)
    impact_18ptBitmapsNum                    0x08002672   Data         309  lcd_ili9341.o(.constdata)
    impact_18ptDescriptorsNum                0x080027a8   Data          78  lcd_ili9341.o(.constdata)
    impact_18ptBitmaps                       0x080027f6   Data         981  lcd_ili9341.o(.constdata)
    impact_18ptDescriptors                   0x08002bcc   Data         342  lcd_ili9341.o(.constdata)
    .data                                    0x20000000   Section       10  gui_cryotargetcontroller.o(.data)
    .data                                    0x2000000c   Section        5  timer.o(.data)
    .bss                                     0x20000014   Section      964  gui.o(.bss)
    .bss                                     0x200003d8   Section       96  libspace.o(.bss)
    HEAP                                     0x20000438   Section      512  startup_stm32f407xx.o(HEAP)
    Heap_Mem                                 0x20000438   Data         512  startup_stm32f407xx.o(HEAP)
    STACK                                    0x20000638   Section     1024  startup_stm32f407xx.o(STACK)
    Stack_Mem                                0x20000638   Data        1024  startup_stm32f407xx.o(STACK)
    __initial_sp                             0x20000a38   Data           0  startup_stm32f407xx.o(STACK)

    Global Symbols

    Symbol Name                              Value     Ov Type        Size  Object(Section)

    BuildAttributes$$THM_ISAv4$E$P$D$K$B$S$7EM$VFPi3$EXTD16$VFPS$VFMA$PE$A:L22UL41UL21$X:L11$S22US41US21$IEEE1$IW$USESV6$~STKCKD$USESV7$~SHL$OSPACE$ROPI$EBA8$UX$STANDARDLIB$REQ8$PRES8$EABIv2 0x00000000   Number         0  anon$$obj.o ABSOLUTE
    __ARM_use_no_argv                        0x00000000   Number         0  main.o ABSOLUTE
    __ARM_exceptions_init                     - Undefined Weak Reference
    __alloca_initialize                       - Undefined Weak Reference
    __arm_fini_                               - Undefined Weak Reference
    __arm_preinit_                            - Undefined Weak Reference
    __cpp_initialize__aeabi_                  - Undefined Weak Reference
    __cxa_finalize                            - Undefined Weak Reference
    __rt_locale                               - Undefined Weak Reference
    __sigvec_lookup                           - Undefined Weak Reference
    _atexit_init                              - Undefined Weak Reference
    _call_atexit_fns                          - Undefined Weak Reference
    _clock_init                               - Undefined Weak Reference
    _fp_trap_init                             - Undefined Weak Reference
    _fp_trap_shutdown                         - Undefined Weak Reference
    _get_lc_collate                           - Undefined Weak Reference
    _get_lc_ctype                             - Undefined Weak Reference
    _get_lc_monetary                          - Undefined Weak Reference
    _get_lc_numeric                           - Undefined Weak Reference
    _get_lc_time                              - Undefined Weak Reference
    _getenv_init                              - Undefined Weak Reference
    _handle_redirection                       - Undefined Weak Reference
    _init_alloc                               - Undefined Weak Reference
    _init_user_alloc                          - Undefined Weak Reference
    _initio                                   - Undefined Weak Reference
    _rand_init                                - Undefined Weak Reference
    _signal_finish                            - Undefined Weak Reference
    _signal_init                              - Undefined Weak Reference
    _terminate_alloc                          - Undefined Weak Reference
    _terminate_user_alloc                     - Undefined Weak Reference
    _terminateio                              - Undefined Weak Reference
    __Vectors_Size                           0x00000188   Number         0  startup_stm32f407xx.o ABSOLUTE
    __Vectors                                0x08000000   Data           4  startup_stm32f407xx.o(RESET)
    __Vectors_End                            0x08000188   Data           0  startup_stm32f407xx.o(RESET)
    __main                                   0x08000189   Thumb Code     8  __main.o(!!!main)
    __scatterload                            0x08000191   Thumb Code     0  __scatter.o(!!!scatter)
    __scatterload_rt2                        0x08000191   Thumb Code    44  __scatter.o(!!!scatter)
    __scatterload_rt2_thumb_only             0x08000191   Thumb Code     0  __scatter.o(!!!scatter)
    __scatterload_null                       0x0800019f   Thumb Code     0  __scatter.o(!!!scatter)
    __scatterload_copy                       0x080001c5   Thumb Code    26  __scatter_copy.o(!!handler_copy)
    __scatterload_zeroinit                   0x080001e1   Thumb Code    28  __scatter_zi.o(!!handler_zi)
    __rt_lib_init                            0x080001fd   Thumb Code     0  libinit.o(.ARM.Collect$$libinit$$00000000)
    __rt_lib_init_fp_1                       0x080001ff   Thumb Code     0  libinit2.o(.ARM.Collect$$libinit$$00000001)
    __rt_lib_init_alloca_1                   0x08000203   Thumb Code     0  libinit2.o(.ARM.Collect$$libinit$$0000002E)
    __rt_lib_init_argv_1                     0x08000203   Thumb Code     0  libinit2.o(.ARM.Collect$$libinit$$0000002C)
    __rt_lib_init_atexit_1                   0x08000203   Thumb Code     0  libinit2.o(.ARM.Collect$$libinit$$0000001B)
    __rt_lib_init_clock_1                    0x08000203   Thumb Code     0  libinit2.o(.ARM.Collect$$libinit$$00000021)
    __rt_lib_init_cpp_1                      0x08000203   Thumb Code     0  libinit2.o(.ARM.Collect$$libinit$$00000032)
    __rt_lib_init_exceptions_1               0x08000203   Thumb Code     0  libinit2.o(.ARM.Collect$$libinit$$00000030)
    __rt_lib_init_fp_trap_1                  0x08000203   Thumb Code     0  libinit2.o(.ARM.Collect$$libinit$$0000001F)
    __rt_lib_init_getenv_1                   0x08000203   Thumb Code     0  libinit2.o(.ARM.Collect$$libinit$$00000023)
    __rt_lib_init_heap_1                     0x08000203   Thumb Code     0  libinit2.o(.ARM.Collect$$libinit$$0000000A)
    __rt_lib_init_lc_collate_1               0x08000203   Thumb Code     0  libinit2.o(.ARM.Collect$$libinit$$00000011)
    __rt_lib_init_lc_ctype_1                 0x08000203   Thumb Code     0  libinit2.o(.ARM.Collect$$libinit$$00000013)
    __rt_lib_init_lc_monetary_1              0x08000203   Thumb Code     0  libinit2.o(.ARM.Collect$$libinit$$00000015)
    __rt_lib_init_lc_numeric_1               0x08000203   Thumb Code     0  libinit2.o(.ARM.Collect$$libinit$$00000017)
    __rt_lib_init_lc_time_1                  0x08000203   Thumb Code     0  libinit2.o(.ARM.Collect$$libinit$$00000019)
    __rt_lib_init_preinit_1                  0x08000203   Thumb Code     0  libinit2.o(.ARM.Collect$$libinit$$00000004)
    __rt_lib_init_rand_1                     0x08000203   Thumb Code     0  libinit2.o(.ARM.Collect$$libinit$$0000000E)
    __rt_lib_init_return                     0x08000203   Thumb Code     0  libinit2.o(.ARM.Collect$$libinit$$00000033)
    __rt_lib_init_signal_1                   0x08000203   Thumb Code     0  libinit2.o(.ARM.Collect$$libinit$$0000001D)
    __rt_lib_init_stdio_1                    0x08000203   Thumb Code     0  libinit2.o(.ARM.Collect$$libinit$$00000025)
    __rt_lib_init_user_alloc_1               0x08000203   Thumb Code     0  libinit2.o(.ARM.Collect$$libinit$$0000000C)
    __rt_lib_shutdown                        0x08000205   Thumb Code     0  libshutdown.o(.ARM.Collect$$libshutdown$$00000000)
    __rt_lib_shutdown_cpp_1                  0x08000207   Thumb Code     0  libshutdown2.o(.ARM.Collect$$libshutdown$$00000004)
    __rt_lib_shutdown_fini_1                 0x08000207   Thumb Code     0  libshutdown2.o(.ARM.Collect$$libshutdown$$00000002)
    __rt_lib_shutdown_fp_trap_1              0x08000207   Thumb Code     0  libshutdown2.o(.ARM.Collect$$libshutdown$$00000009)
    __rt_lib_shutdown_heap_1                 0x08000207   Thumb Code     0  libshutdown2.o(.ARM.Collect$$libshutdown$$00000011)
    __rt_lib_shutdown_return                 0x08000207   Thumb Code     0  libshutdown2.o(.ARM.Collect$$libshutdown$$00000012)
    __rt_lib_shutdown_signal_1               0x08000207   Thumb Code     0  libshutdown2.o(.ARM.Collect$$libshutdown$$0000000C)
    __rt_lib_shutdown_stdio_1                0x08000207   Thumb Code     0  libshutdown2.o(.ARM.Collect$$libshutdown$$00000006)
    __rt_lib_shutdown_user_alloc_1           0x08000207   Thumb Code     0  libshutdown2.o(.ARM.Collect$$libshutdown$$0000000E)
    __rt_entry                               0x08000209   Thumb Code     0  __rtentry.o(.ARM.Collect$$rtentry$$00000000)
    __rt_entry_presh_1                       0x08000209   Thumb Code     0  __rtentry2.o(.ARM.Collect$$rtentry$$00000002)
    __rt_entry_sh                            0x08000209   Thumb Code     0  __rtentry4.o(.ARM.Collect$$rtentry$$00000004)
    __rt_entry_li                            0x0800020f   Thumb Code     0  __rtentry2.o(.ARM.Collect$$rtentry$$0000000A)
    __rt_entry_postsh_1                      0x0800020f   Thumb Code     0  __rtentry2.o(.ARM.Collect$$rtentry$$00000009)
    __rt_entry_main                          0x08000213   Thumb Code     0  __rtentry2.o(.ARM.Collect$$rtentry$$0000000D)
    __rt_entry_postli_1                      0x08000213   Thumb Code     0  __rtentry2.o(.ARM.Collect$$rtentry$$0000000C)
    __rt_exit                                0x0800021b   Thumb Code     0  rtexit.o(.ARM.Collect$$rtexit$$00000000)
    __rt_exit_ls                             0x0800021d   Thumb Code     0  rtexit2.o(.ARM.Collect$$rtexit$$00000003)
    __rt_exit_prels_1                        0x0800021d   Thumb Code     0  rtexit2.o(.ARM.Collect$$rtexit$$00000002)
    __rt_exit_exit                           0x08000221   Thumb Code     0  rtexit2.o(.ARM.Collect$$rtexit$$00000004)
    Reset_Handler                            0x08000229   Thumb Code     8  startup_stm32f407xx.o(.text)
    NMI_Handler                              0x08000231   Thumb Code     2  startup_stm32f407xx.o(.text)
    HardFault_Handler                        0x08000233   Thumb Code     2  startup_stm32f407xx.o(.text)
    MemManage_Handler                        0x08000235   Thumb Code     2  startup_stm32f407xx.o(.text)
    BusFault_Handler                         0x08000237   Thumb Code     2  startup_stm32f407xx.o(.text)
    UsageFault_Handler                       0x08000239   Thumb Code     2  startup_stm32f407xx.o(.text)
    SVC_Handler                              0x0800023b   Thumb Code     2  startup_stm32f407xx.o(.text)
    DebugMon_Handler                         0x0800023d   Thumb Code     2  startup_stm32f407xx.o(.text)
    PendSV_Handler                           0x0800023f   Thumb Code     2  startup_stm32f407xx.o(.text)
    SysTick_Handler                          0x08000241   Thumb Code     2  startup_stm32f407xx.o(.text)
    ADC_IRQHandler                           0x08000243   Thumb Code     0  startup_stm32f407xx.o(.text)
    CAN1_RX0_IRQHandler                      0x08000243   Thumb Code     0  startup_stm32f407xx.o(.text)
    CAN1_RX1_IRQHandler                      0x08000243   Thumb Code     0  startup_stm32f407xx.o(.text)
    CAN1_SCE_IRQHandler                      0x08000243   Thumb Code     0  startup_stm32f407xx.o(.text)
    CAN1_TX_IRQHandler                       0x08000243   Thumb Code     0  startup_stm32f407xx.o(.text)
    CAN2_RX0_IRQHandler                      0x08000243   Thumb Code     0  startup_stm32f407xx.o(.text)
    CAN2_RX1_IRQHandler                      0x08000243   Thumb Code     0  startup_stm32f407xx.o(.text)
    CAN2_SCE_IRQHandler                      0x08000243   Thumb Code     0  startup_stm32f407xx.o(.text)
    CAN2_TX_IRQHandler                       0x08000243   Thumb Code     0  startup_stm32f407xx.o(.text)
    DCMI_IRQHandler                          0x08000243   Thumb Code     0  startup_stm32f407xx.o(.text)
    DMA1_Stream0_IRQHandler                  0x08000243   Thumb Code     0  startup_stm32f407xx.o(.text)
    DMA1_Stream1_IRQHandler                  0x08000243   Thumb Code     0  startup_stm32f407xx.o(.text)
    DMA1_Stream2_IRQHandler                  0x08000243   Thumb Code     0  startup_stm32f407xx.o(.text)
    DMA1_Stream3_IRQHandler                  0x08000243   Thumb Code     0  startup_stm32f407xx.o(.text)
    DMA1_Stream4_IRQHandler                  0x08000243   Thumb Code     0  startup_stm32f407xx.o(.text)
    DMA1_Stream5_IRQHandler                  0x08000243   Thumb Code     0  startup_stm32f407xx.o(.text)
    DMA1_Stream6_IRQHandler                  0x08000243   Thumb Code     0  startup_stm32f407xx.o(.text)
    DMA1_Stream7_IRQHandler                  0x08000243   Thumb Code     0  startup_stm32f407xx.o(.text)
    DMA2_Stream0_IRQHandler                  0x08000243   Thumb Code     0  startup_stm32f407xx.o(.text)
    DMA2_Stream1_IRQHandler                  0x08000243   Thumb Code     0  startup_stm32f407xx.o(.text)
    DMA2_Stream2_IRQHandler                  0x08000243   Thumb Code     0  startup_stm32f407xx.o(.text)
    DMA2_Stream3_IRQHandler                  0x08000243   Thumb Code     0  startup_stm32f407xx.o(.text)
    DMA2_Stream4_IRQHandler                  0x08000243   Thumb Code     0  startup_stm32f407xx.o(.text)
    DMA2_Stream5_IRQHandler                  0x08000243   Thumb Code     0  startup_stm32f407xx.o(.text)
    DMA2_Stream6_IRQHandler                  0x08000243   Thumb Code     0  startup_stm32f407xx.o(.text)
    DMA2_Stream7_IRQHandler                  0x08000243   Thumb Code     0  startup_stm32f407xx.o(.text)
    ETH_IRQHandler                           0x08000243   Thumb Code     0  startup_stm32f407xx.o(.text)
    ETH_WKUP_IRQHandler                      0x08000243   Thumb Code     0  startup_stm32f407xx.o(.text)
    EXTI0_IRQHandler                         0x08000243   Thumb Code     0  startup_stm32f407xx.o(.text)
    EXTI15_10_IRQHandler                     0x08000243   Thumb Code     0  startup_stm32f407xx.o(.text)
    EXTI1_IRQHandler                         0x08000243   Thumb Code     0  startup_stm32f407xx.o(.text)
    EXTI2_IRQHandler                         0x08000243   Thumb Code     0  startup_stm32f407xx.o(.text)
    EXTI3_IRQHandler                         0x08000243   Thumb Code     0  startup_stm32f407xx.o(.text)
    EXTI4_IRQHandler                         0x08000243   Thumb Code     0  startup_stm32f407xx.o(.text)
    EXTI9_5_IRQHandler                       0x08000243   Thumb Code     0  startup_stm32f407xx.o(.text)
    FLASH_IRQHandler                         0x08000243   Thumb Code     0  startup_stm32f407xx.o(.text)
    FMC_IRQHandler                           0x08000243   Thumb Code     0  startup_stm32f407xx.o(.text)
    FPU_IRQHandler                           0x08000243   Thumb Code     0  startup_stm32f407xx.o(.text)
    HASH_RNG_IRQHandler                      0x08000243   Thumb Code     0  startup_stm32f407xx.o(.text)
    I2C1_ER_IRQHandler                       0x08000243   Thumb Code     0  startup_stm32f407xx.o(.text)
    I2C1_EV_IRQHandler                       0x08000243   Thumb Code     0  startup_stm32f407xx.o(.text)
    I2C2_ER_IRQHandler                       0x08000243   Thumb Code     0  startup_stm32f407xx.o(.text)
    I2C2_EV_IRQHandler                       0x08000243   Thumb Code     0  startup_stm32f407xx.o(.text)
    I2C3_ER_IRQHandler                       0x08000243   Thumb Code     0  startup_stm32f407xx.o(.text)
    I2C3_EV_IRQHandler                       0x08000243   Thumb Code     0  startup_stm32f407xx.o(.text)
    OTG_FS_IRQHandler                        0x08000243   Thumb Code     0  startup_stm32f407xx.o(.text)
    OTG_FS_WKUP_IRQHandler                   0x08000243   Thumb Code     0  startup_stm32f407xx.o(.text)
    OTG_HS_EP1_IN_IRQHandler                 0x08000243   Thumb Code     0  startup_stm32f407xx.o(.text)
    OTG_HS_EP1_OUT_IRQHandler                0x08000243   Thumb Code     0  startup_stm32f407xx.o(.text)
    OTG_HS_IRQHandler                        0x08000243   Thumb Code     0  startup_stm32f407xx.o(.text)
    OTG_HS_WKUP_IRQHandler                   0x08000243   Thumb Code     0  startup_stm32f407xx.o(.text)
    PVD_IRQHandler                           0x08000243   Thumb Code     0  startup_stm32f407xx.o(.text)
    RCC_IRQHandler                           0x08000243   Thumb Code     0  startup_stm32f407xx.o(.text)
    RTC_Alarm_IRQHandler                     0x08000243   Thumb Code     0  startup_stm32f407xx.o(.text)
    RTC_WKUP_IRQHandler                      0x08000243   Thumb Code     0  startup_stm32f407xx.o(.text)
    SDIO_IRQHandler                          0x08000243   Thumb Code     0  startup_stm32f407xx.o(.text)
    SPI1_IRQHandler                          0x08000243   Thumb Code     0  startup_stm32f407xx.o(.text)
    SPI2_IRQHandler                          0x08000243   Thumb Code     0  startup_stm32f407xx.o(.text)
    SPI3_IRQHandler                          0x08000243   Thumb Code     0  startup_stm32f407xx.o(.text)
    TAMP_STAMP_IRQHandler                    0x08000243   Thumb Code     0  startup_stm32f407xx.o(.text)
    TIM1_BRK_TIM9_IRQHandler                 0x08000243   Thumb Code     0  startup_stm32f407xx.o(.text)
    TIM1_CC_IRQHandler                       0x08000243   Thumb Code     0  startup_stm32f407xx.o(.text)
    TIM1_TRG_COM_TIM11_IRQHandler            0x08000243   Thumb Code     0  startup_stm32f407xx.o(.text)
    TIM1_UP_TIM10_IRQHandler                 0x08000243   Thumb Code     0  startup_stm32f407xx.o(.text)
    TIM2_IRQHandler                          0x08000243   Thumb Code     0  startup_stm32f407xx.o(.text)
    TIM3_IRQHandler                          0x08000243   Thumb Code     0  startup_stm32f407xx.o(.text)
    TIM4_IRQHandler                          0x08000243   Thumb Code     0  startup_stm32f407xx.o(.text)
    TIM5_IRQHandler                          0x08000243   Thumb Code     0  startup_stm32f407xx.o(.text)
    TIM7_IRQHandler                          0x08000243   Thumb Code     0  startup_stm32f407xx.o(.text)
    TIM8_BRK_TIM12_IRQHandler                0x08000243   Thumb Code     0  startup_stm32f407xx.o(.text)
    TIM8_CC_IRQHandler                       0x08000243   Thumb Code     0  startup_stm32f407xx.o(.text)
    TIM8_TRG_COM_TIM14_IRQHandler            0x08000243   Thumb Code     0  startup_stm32f407xx.o(.text)
    TIM8_UP_TIM13_IRQHandler                 0x08000243   Thumb Code     0  startup_stm32f407xx.o(.text)
    UART4_IRQHandler                         0x08000243   Thumb Code     0  startup_stm32f407xx.o(.text)
    UART5_IRQHandler                         0x08000243   Thumb Code     0  startup_stm32f407xx.o(.text)
    USART1_IRQHandler                        0x08000243   Thumb Code     0  startup_stm32f407xx.o(.text)
    USART2_IRQHandler                        0x08000243   Thumb Code     0  startup_stm32f407xx.o(.text)
    USART3_IRQHandler                        0x08000243   Thumb Code     0  startup_stm32f407xx.o(.text)
    USART6_IRQHandler                        0x08000243   Thumb Code     0  startup_stm32f407xx.o(.text)
    WWDG_IRQHandler                          0x08000243   Thumb Code     0  startup_stm32f407xx.o(.text)
    __user_initial_stackheap                 0x08000245   Thumb Code     0  startup_stm32f407xx.o(.text)
    __use_two_region_memory                  0x08000269   Thumb Code     2  heapauxi.o(.text)
    __rt_heap_escrow$2region                 0x0800026b   Thumb Code     2  heapauxi.o(.text)
    __rt_heap_expand$2region                 0x0800026d   Thumb Code     2  heapauxi.o(.text)
    __user_setup_stackheap                   0x0800026f   Thumb Code    74  sys_stackheap_outer.o(.text)
    exit                                     0x080002b9   Thumb Code    18  exit.o(.text)
    __user_libspace                          0x080002cd   Thumb Code     8  libspace.o(.text)
    __user_perproc_libspace                  0x080002cd   Thumb Code     0  libspace.o(.text)
    __user_perthread_libspace                0x080002cd   Thumb Code     0  libspace.o(.text)
    _sys_exit                                0x080002d5   Thumb Code     8  sys_exit.o(.text)
    __I$use$semihosting                      0x080002e1   Thumb Code     0  use_no_semi.o(.text)
    __use_no_semihosting_swi                 0x080002e1   Thumb Code     2  use_no_semi.o(.text)
    CPU_init                                 0x080002e3   Thumb Code    12  cpu.o(i.CPU_init)
    __semihosting_library_function           0x080002e3   Thumb Code     0  indicate_semi.o(.text)
    GPIO_Init                                0x080002ef   Thumb Code   144  stm32f4xx_gpio.o(i.GPIO_Init)
    GPIO_PinAFConfig                         0x0800037f   Thumb Code    70  stm32f4xx_gpio.o(i.GPIO_PinAFConfig)
    GPIO_ResetBits                           0x080003c5   Thumb Code     4  stm32f4xx_gpio.o(i.GPIO_ResetBits)
    GPIO_SetBits                             0x080003c9   Thumb Code     4  stm32f4xx_gpio.o(i.GPIO_SetBits)
    GPIO_StructInit                          0x080003cd   Thumb Code    18  stm32f4xx_gpio.o(i.GPIO_StructInit)
    GPIO_gpiSetup                            0x080003df   Thumb Code     2  gpio.o(i.GPIO_gpiSetup)
    GPIO_gpoSetup                            0x080003e1   Thumb Code    58  gpio.o(i.GPIO_gpoSetup)
    GPIO_i2c1Setup                           0x08000425   Thumb Code     2  gpio.o(i.GPIO_i2c1Setup)
    GPIO_setup                               0x08000427   Thumb Code    20  gpio.o(i.GPIO_setup)
    GPIO_spi3Setup                           0x0800043d   Thumb Code    92  gpio.o(i.GPIO_spi3Setup)
    GUI_CTC_buttonStateClick                 0x080004a1   Thumb Code    86  gui_cryotargetcontroller.o(i.GUI_CTC_buttonStateClick)
    GUI_CTC_buttonTMinusClick                0x08000509   Thumb Code    34  gui_cryotargetcontroller.o(i.GUI_CTC_buttonTMinusClick)
    GUI_CTC_buttonTMinusDraw                 0x08000535   Thumb Code    38  gui_cryotargetcontroller.o(i.GUI_CTC_buttonTMinusDraw)
    GUI_CTC_buttonTMinusReturnColor          0x0800055d   Thumb Code    32  gui_cryotargetcontroller.o(i.GUI_CTC_buttonTMinusReturnColor)
    GUI_CTC_buttonTPlusClick                 0x08000581   Thumb Code    34  gui_cryotargetcontroller.o(i.GUI_CTC_buttonTPlusClick)
    GUI_CTC_buttonTPlusDraw                  0x080005ad   Thumb Code    62  gui_cryotargetcontroller.o(i.GUI_CTC_buttonTPlusDraw)
    GUI_CTC_buttonTPlusReturnColor           0x080005ed   Thumb Code    32  gui_cryotargetcontroller.o(i.GUI_CTC_buttonTPlusReturnColor)
    GUI_CTC_init                             0x08000611   Thumb Code  1322  gui_cryotargetcontroller.o(i.GUI_CTC_init)
    GUI_CTC_labelState                       0x08000b55   Thumb Code    52  gui_cryotargetcontroller.o(i.GUI_CTC_labelState)
    GUI_CTC_labelTSetNum                     0x08000b99   Thumb Code    28  gui_cryotargetcontroller.o(i.GUI_CTC_labelTSetNum)
    GUI_CTC_objAction                        0x08000bb5   Thumb Code    12  gui_cryotargetcontroller.o(i.GUI_CTC_objAction)
    GUI_buttonChangeMainColor                0x08000bc1   Thumb Code   156  gui.o(i.GUI_buttonChangeMainColor)
    GUI_buttonChangeText                     0x08000c61   Thumb Code   230  gui.o(i.GUI_buttonChangeText)
    GUI_createButton                         0x08000d4d   Thumb Code   392  gui.o(i.GUI_createButton)
    GUI_createLabel                          0x08000edd   Thumb Code   346  gui.o(i.GUI_createLabel)
    GUI_drawFilledFrame                      0x0800103d   Thumb Code   116  gui.o(i.GUI_drawFilledFrame)
    GUI_drawFrame                            0x080010b1   Thumb Code    94  gui.o(i.GUI_drawFrame)
    GUI_floatToStr                           0x0800110f   Thumb Code   184  gui.o(i.GUI_floatToStr)
    GUI_intToStr                             0x080011c7   Thumb Code   120  gui.o(i.GUI_intToStr)
    GUI_labelChangeMainColor                 0x08001241   Thumb Code   156  gui.o(i.GUI_labelChangeMainColor)
    GUI_labelChangeText                      0x080012e1   Thumb Code   230  gui.o(i.GUI_labelChangeText)
    GUI_objSetHandlerFunc                    0x080013cd   Thumb Code     8  gui.o(i.GUI_objSetHandlerFunc)
    GUI_objectListReset                      0x080013d9   Thumb Code    16  gui.o(i.GUI_objectListReset)
    LCD_drawFilledRectangle                  0x080013ed   Thumb Code   134  lcd_ili9341.o(i.LCD_drawFilledRectangle)
    LCD_drawPixel                            0x08001473   Thumb Code    48  lcd_ili9341.o(i.LCD_drawPixel)
    LCD_fill                                 0x080014a3   Thumb Code    58  lcd_ili9341.o(i.LCD_fill)
    LCD_init                                 0x080014dd   Thumb Code   598  lcd_ili9341.o(i.LCD_init)
    LCD_printChar                            0x0800173d   Thumb Code   182  lcd_ili9341.o(i.LCD_printChar)
    LCD_printString                          0x080017f5   Thumb Code   110  lcd_ili9341.o(i.LCD_printString)
    LCD_sendCommand                          0x08001875   Thumb Code    42  lcd_ili9341.o(i.LCD_sendCommand)
    LCD_sendData                             0x080018a9   Thumb Code    42  lcd_ili9341.o(i.LCD_sendData)
    LCD_setCursorPosition                    0x080018dd   Thumb Code    76  lcd_ili9341.o(i.LCD_setCursorPosition)
    RCC_AHB1PeriphClockCmd                   0x08001929   Thumb Code    26  stm32f4xx_rcc.o(i.RCC_AHB1PeriphClockCmd)
    RCC_APB1PeriphClockCmd                   0x08001949   Thumb Code    26  stm32f4xx_rcc.o(i.RCC_APB1PeriphClockCmd)
    RCC_APB1PeriphResetCmd                   0x08001969   Thumb Code    26  stm32f4xx_rcc.o(i.RCC_APB1PeriphResetCmd)
    RCC_APB2PeriphResetCmd                   0x08001989   Thumb Code    26  stm32f4xx_rcc.o(i.RCC_APB2PeriphResetCmd)
    SPI3_init                                0x080019a9   Thumb Code    88  spi.o(i.SPI3_init)
    SPI3_reset                               0x08001a05   Thumb Code    10  spi.o(i.SPI3_reset)
    SPI3_sendData                            0x08001a15   Thumb Code    46  spi.o(i.SPI3_sendData)
    SPI_Cmd                                  0x08001a49   Thumb Code    24  stm32f4xx_spi.o(i.SPI_Cmd)
    SPI_I2S_DeInit                           0x08001a61   Thumb Code   152  stm32f4xx_spi.o(i.SPI_I2S_DeInit)
    SPI_I2S_SendData                         0x08001b11   Thumb Code     4  stm32f4xx_spi.o(i.SPI_I2S_SendData)
    SPI_Init                                 0x08001b15   Thumb Code    60  stm32f4xx_spi.o(i.SPI_Init)
    SPI_NSSInternalSoftwareConfig            0x08001b51   Thumb Code    30  stm32f4xx_spi.o(i.SPI_NSSInternalSoftwareConfig)
    SPI_StructInit                           0x08001b6f   Thumb Code    24  stm32f4xx_spi.o(i.SPI_StructInit)
    SystemInit                               0x08001b89   Thumb Code    24  system_stm32f4xx_1.o(i.SystemInit)
    TIM6_DAC_IRQHandler                      0x08001ba5   Thumb Code    38  timer.o(i.TIM6_DAC_IRQHandler)
    TIM6_DAC_Init                            0x08001bd5   Thumb Code    72  timer.o(i.TIM6_DAC_Init)
    TIM_ClearITPendingBit                    0x08001c21   Thumb Code     6  stm32f4xx_tim.o(i.TIM_ClearITPendingBit)
    TIM_Cmd                                  0x08001c27   Thumb Code    24  stm32f4xx_tim.o(i.TIM_Cmd)
    TIM_GetITStatus                          0x08001c3f   Thumb Code    34  stm32f4xx_tim.o(i.TIM_GetITStatus)
    TIM_ITConfig                             0x08001c61   Thumb Code    18  stm32f4xx_tim.o(i.TIM_ITConfig)
    TIM_TimeBaseInit                         0x08001c75   Thumb Code   104  stm32f4xx_tim.o(i.TIM_TimeBaseInit)
    TIM_TimeBaseStructInit                   0x08001cf9   Thumb Code    18  stm32f4xx_tim.o(i.TIM_TimeBaseStructInit)
    clockSetup                               0x08001d0d   Thumb Code   194  cpu.o(i.clockSetup)
    delay_ms                                 0x08001de1   Thumb Code    16  timer.o(i.delay_ms)
    main                                     0x08001df5   Thumb Code   360  main.o(i.main)
    periphClockSetup                         0x08001f7d   Thumb Code    60  cpu.o(i.periphClockSetup)
    _fp_init                                 0x08001fb9   Thumb Code    10  fpinit.o(x$fpl$fpinit)
    __fplib_config_fpu_vfp                   0x08001fc1   Thumb Code     0  fpinit.o(x$fpl$fpinit)
    __fplib_config_pureend_doubles           0x08001fc1   Thumb Code     0  fpinit.o(x$fpl$fpinit)
    Region$$Table$$Base                      0x08002d24   Number         0  anon$$obj.o(Region$$Table)
    Region$$Table$$Limit                     0x08002d44   Number         0  anon$$obj.o(Region$$Table)
    tempSetNum                               0x20000000   Data           4  gui_cryotargetcontroller.o(.data)
    strBufNum                                0x20000004   Data           6  gui_cryotargetcontroller.o(.data)
    Delay_dec                                0x2000000c   Data           4  timer.o(.data)
    extFlag                                  0x20000010   Data           1  timer.o(.data)
    GUI                                      0x20000014   Data         964  gui.o(.bss)
    __libspace_start                         0x200003d8   Data          96  libspace.o(.bss)
    __temporary_stack_top$libspace           0x20000438   Data           0  libspace.o(.bss)



==============================================================================

Memory Map of the image

  Image Entry point : 0x08000189

  Load Region LR_IROM1 (Base: 0x08000000, Size: 0x00002d58, Max: 0x00100000, ABSOLUTE)

    Execution Region ER_IROM1 (Exec base: 0x08000000, Load base: 0x08000000, Size: 0x00002d44, Max: 0x00100000, ABSOLUTE)

    Exec Addr    Load Addr    Size         Type   Attr      Idx    E Section Name        Object

    0x08000000   0x08000000   0x00000188   Data   RO         2239    RESET               startup_stm32f407xx.o
    0x08000188   0x08000188   0x00000008   Code   RO         2285  * !!!main             c_w.l(__main.o)
    0x08000190   0x08000190   0x00000034   Code   RO         2444    !!!scatter          c_w.l(__scatter.o)
    0x080001c4   0x080001c4   0x0000001a   Code   RO         2446    !!handler_copy      c_w.l(__scatter_copy.o)
    0x080001de   0x080001de   0x00000002   PAD
    0x080001e0   0x080001e0   0x0000001c   Code   RO         2448    !!handler_zi        c_w.l(__scatter_zi.o)
    0x080001fc   0x080001fc   0x00000002   Code   RO         2312    .ARM.Collect$$libinit$$00000000  c_w.l(libinit.o)
    0x080001fe   0x080001fe   0x00000004   Code   RO         2318    .ARM.Collect$$libinit$$00000001  c_w.l(libinit2.o)
    0x08000202   0x08000202   0x00000000   Code   RO         2321    .ARM.Collect$$libinit$$00000004  c_w.l(libinit2.o)
    0x08000202   0x08000202   0x00000000   Code   RO         2324    .ARM.Collect$$libinit$$0000000A  c_w.l(libinit2.o)
    0x08000202   0x08000202   0x00000000   Code   RO         2326    .ARM.Collect$$libinit$$0000000C  c_w.l(libinit2.o)
    0x08000202   0x08000202   0x00000000   Code   RO         2328    .ARM.Collect$$libinit$$0000000E  c_w.l(libinit2.o)
    0x08000202   0x08000202   0x00000000   Code   RO         2331    .ARM.Collect$$libinit$$00000011  c_w.l(libinit2.o)
    0x08000202   0x08000202   0x00000000   Code   RO         2333    .ARM.Collect$$libinit$$00000013  c_w.l(libinit2.o)
    0x08000202   0x08000202   0x00000000   Code   RO         2335    .ARM.Collect$$libinit$$00000015  c_w.l(libinit2.o)
    0x08000202   0x08000202   0x00000000   Code   RO         2337    .ARM.Collect$$libinit$$00000017  c_w.l(libinit2.o)
    0x08000202   0x08000202   0x00000000   Code   RO         2339    .ARM.Collect$$libinit$$00000019  c_w.l(libinit2.o)
    0x08000202   0x08000202   0x00000000   Code   RO         2341    .ARM.Collect$$libinit$$0000001B  c_w.l(libinit2.o)
    0x08000202   0x08000202   0x00000000   Code   RO         2343    .ARM.Collect$$libinit$$0000001D  c_w.l(libinit2.o)
    0x08000202   0x08000202   0x00000000   Code   RO         2345    .ARM.Collect$$libinit$$0000001F  c_w.l(libinit2.o)
    0x08000202   0x08000202   0x00000000   Code   RO         2347    .ARM.Collect$$libinit$$00000021  c_w.l(libinit2.o)
    0x08000202   0x08000202   0x00000000   Code   RO         2349    .ARM.Collect$$libinit$$00000023  c_w.l(libinit2.o)
    0x08000202   0x08000202   0x00000000   Code   RO         2351    .ARM.Collect$$libinit$$00000025  c_w.l(libinit2.o)
    0x08000202   0x08000202   0x00000000   Code   RO         2355    .ARM.Collect$$libinit$$0000002C  c_w.l(libinit2.o)
    0x08000202   0x08000202   0x00000000   Code   RO         2357    .ARM.Collect$$libinit$$0000002E  c_w.l(libinit2.o)
    0x08000202   0x08000202   0x00000000   Code   RO         2359    .ARM.Collect$$libinit$$00000030  c_w.l(libinit2.o)
    0x08000202   0x08000202   0x00000000   Code   RO         2361    .ARM.Collect$$libinit$$00000032  c_w.l(libinit2.o)
    0x08000202   0x08000202   0x00000002   Code   RO         2362    .ARM.Collect$$libinit$$00000033  c_w.l(libinit2.o)
    0x08000204   0x08000204   0x00000002   Code   RO         2382    .ARM.Collect$$libshutdown$$00000000  c_w.l(libshutdown.o)
    0x08000206   0x08000206   0x00000000   Code   RO         2395    .ARM.Collect$$libshutdown$$00000002  c_w.l(libshutdown2.o)
    0x08000206   0x08000206   0x00000000   Code   RO         2397    .ARM.Collect$$libshutdown$$00000004  c_w.l(libshutdown2.o)
    0x08000206   0x08000206   0x00000000   Code   RO         2399    .ARM.Collect$$libshutdown$$00000006  c_w.l(libshutdown2.o)
    0x08000206   0x08000206   0x00000000   Code   RO         2402    .ARM.Collect$$libshutdown$$00000009  c_w.l(libshutdown2.o)
    0x08000206   0x08000206   0x00000000   Code   RO         2405    .ARM.Collect$$libshutdown$$0000000C  c_w.l(libshutdown2.o)
    0x08000206   0x08000206   0x00000000   Code   RO         2407    .ARM.Collect$$libshutdown$$0000000E  c_w.l(libshutdown2.o)
    0x08000206   0x08000206   0x00000000   Code   RO         2410    .ARM.Collect$$libshutdown$$00000011  c_w.l(libshutdown2.o)
    0x08000206   0x08000206   0x00000002   Code   RO         2411    .ARM.Collect$$libshutdown$$00000012  c_w.l(libshutdown2.o)
    0x08000208   0x08000208   0x00000000   Code   RO         2287    .ARM.Collect$$rtentry$$00000000  c_w.l(__rtentry.o)
    0x08000208   0x08000208   0x00000000   Code   RO         2289    .ARM.Collect$$rtentry$$00000002  c_w.l(__rtentry2.o)
    0x08000208   0x08000208   0x00000006   Code   RO         2301    .ARM.Collect$$rtentry$$00000004  c_w.l(__rtentry4.o)
    0x0800020e   0x0800020e   0x00000000   Code   RO         2291    .ARM.Collect$$rtentry$$00000009  c_w.l(__rtentry2.o)
    0x0800020e   0x0800020e   0x00000004   Code   RO         2292    .ARM.Collect$$rtentry$$0000000A  c_w.l(__rtentry2.o)
    0x08000212   0x08000212   0x00000000   Code   RO         2294    .ARM.Collect$$rtentry$$0000000C  c_w.l(__rtentry2.o)
    0x08000212   0x08000212   0x00000008   Code   RO         2295    .ARM.Collect$$rtentry$$0000000D  c_w.l(__rtentry2.o)
    0x0800021a   0x0800021a   0x00000002   Code   RO         2316    .ARM.Collect$$rtexit$$00000000  c_w.l(rtexit.o)
    0x0800021c   0x0800021c   0x00000000   Code   RO         2364    .ARM.Collect$$rtexit$$00000002  c_w.l(rtexit2.o)
    0x0800021c   0x0800021c   0x00000004   Code   RO         2365    .ARM.Collect$$rtexit$$00000003  c_w.l(rtexit2.o)
    0x08000220   0x08000220   0x00000006   Code   RO         2366    .ARM.Collect$$rtexit$$00000004  c_w.l(rtexit2.o)
    0x08000226   0x08000226   0x00000002   PAD
    0x08000228   0x08000228   0x00000040   Code   RO         2240    .text               startup_stm32f407xx.o
    0x08000268   0x08000268   0x00000006   Code   RO         2283    .text               c_w.l(heapauxi.o)
    0x0800026e   0x0800026e   0x0000004a   Code   RO         2303    .text               c_w.l(sys_stackheap_outer.o)
    0x080002b8   0x080002b8   0x00000012   Code   RO         2305    .text               c_w.l(exit.o)
    0x080002ca   0x080002ca   0x00000002   PAD
    0x080002cc   0x080002cc   0x00000008   Code   RO         2313    .text               c_w.l(libspace.o)
    0x080002d4   0x080002d4   0x0000000c   Code   RO         2374    .text               c_w.l(sys_exit.o)
    0x080002e0   0x080002e0   0x00000002   Code   RO         2385    .text               c_w.l(use_no_semi.o)
    0x080002e2   0x080002e2   0x00000000   Code   RO         2387    .text               c_w.l(indicate_semi.o)
    0x080002e2   0x080002e2   0x0000000c   Code   RO          408    i.CPU_init          cpu.o
    0x080002ee   0x080002ee   0x00000090   Code   RO          761    i.GPIO_Init         stm32f4xx_gpio.o
    0x0800037e   0x0800037e   0x00000046   Code   RO          762    i.GPIO_PinAFConfig  stm32f4xx_gpio.o
    0x080003c4   0x080003c4   0x00000004   Code   RO          768    i.GPIO_ResetBits    stm32f4xx_gpio.o
    0x080003c8   0x080003c8   0x00000004   Code   RO          769    i.GPIO_SetBits      stm32f4xx_gpio.o
    0x080003cc   0x080003cc   0x00000012   Code   RO          770    i.GPIO_StructInit   stm32f4xx_gpio.o
    0x080003de   0x080003de   0x00000002   Code   RO          656    i.GPIO_gpiSetup     gpio.o
    0x080003e0   0x080003e0   0x00000044   Code   RO          657    i.GPIO_gpoSetup     gpio.o
    0x08000424   0x08000424   0x00000002   Code   RO          658    i.GPIO_i2c1Setup    gpio.o
    0x08000426   0x08000426   0x00000014   Code   RO          659    i.GPIO_setup        gpio.o
    0x0800043a   0x0800043a   0x00000002   PAD
    0x0800043c   0x0800043c   0x00000064   Code   RO          660    i.GPIO_spi3Setup    gpio.o
    0x080004a0   0x080004a0   0x00000068   Code   RO            4    i.GUI_CTC_buttonStateClick  gui_cryotargetcontroller.o
    0x08000508   0x08000508   0x0000002c   Code   RO            5    i.GUI_CTC_buttonTMinusClick  gui_cryotargetcontroller.o
    0x08000534   0x08000534   0x00000026   Code   RO            6    i.GUI_CTC_buttonTMinusDraw  gui_cryotargetcontroller.o
    0x0800055a   0x0800055a   0x00000002   PAD
    0x0800055c   0x0800055c   0x00000024   Code   RO            7    i.GUI_CTC_buttonTMinusReturnColor  gui_cryotargetcontroller.o
    0x08000580   0x08000580   0x0000002c   Code   RO            8    i.GUI_CTC_buttonTPlusClick  gui_cryotargetcontroller.o
    0x080005ac   0x080005ac   0x0000003e   Code   RO            9    i.GUI_CTC_buttonTPlusDraw  gui_cryotargetcontroller.o
    0x080005ea   0x080005ea   0x00000002   PAD
    0x080005ec   0x080005ec   0x00000024   Code   RO           10    i.GUI_CTC_buttonTPlusReturnColor  gui_cryotargetcontroller.o
    0x08000610   0x08000610   0x00000544   Code   RO           11    i.GUI_CTC_init      gui_cryotargetcontroller.o
    0x08000b54   0x08000b54   0x00000044   Code   RO           12    i.GUI_CTC_labelState  gui_cryotargetcontroller.o
    0x08000b98   0x08000b98   0x0000001c   Code   RO           13    i.GUI_CTC_labelTSetNum  gui_cryotargetcontroller.o
    0x08000bb4   0x08000bb4   0x0000000c   Code   RO           14    i.GUI_CTC_objAction  gui_cryotargetcontroller.o
    0x08000bc0   0x08000bc0   0x000000a0   Code   RO          258    i.GUI_buttonChangeMainColor  gui.o
    0x08000c60   0x08000c60   0x000000ec   Code   RO          259    i.GUI_buttonChangeText  gui.o
    0x08000d4c   0x08000d4c   0x00000190   Code   RO          263    i.GUI_createButton  gui.o
    0x08000edc   0x08000edc   0x00000160   Code   RO          265    i.GUI_createLabel   gui.o
    0x0800103c   0x0800103c   0x00000074   Code   RO          266    i.GUI_drawFilledFrame  gui.o
    0x080010b0   0x080010b0   0x0000005e   Code   RO          267    i.GUI_drawFrame     gui.o
    0x0800110e   0x0800110e   0x000000b8   Code   RO          269    i.GUI_floatToStr    gui.o
    0x080011c6   0x080011c6   0x00000078   Code   RO          271    i.GUI_intToStr      gui.o
    0x0800123e   0x0800123e   0x00000002   PAD
    0x08001240   0x08001240   0x000000a0   Code   RO          272    i.GUI_labelChangeMainColor  gui.o
    0x080012e0   0x080012e0   0x000000ec   Code   RO          273    i.GUI_labelChangeText  gui.o
    0x080013cc   0x080013cc   0x0000000c   Code   RO          275    i.GUI_objSetHandlerFunc  gui.o
    0x080013d8   0x080013d8   0x00000014   Code   RO          276    i.GUI_objectListReset  gui.o
    0x080013ec   0x080013ec   0x00000086   Code   RO          449    i.LCD_drawFilledRectangle  lcd_ili9341.o
    0x08001472   0x08001472   0x00000030   Code   RO          450    i.LCD_drawPixel     lcd_ili9341.o
    0x080014a2   0x080014a2   0x0000003a   Code   RO          451    i.LCD_fill          lcd_ili9341.o
    0x080014dc   0x080014dc   0x00000260   Code   RO          452    i.LCD_init          lcd_ili9341.o
    0x0800173c   0x0800173c   0x000000b6   Code   RO          453    i.LCD_printChar     lcd_ili9341.o
    0x080017f2   0x080017f2   0x00000002   PAD
    0x080017f4   0x080017f4   0x00000080   Code   RO          454    i.LCD_printString   lcd_ili9341.o
    0x08001874   0x08001874   0x00000034   Code   RO          455    i.LCD_sendCommand   lcd_ili9341.o
    0x080018a8   0x080018a8   0x00000034   Code   RO          456    i.LCD_sendData      lcd_ili9341.o
    0x080018dc   0x080018dc   0x0000004c   Code   RO          457    i.LCD_setCursorPosition  lcd_ili9341.o
    0x08001928   0x08001928   0x00000020   Code   RO         1096    i.RCC_AHB1PeriphClockCmd  stm32f4xx_rcc.o
    0x08001948   0x08001948   0x00000020   Code   RO         1105    i.RCC_APB1PeriphClockCmd  stm32f4xx_rcc.o
    0x08001968   0x08001968   0x00000020   Code   RO         1107    i.RCC_APB1PeriphResetCmd  stm32f4xx_rcc.o
    0x08001988   0x08001988   0x00000020   Code   RO         1110    i.RCC_APB2PeriphResetCmd  stm32f4xx_rcc.o
    0x080019a8   0x080019a8   0x0000005c   Code   RO          526    i.SPI3_init         spi.o
    0x08001a04   0x08001a04   0x00000010   Code   RO          527    i.SPI3_reset        spi.o
    0x08001a14   0x08001a14   0x00000034   Code   RO          528    i.SPI3_sendData     spi.o
    0x08001a48   0x08001a48   0x00000018   Code   RO         1443    i.SPI_Cmd           stm32f4xx_spi.o
    0x08001a60   0x08001a60   0x000000b0   Code   RO         1450    i.SPI_I2S_DeInit    stm32f4xx_spi.o
    0x08001b10   0x08001b10   0x00000004   Code   RO         1455    i.SPI_I2S_SendData  stm32f4xx_spi.o
    0x08001b14   0x08001b14   0x0000003c   Code   RO         1456    i.SPI_Init          stm32f4xx_spi.o
    0x08001b50   0x08001b50   0x0000001e   Code   RO         1457    i.SPI_NSSInternalSoftwareConfig  stm32f4xx_spi.o
    0x08001b6e   0x08001b6e   0x00000018   Code   RO         1459    i.SPI_StructInit    stm32f4xx_spi.o
    0x08001b86   0x08001b86   0x00000002   PAD
    0x08001b88   0x08001b88   0x0000001c   Code   RO         2248    i.SystemInit        system_stm32f4xx_1.o
    0x08001ba4   0x08001ba4   0x00000030   Code   RO          568    i.TIM6_DAC_IRQHandler  timer.o
    0x08001bd4   0x08001bd4   0x0000004c   Code   RO          569    i.TIM6_DAC_Init     timer.o
    0x08001c20   0x08001c20   0x00000006   Code   RO         1682    i.TIM_ClearITPendingBit  stm32f4xx_tim.o
    0x08001c26   0x08001c26   0x00000018   Code   RO         1687    i.TIM_Cmd           stm32f4xx_tim.o
    0x08001c3e   0x08001c3e   0x00000022   Code   RO         1708    i.TIM_GetITStatus   stm32f4xx_tim.o
    0x08001c60   0x08001c60   0x00000012   Code   RO         1712    i.TIM_ITConfig      stm32f4xx_tim.o
    0x08001c72   0x08001c72   0x00000002   PAD
    0x08001c74   0x08001c74   0x00000084   Code   RO         1759    i.TIM_TimeBaseInit  stm32f4xx_tim.o
    0x08001cf8   0x08001cf8   0x00000012   Code   RO         1760    i.TIM_TimeBaseStructInit  stm32f4xx_tim.o
    0x08001d0a   0x08001d0a   0x00000002   PAD
    0x08001d0c   0x08001d0c   0x000000d4   Code   RO          409    i.clockSetup        cpu.o
    0x08001de0   0x08001de0   0x00000014   Code   RO          575    i.delay_ms          timer.o
    0x08001df4   0x08001df4   0x00000188   Code   RO          227    i.main              main.o
    0x08001f7c   0x08001f7c   0x0000003c   Code   RO          410    i.periphClockSetup  cpu.o
    0x08001fb8   0x08001fb8   0x0000000a   Code   RO         2372    x$fpl$fpinit        fz_wm.l(fpinit.o)
    0x08001fc2   0x08001fc2   0x000006b0   Data   RO           15    .constdata          gui_cryotargetcontroller.o
    0x08002672   0x08002672   0x000006b0   Data   RO          458    .constdata          lcd_ili9341.o
    0x08002d22   0x08002d22   0x00000002   PAD
    0x08002d24   0x08002d24   0x00000020   Data   RO         2442    Region$$Table       anon$$obj.o


    Execution Region RW_IRAM1 (Exec base: 0x20000000, Load base: 0x08002d44, Size: 0x00000a38, Max: 0x00020000, ABSOLUTE)

    Exec Addr    Load Addr    Size         Type   Attr      Idx    E Section Name        Object

    0x20000000   0x08002d44   0x0000000a   Data   RW           16    .data               gui_cryotargetcontroller.o
    0x2000000a   0x08002d4e   0x00000002   PAD
    0x2000000c   0x08002d50   0x00000005   Data   RW          578    .data               timer.o
    0x20000011   0x08002d55   0x00000003   PAD
    0x20000014        -       0x000003c4   Zero   RW          277    .bss                gui.o
    0x200003d8        -       0x00000060   Zero   RW         2314    .bss                c_w.l(libspace.o)
    0x20000438        -       0x00000200   Zero   RW         2238    HEAP                startup_stm32f407xx.o
    0x20000638        -       0x00000400   Zero   RW         2237    STACK               startup_stm32f407xx.o


==============================================================================

Image component sizes


      Code (inc. data)   RO Data    RW Data    ZI Data      Debug   Object Name

       284         18          0          0          0       1583   cpu.o
       192         18          0          0          0       2611   gpio.o
      2090         42          0          0        964      11763   gui.o
      1820        196       1712         10          0     284648   gui_cryotargetcontroller.o
      1338         48       1712          0          0       7891   lcd_ili9341.o
       392         32          0          0          0       1099   main.o
       160         16          0          0          0       1673   spi.o
        64         26        392          0       1536        896   startup_stm32f407xx.o
       240          0          0          0          0      10673   stm32f4xx_gpio.o
       128         24          0          0          0       2404   stm32f4xx_rcc.o
       318         24          0          0          0      12450   stm32f4xx_spi.o
       232         28          0          0          0      24159   stm32f4xx_tim.o
        28          4          0          0          0        533   system_stm32f4xx_1.o
       144         18          0          5          0      28696   timer.o

    ----------------------------------------------------------------------
      7446        494       3850         20       2500     391079   Object Totals
         0          0         32          0          0          0   (incl. Generated)
        16          0          2          5          0          0   (incl. Padding)

    ----------------------------------------------------------------------

      Code (inc. data)   RO Data    RW Data    ZI Data      Debug   Library Member Name

         8          0          0          0          0         68   __main.o
         0          0          0          0          0          0   __rtentry.o
        12          0          0          0          0          0   __rtentry2.o
         6          0          0          0          0          0   __rtentry4.o
        52          8          0          0          0          0   __scatter.o
        26          0          0          0          0          0   __scatter_copy.o
        28          0          0          0          0          0   __scatter_zi.o
        18          0          0          0          0         80   exit.o
         6          0          0          0          0        152   heapauxi.o
         0          0          0          0          0          0   indicate_semi.o
         2          0          0          0          0          0   libinit.o
         6          0          0          0          0          0   libinit2.o
         2          0          0          0          0          0   libshutdown.o
         2          0          0          0          0          0   libshutdown2.o
         8          4          0          0         96         68   libspace.o
         2          0          0          0          0          0   rtexit.o
        10          0          0          0          0          0   rtexit2.o
        12          4          0          0          0         68   sys_exit.o
        74          0          0          0          0         80   sys_stackheap_outer.o
         2          0          0          0          0         68   use_no_semi.o
        10          0          0          0          0        116   fpinit.o

    ----------------------------------------------------------------------
       292         16          0          0         96        700   Library Totals
         6          0          0          0          0          0   (incl. Padding)

    ----------------------------------------------------------------------

      Code (inc. data)   RO Data    RW Data    ZI Data      Debug   Library Name

       276         16          0          0         96        584   c_w.l
        10          0          0          0          0        116   fz_wm.l

    ----------------------------------------------------------------------
       292         16          0          0         96        700   Library Totals

    ----------------------------------------------------------------------

==============================================================================


      Code (inc. data)   RO Data    RW Data    ZI Data      Debug   

      7738        510       3850         20       2596     385323   Grand Totals
      7738        510       3850         20       2596     385323   ELF Image Totals
      7738        510       3850         20          0          0   ROM Totals

==============================================================================

    Total RO  Size (Code + RO Data)                11588 (  11.32kB)
    Total RW  Size (RW Data + ZI Data)              2616 (   2.55kB)
    Total ROM Size (Code + RO Data + RW Data)      11608 (  11.34kB)

==============================================================================

