Component: ARM Compiler 5.06 update 7 (build 960) Tool: armlink [4d3601]

==============================================================================

Section Cross References

    gui_cryotargetcontroller.o(i.GUI_CTC_buttonStateClick) refers to gui.o(i.GUI_buttonChangeMainColor) for GUI_buttonChangeMainColor
    gui_cryotargetcontroller.o(i.GUI_CTC_buttonStateClick) refers to gui.o(i.GUI_buttonChangeText) for GUI_buttonChangeText
    gui_cryotargetcontroller.o(i.GUI_CTC_buttonStateClick) refers to gui_cryotargetcontroller.o(i.GUI_CTC_labelState) for GUI_CTC_labelState
    gui_cryotargetcontroller.o(i.GUI_CTC_buttonStateClick) refers to gui.o(.bss) for GUI
    gui_cryotargetcontroller.o(i.GUI_CTC_buttonStateClick) refers to font.o(.constdata) for impact_18ptFontInfo
    gui_cryotargetcontroller.o(i.GUI_CTC_buttonTMinusClick) refers to gui_cryotargetcontroller.o(i.GUI_CTC_buttonTMinusDraw) for GUI_CTC_buttonTMinusDraw
    gui_cryotargetcontroller.o(i.GUI_CTC_buttonTMinusClick) refers to gui_cryotargetcontroller.o(i.GUI_CTC_labelTSetNum) for GUI_CTC_labelTSetNum
    gui_cryotargetcontroller.o(i.GUI_CTC_buttonTMinusClick) refers to gui_cryotargetcontroller.o(.data) for tempSetNum
    gui_cryotargetcontroller.o(i.GUI_CTC_buttonTMinusDraw) refers to gui.o(i.GUI_buttonChangeMainColor) for GUI_buttonChangeMainColor
    gui_cryotargetcontroller.o(i.GUI_CTC_buttonTMinusDraw) refers to gui.o(i.GUI_drawFilledFrame) for GUI_drawFilledFrame
    gui_cryotargetcontroller.o(i.GUI_CTC_buttonTMinusReturnColor) refers to gui_cryotargetcontroller.o(i.GUI_CTC_buttonTMinusDraw) for GUI_CTC_buttonTMinusDraw
    gui_cryotargetcontroller.o(i.GUI_CTC_buttonTMinusReturnColor) refers to gui.o(.bss) for GUI
    gui_cryotargetcontroller.o(i.GUI_CTC_buttonTPlusClick) refers to gui_cryotargetcontroller.o(i.GUI_CTC_buttonTPlusDraw) for GUI_CTC_buttonTPlusDraw
    gui_cryotargetcontroller.o(i.GUI_CTC_buttonTPlusClick) refers to gui_cryotargetcontroller.o(i.GUI_CTC_labelTSetNum) for GUI_CTC_labelTSetNum
    gui_cryotargetcontroller.o(i.GUI_CTC_buttonTPlusClick) refers to gui_cryotargetcontroller.o(.data) for tempSetNum
    gui_cryotargetcontroller.o(i.GUI_CTC_buttonTPlusDraw) refers to gui.o(i.GUI_buttonChangeMainColor) for GUI_buttonChangeMainColor
    gui_cryotargetcontroller.o(i.GUI_CTC_buttonTPlusDraw) refers to gui.o(i.GUI_drawFilledFrame) for GUI_drawFilledFrame
    gui_cryotargetcontroller.o(i.GUI_CTC_buttonTPlusReturnColor) refers to gui_cryotargetcontroller.o(i.GUI_CTC_buttonTPlusDraw) for GUI_CTC_buttonTPlusDraw
    gui_cryotargetcontroller.o(i.GUI_CTC_buttonTPlusReturnColor) refers to gui.o(.bss) for GUI
    gui_cryotargetcontroller.o(i.GUI_CTC_labelState) refers to gui.o(i.GUI_labelChangeMainColor) for GUI_labelChangeMainColor
    gui_cryotargetcontroller.o(i.GUI_CTC_labelState) refers to gui.o(i.GUI_labelChangeText) for GUI_labelChangeText
    gui_cryotargetcontroller.o(i.GUI_CTC_labelState) refers to font.o(.constdata) for impact_18ptFontInfo
    gui_cryotargetcontroller.o(i.GUI_CTC_labelTSetNum) refers to gui.o(i.GUI_intToStr) for GUI_intToStr
    gui_cryotargetcontroller.o(i.GUI_CTC_labelTSetNum) refers to gui.o(i.GUI_labelChangeText) for GUI_labelChangeText
    gui_cryotargetcontroller.o(i.GUI_CTC_labelTSetNum) refers to font.o(.constdata) for impact_18ptFontInfo
    gui_cryotargetcontroller.o(i.GUI_CTC_objAction) refers to gui_cryotargetcontroller.o(i.GUI_CTC_buttonTPlusReturnColor) for GUI_CTC_buttonTPlusReturnColor
    gui_cryotargetcontroller.o(i.GUI_CTC_objAction) refers to gui_cryotargetcontroller.o(i.GUI_CTC_buttonTMinusReturnColor) for GUI_CTC_buttonTMinusReturnColor
    gui_cryotargetcontroller.o(i.GUI_CTC_pageLogoInit) refers to lcd_ili9341.o(i.LCD_fill) for LCD_fill
    gui_cryotargetcontroller.o(i.GUI_CTC_pageLogoInit) refers to lcd_ili9341.o(i.LCD_printString) for LCD_printString
    gui_cryotargetcontroller.o(i.GUI_CTC_pageLogoInit) refers to lcd_ili9341.o(i.LCD_drawPicture) for LCD_drawPicture
    gui_cryotargetcontroller.o(i.GUI_CTC_pageLogoInit) refers to font.o(.constdata) for calibri_14ptFontInfo
    gui_cryotargetcontroller.o(i.GUI_CTC_pageLogoInit) refers to picture.o(.constdata) for logoJINRInfo
    gui_cryotargetcontroller.o(i.GUI_CTC_pageMainInit) refers to gui.o(i.GUI_objectListReset) for GUI_objectListReset
    gui_cryotargetcontroller.o(i.GUI_CTC_pageMainInit) refers to gui.o(i.GUI_objSetHandlerFunc) for GUI_objSetHandlerFunc
    gui_cryotargetcontroller.o(i.GUI_CTC_pageMainInit) refers to lcd_ili9341.o(i.LCD_fill) for LCD_fill
    gui_cryotargetcontroller.o(i.GUI_CTC_pageMainInit) refers to gui.o(i.GUI_drawFilledFrame) for GUI_drawFilledFrame
    gui_cryotargetcontroller.o(i.GUI_CTC_pageMainInit) refers to gui.o(i.GUI_createLabel) for GUI_createLabel
    gui_cryotargetcontroller.o(i.GUI_CTC_pageMainInit) refers to gui_cryotargetcontroller.o(i.GUI_CTC_objAction) for GUI_CTC_objAction
    gui_cryotargetcontroller.o(i.GUI_CTC_pageMainInit) refers to font.o(.constdata) for impact_18ptFontInfo
[...]
    Removing stm32f4xx_tim.o(i.TIM_OCStructInit), (20 bytes).
    Removing stm32f4xx_tim.o(i.TIM_PWMIConfig), (124 bytes).
    Removing stm32f4xx_tim.o(i.TIM_PrescalerConfig), (6 bytes).
    Removing stm32f4xx_tim.o(i.TIM_RemapConfig), (6 bytes).
    Removing stm32f4xx_tim.o(i.TIM_SelectCCDMA), (24 bytes).
    Removing stm32f4xx_tim.o(i.TIM_SelectCOM), (24 bytes).
    Removing stm32f4xx_tim.o(i.TIM_SelectHallSensor), (24 bytes).
    Removing stm32f4xx_tim.o(i.TIM_SelectInputTrigger), (18 bytes).
    Removing stm32f4xx_tim.o(i.TIM_SelectMasterSlaveMode), (18 bytes).
    Removing stm32f4xx_tim.o(i.TIM_SelectOCxM), (86 bytes).
    Removing stm32f4xx_tim.o(i.TIM_SelectOnePulseMode), (18 bytes).
    Removing stm32f4xx_tim.o(i.TIM_SelectOutputTrigger), (18 bytes).
    Removing stm32f4xx_tim.o(i.TIM_SelectSlaveMode), (18 bytes).
    Removing stm32f4xx_tim.o(i.TIM_SetAutoreload), (4 bytes).
    Removing stm32f4xx_tim.o(i.TIM_SetClockDivision), (18 bytes).
    Removing stm32f4xx_tim.o(i.TIM_SetCompare1), (4 bytes).
    Removing stm32f4xx_tim.o(i.TIM_SetCompare2), (4 bytes).
    Removing stm32f4xx_tim.o(i.TIM_SetCompare3), (4 bytes).
    Removing stm32f4xx_tim.o(i.TIM_SetCompare4), (4 bytes).
    Removing stm32f4xx_tim.o(i.TIM_SetCounter), (4 bytes).
    Removing stm32f4xx_tim.o(i.TIM_SetIC1Prescaler), (18 bytes).
    Removing stm32f4xx_tim.o(i.TIM_SetIC2Prescaler), (26 bytes).
    Removing stm32f4xx_tim.o(i.TIM_SetIC3Prescaler), (18 bytes).
    Removing stm32f4xx_tim.o(i.TIM_SetIC4Prescaler), (26 bytes).
    Removing stm32f4xx_tim.o(i.TIM_TIxExternalClockConfig), (62 bytes).
    Removing stm32f4xx_tim.o(i.TIM_UpdateDisableConfig), (24 bytes).
    Removing stm32f4xx_tim.o(i.TIM_UpdateRequestConfig), (24 bytes).
    Removing stm32f4xx_exti.o(.rev16_text), (4 bytes).
    Removing stm32f4xx_exti.o(.revsh_text), (4 bytes).
    Removing stm32f4xx_exti.o(.rrx_text), (6 bytes).
    Removing stm32f4xx_exti.o(i.EXTI_ClearFlag), (12 bytes).
    Removing stm32f4xx_exti.o(i.EXTI_DeInit), (36 bytes).
    Removing stm32f4xx_exti.o(i.EXTI_GenerateSWInterrupt), (16 bytes).
    Removing stm32f4xx_exti.o(i.EXTI_GetFlagStatus), (24 bytes).
    Removing system_stm32f4xx_1.o(.rev16_text), (4 bytes).
    Removing system_stm32f4xx_1.o(.revsh_text), (4 bytes).
    Removing system_stm32f4xx_1.o(.rrx_text), (6 bytes).
    Removing system_stm32f4xx_1.o(i.SystemCoreClockUpdate), (192 bytes).
    Removing system_stm32f4xx_1.o(.constdata), (24 bytes).
    Removing system_stm32f4xx_1.o(.data), (4 bytes).

275 unused section(s) (total 8211 bytes) removed from the image.

==============================================================================

Image Symbol Table

    Local Symbols

    Symbol Name                              Value     Ov Type        Size  Object(Section)

    ../clib/angel/boardlib.s                 0x00000000   Number         0  boardshut.o ABSOLUTE
    ../clib/angel/boardlib.s                 0x00000000   Number         0  boardinit3.o ABSOLUTE
    ../clib/angel/boardlib.s                 0x00000000   Number         0  boardinit2.o ABSOLUTE
    ../clib/angel/boardlib.s                 0x00000000   Number         0  boardinit1.o ABSOLUTE
    ../clib/angel/handlers.s                 0x00000000   Number         0  __scatter_zi.o ABSOLUTE
    ../clib/angel/handlers.s                 0x00000000   Number         0  __scatter_copy.o ABSOLUTE
    ../clib/angel/kernel.s                   0x00000000   Number         0  __rtentry.o ABSOLUTE
    ../clib/angel/kernel.s                   0x00000000   Number         0  __rtentry4.o ABSOLUTE
    ../clib/angel/kernel.s                   0x00000000   Number         0  rtexit.o ABSOLUTE
    ../clib/angel/kernel.s                   0x00000000   Number         0  __rtentry2.o ABSOLUTE
    ../clib/angel/kernel.s                   0x00000000   Number         0  rtexit2.o ABSOLUTE
    ../clib/angel/rt.s                       0x00000000   Number         0  rt_raise.o ABSOLUTE
    ../clib/angel/scatter.s                  0x00000000   Number         0  __scatter.o ABSOLUTE
    ../clib/angel/startup.s                  0x00000000   Number         0  __main.o ABSOLUTE
    ../clib/angel/sys.s                      0x00000000   Number         0  indicate_semi.o ABSOLUTE
    ../clib/angel/sys.s                      0x00000000   Number         0  libspace.o ABSOLUTE
    ../clib/angel/sys.s                      0x00000000   Number         0  use_no_semi.o ABSOLUTE
    ../clib/angel/sys.s                      0x00000000   Number         0  sys_stackheap_outer.o ABSOLUTE
    ../clib/angel/sysapp.c                   0x00000000   Number         0  sys_exit.o ABSOLUTE
    ../clib/angel/sysapp.c                   0x00000000   Number         0  sys_wrch.o ABSOLUTE
    ../clib/angel/sysapp.c                   0x00000000   Number         0  sys_command.o ABSOLUTE
    ../clib/armsys.c                         0x00000000   Number         0  _get_argv_nomalloc.o ABSOLUTE
    ../clib/armsys.c                         0x00000000   Number         0  argv_veneer.o ABSOLUTE
    ../clib/armsys.c                         0x00000000   Number         0  argv_veneer.o ABSOLUTE
    ../clib/armsys.c                         0x00000000   Number         0  no_argv.o ABSOLUTE
    ../clib/heapalloc.c                      0x00000000   Number         0  hrguard.o ABSOLUTE
    ../clib/heapaux.c                        0x00000000   Number         0  heapauxi.o ABSOLUTE
    ../clib/libinit.s                        0x00000000   Number         0  libinit2.o ABSOLUTE
    ../clib/libinit.s                        0x00000000   Number         0  libinit.o ABSOLUTE
    ../clib/libinit.s                        0x00000000   Number         0  libshutdown2.o ABSOLUTE
    ../clib/libinit.s                        0x00000000   Number         0  libshutdown.o ABSOLUTE
    ../clib/signal.c                         0x00000000   Number         0  defsig_rtmem_outer.o ABSOLUTE
    ../clib/signal.c                         0x00000000   Number         0  defsig_other.o ABSOLUTE
    ../clib/signal.c                         0x00000000   Number         0  defsig_rtmem_formal.o ABSOLUTE
    ../clib/signal.c                         0x00000000   Number         0  defsig_fpe_inner.o ABSOLUTE
    ../clib/signal.c                         0x00000000   Number         0  defsig_segv_inner.o ABSOLUTE
    ../clib/signal.c                         0x00000000   Number         0  defsig_rtmem_inner.o ABSOLUTE
    ../clib/signal.c                         0x00000000   Number         0  defsig_cppl_inner.o ABSOLUTE
    ../clib/signal.c                         0x00000000   Number         0  defsig_abrt_inner.o ABSOLUTE
    ../clib/signal.c                         0x00000000   Number         0  defsig_rtred_inner.o ABSOLUTE
    ../clib/signal.c                         0x00000000   Number         0  defsig_general.o ABSOLUTE
    ../clib/signal.c                         0x00000000   Number         0  __raise.o ABSOLUTE
    ../clib/signal.c                         0x00000000   Number         0  defsig_pvfn_inner.o ABSOLUTE
    ../clib/signal.c                         0x00000000   Number         0  defsig_exit.o ABSOLUTE
    ../clib/signal.c                         0x00000000   Number         0  defsig_stak_inner.o ABSOLUTE
    ../clib/signal.s                         0x00000000   Number         0  defsig.o ABSOLUTE
    ../clib/stdlib.c                         0x00000000   Number         0  exit.o ABSOLUTE
    ../fplib/fpinit.s                        0x00000000   Number         0  fpinit.o ABSOLUTE
    RTE\Device\STM32F407VGTx\startup_stm32f407xx.s 0x00000000   Number         0  startup_stm32f407xx.o ABSOLUTE
    RTE\Device\STM32F407VGTx\system_stm32f4xx.c 0x00000000   Number         0  system_stm32f4xx_1.o ABSOLUTE
    RTE\\Device\\STM32F407VGTx\\system_stm32f4xx.c 0x00000000   Number         0  system_stm32f4xx_1.o ABSOLUTE
    dc.s                                     0x00000000   Number         0  dc.o ABSOLUTE
    lib\App_Layer\GUI_cryoTargetController.c 0x00000000   Number         0  gui_cryotargetcontroller.o ABSOLUTE
    lib\App_Layer\main.c                     0x00000000   Number         0  main.o ABSOLUTE
    lib\Func_Layer\Font.c                    0x00000000   Number         0  font.o ABSOLUTE
    lib\Func_Layer\GUI.c                     0x00000000   Number         0  gui.o ABSOLUTE
    lib\Func_Layer\Picture.c                 0x00000000   Number         0  picture.o ABSOLUTE
    lib\HW_Layer\CPU.c                       0x00000000   Number         0  cpu.o ABSOLUTE
    lib\HW_Layer\EXTI.c                      0x00000000   Number         0  exti.o ABSOLUTE
    lib\HW_Layer\GPIO.c                      0x00000000   Number         0  gpio.o ABSOLUTE
    lib\HW_Layer\I2C.c                       0x00000000   Number         0  i2c.o ABSOLUTE
    lib\HW_Layer\LCD_ILI9341.c               0x00000000   Number         0  lcd_ili9341.o ABSOLUTE
    lib\HW_Layer\SPI.c                       0x00000000   Number         0  spi.o ABSOLUTE
    lib\HW_Layer\Timer.c                     0x00000000   Number         0  timer.o ABSOLUTE
    lib\HW_Layer\Touch_FT6236.c              0x00000000   Number         0  touch_ft6236.o ABSOLUTE
    lib\SPL\misc.c                           0x00000000   Number         0  misc.o ABSOLUTE
    lib\SPL\stm32f4xx_exti.c                 0x00000000   Number         0  stm32f4xx_exti.o ABSOLUTE
    lib\SPL\stm32f4xx_gpio.c                 0x00000000   Number         0  stm32f4xx_gpio.o ABSOLUTE
    lib\SPL\stm32f4xx_i2c.c                  0x00000000   Number         0  stm32f4xx_i2c.o ABSOLUTE
    lib\SPL\stm32f4xx_rcc.c                  0x00000000   Number         0  stm32f4xx_rcc.o ABSOLUTE
    lib\SPL\stm32f4xx_spi.c                  0x00000000   Number         0  stm32f4xx_spi.o ABSOLUTE
    lib\SPL\stm32f4xx_syscfg.c               0x00000000   Number         0  stm32f4xx_syscfg.o ABSOLUTE
    lib\SPL\stm32f4xx_tim.c                  0x00000000   Number         0  stm32f4xx_tim.o ABSOLUTE
    lib\\App_Layer\\GUI_cryoTargetController.c 0x00000000   Number         0  gui_cryotargetcontroller.o ABSOLUTE
    lib\\App_Layer\\main.c                   0x00000000   Number         0  main.o ABSOLUTE
    lib\\Func_Layer\\Font.c                  0x00000000   Number         0  font.o ABSOLUTE
    lib\\Func_Layer\\GUI.c                   0x00000000   Number         0  gui.o ABSOLUTE
    lib\\Func_Layer\\Picture.c               0x00000000   Number         0  picture.o ABSOLUTE
    lib\\HW_Layer\\CPU.c                     0x00000000   Number         0  cpu.o ABSOLUTE
    lib\\HW_Layer\\EXTI.c                    0x00000000   Number         0  exti.o ABSOLUTE
    lib\\HW_Layer\\GPIO.c                    0x00000000   Number         0  gpio.o ABSOLUTE
    lib\\HW_Layer\\I2C.c                     0x00000000   Number         0  i2c.o ABSOLUTE
    lib\\HW_Layer\\LCD_ILI9341.c             0x00000000   Number         0  lcd_ili9341.o ABSOLUTE
    lib\\HW_Layer\\SPI.c                     0x00000000   Number         0  spi.o ABSOLUTE
    lib\\HW_Layer\\Timer.c                   0x00000000   Number         0  timer.o ABSOLUTE
    lib\\HW_Layer\\Touch_FT6236.c            0x00000000   Number         0  touch_ft6236.o ABSOLUTE
    lib\\SPL\\misc.c                         0x00000000   Number         0  misc.o ABSOLUTE
    lib\\SPL\\stm32f4xx_exti.c               0x00000000   Number         0  stm32f4xx_exti.o ABSOLUTE
    lib\\SPL\\stm32f4xx_gpio.c               0x00000000   Number         0  stm32f4xx_gpio.o ABSOLUTE
    lib\\SPL\\stm32f4xx_i2c.c                0x00000000   Number         0  stm32f4xx_i2c.o ABSOLUTE
    lib\\SPL\\stm32f4xx_rcc.c                0x00000000   Number         0  stm32f4xx_rcc.o ABSOLUTE
    lib\\SPL\\stm32f4xx_spi.c                0x00000000   Number         0  stm32f4xx_spi.o ABSOLUTE
    lib\\SPL\\stm32f4xx_syscfg.c             0x00000000   Number         0  stm32f4xx_syscfg.o ABSOLUTE
    lib\\SPL\\stm32f4xx_tim.c                0x00000000   Number         0  stm32f4xx_tim.o ABSOLUTE
    RESET                                    0x08000000   Section      392  startup_stm32f407xx.o(RESET)
    !!!main                                  0x08000188   Section        8  __main.o(!!!main)
    !!!scatter                               0x08000190   Section       52  __scatter.o(!!!scatter)
    !!handler_copy                           0x080001c4   Section       26  __scatter_copy.o(!!handler_copy)
    !!handler_zi                             0x080001e0   Section       28  __scatter_zi.o(!!handler_zi)
    .ARM.Collect$$libinit$$00000000          0x080001fc   Section        2  libinit.o(.ARM.Collect$$libinit$$00000000)
    .ARM.Collect$$libinit$$00000001          0x080001fe   Section        4  libinit2.o(.ARM.Collect$$libinit$$00000001)
    .ARM.Collect$$libinit$$00000004          0x08000202   Section        0  libinit2.o(.ARM.Collect$$libinit$$00000004)
    .ARM.Collect$$libinit$$0000000A          0x08000202   Section        0  libinit2.o(.ARM.Collect$$libinit$$0000000A)
    .ARM.Collect$$libinit$$0000000C          0x08000202   Section        0  libinit2.o(.ARM.Collect$$libinit$$0000000C)
    .ARM.Collect$$libinit$$0000000E          0x08000202   Section        0  libinit2.o(.ARM.Collect$$libinit$$0000000E)
    .ARM.Collect$$libinit$$00000011          0x08000202   Section        0  libinit2.o(.ARM.Collect$$libinit$$00000011)
    .ARM.Collect$$libinit$$00000013          0x08000202   Section        0  libinit2.o(.ARM.Collect$$libinit$$00000013)
    .ARM.Collect$$libinit$$00000015          0x08000202   Section        0  libinit2.o(.ARM.Collect$$libinit$$00000015)
    .ARM.Collect$$libinit$$00000017          0x08000202   Section        0  libinit2.o(.ARM.Collect$$libinit$$00000017)
    .ARM.Collect$$libinit$$00000019          0x08000202   Section        0  libinit2.o(.ARM.Collect$$libinit$$00000019)
    .ARM.Collect$$libinit$$0000001B          0x08000202   Section        0  libinit2.o(.ARM.Collect$$libinit$$0000001B)
    .ARM.Collect$$libinit$$0000001D          0x08000202   Section        0  libinit2.o(.ARM.Collect$$libinit$$0000001D)
    .ARM.Collect$$libinit$$0000001F          0x08000202   Section        0  libinit2.o(.ARM.Collect$$libinit$$0000001F)
    .ARM.Collect$$libinit$$00000021          0x08000202   Section        0  libinit2.o(.ARM.Collect$$libinit$$00000021)
    .ARM.Collect$$libinit$$00000023          0x08000202   Section        0  libinit2.o(.ARM.Collect$$libinit$$00000023)
    .ARM.Collect$$libinit$$00000025          0x08000202   Section        0  libinit2.o(.ARM.Collect$$libinit$$00000025)
    .ARM.Collect$$libinit$$0000002C          0x08000202   Section        0  libinit2.o(.ARM.Collect$$libinit$$0000002C)
    .ARM.Collect$$libinit$$0000002E          0x08000202   Section        0  libinit2.o(.ARM.Collect$$libinit$$0000002E)
    .ARM.Collect$$libinit$$00000030          0x08000202   Section        0  libinit2.o(.ARM.Collect$$libinit$$00000030)
    .ARM.Collect$$libinit$$00000032          0x08000202   Section        0  libinit2.o(.ARM.Collect$$libinit$$00000032)
    .ARM.Collect$$libinit$$00000033          0x08000202   Section        2  libinit2.o(.ARM.Collect$$libinit$$00000033)
    .ARM.Collect$$libshutdown$$00000000      0x08000204   Section        2  libshutdown.o(.ARM.Collect$$libshutdown$$00000000)
    .ARM.Collect$$libshutdown$$00000002      0x08000206   Section        0  libshutdown2.o(.ARM.Collect$$libshutdown$$00000002)
    .ARM.Collect$$libshutdown$$00000004      0x08000206   Section        0  libshutdown2.o(.ARM.Collect$$libshutdown$$00000004)
    .ARM.Collect$$libshutdown$$00000006      0x08000206   Section        0  libshutdown2.o(.ARM.Collect$$libshutdown$$00000006)
    .ARM.Collect$$libshutdown$$00000009      0x08000206   Section        0  libshutdown2.o(.ARM.Collect$$libshutdown$$00000009)
    .ARM.Collect$$libshutdown$$0000000C      0x08000206   Section        0  libshutdown2.o(.ARM.Collect$$libshutdown$$0000000C)
    .ARM.Collect$$libshutdown$$0000000E      0x08000206   Section        0  libshutdown2.o(.ARM.Collect$$libshutdown$$0000000E)
    .ARM.Collect$$libshutdown$$00000011      0x08000206   Section        0  libshutdown2.o(.ARM.Collect$$libshutdown$$00000011)
    .ARM.Collect$$libshutdown$$00000012      0x08000206   Section        2  libshutdown2.o(.ARM.Collect$$libshutdown$$00000012)
    .ARM.Collect$$rtentry$$00000000          0x08000208   Section        0  __rtentry.o(.ARM.Collect$$rtentry$$00000000)
    .ARM.Collect$$rtentry$$00000002          0x08000208   Section        0  __rtentry2.o(.ARM.Collect$$rtentry$$00000002)
    .ARM.Collect$$rtentry$$00000004          0x08000208   Section        6  __rtentry4.o(.ARM.Collect$$rtentry$$00000004)
    .ARM.Collect$$rtentry$$00000009          0x0800020e   Section        0  __rtentry2.o(.ARM.Collect$$rtentry$$00000009)
    .ARM.Collect$$rtentry$$0000000A          0x0800020e   Section        4  __rtentry2.o(.ARM.Collect$$rtentry$$0000000A)
    .ARM.Collect$$rtentry$$0000000C          0x08000212   Section        0  __rtentry2.o(.ARM.Collect$$rtentry$$0000000C)
    .ARM.Collect$$rtentry$$0000000D          0x08000212   Section        8  __rtentry2.o(.ARM.Collect$$rtentry$$0000000D)
    .ARM.Collect$$rtexit$$00000000           0x0800021a   Section        2  rtexit.o(.ARM.Collect$$rtexit$$00000000)
    .ARM.Collect$$rtexit$$00000002           0x0800021c   Section        0  rtexit2.o(.ARM.Collect$$rtexit$$00000002)
    .ARM.Collect$$rtexit$$00000003           0x0800021c   Section        4  rtexit2.o(.ARM.Collect$$rtexit$$00000003)
    .ARM.Collect$$rtexit$$00000004           0x08000220   Section        6  rtexit2.o(.ARM.Collect$$rtexit$$00000004)
    .text                                    0x08000228   Section       64  startup_stm32f407xx.o(.text)
    $v0                                      0x08000228   Number         0  startup_stm32f407xx.o(.text)
    .text                                    0x08000268   Section        0  heapauxi.o(.text)
    .text                                    0x0800026e   Section       74  sys_stackheap_outer.o(.text)
    .text                                    0x080002b8   Section        0  exit.o(.text)
    .text                                    0x080002cc   Section        8  libspace.o(.text)
    .text                                    0x080002d4   Section        0  sys_exit.o(.text)
    .text                                    0x080002e0   Section        2  use_no_semi.o(.text)
    .text                                    0x080002e2   Section        0  indicate_semi.o(.text)
    i.CPU_init                               0x080002e2   Section        0  cpu.o(i.CPU_init)
    i.EXTI9_5_IRQHandler                     0x080002ee   Section        0  exti.o(i.EXTI9_5_IRQHandler)
    i.EXTI_ClearITPendingBit                 0x08000304   Section        0  stm32f4xx_exti.o(i.EXTI_ClearITPendingBit)
    i.EXTI_GetITStatus                       0x08000310   Section        0  stm32f4xx_exti.o(i.EXTI_GetITStatus)
    i.EXTI_Init                              0x08000328   Section        0  stm32f4xx_exti.o(i.EXTI_Init)
    i.EXTI_StructInit                        0x080003bc   Section        0  stm32f4xx_exti.o(i.EXTI_StructInit)
    i.EXTI_init                              0x080003cc   Section        0  exti.o(i.EXTI_init)
    i.FT6236_checkInt                        0x08000418   Section        0  touch_ft6236.o(i.FT6236_checkInt)
    i.FT6236_get_Tpoint                      0x08000438   Section        0  touch_ft6236.o(i.FT6236_get_Tpoint)
    i.FT6236_init                            0x08000490   Section        0  touch_ft6236.o(i.FT6236_init)
    i.FT6236_reset                           0x080004e4   Section        0  touch_ft6236.o(i.FT6236_reset)
    i.GPIO_Init                              0x0800055c   Section        0  stm32f4xx_gpio.o(i.GPIO_Init)
    i.GPIO_PinAFConfig                       0x080005ec   Section        0  stm32f4xx_gpio.o(i.GPIO_PinAFConfig)
    i.GPIO_ReadInputDataBit                  0x08000632   Section        0  stm32f4xx_gpio.o(i.GPIO_ReadInputDataBit)
    i.GPIO_ResetBits                         0x08000644   Section        0  stm32f4xx_gpio.o(i.GPIO_ResetBits)
    i.GPIO_SetBits                           0x08000648   Section        0  stm32f4xx_gpio.o(i.GPIO_SetBits)
    i.GPIO_StructInit                        0x0800064c   Section        0  stm32f4xx_gpio.o(i.GPIO_StructInit)
    i.GPIO_gpiSetup                          0x08000660   Section        0  gpio.o(i.GPIO_gpiSetup)
    i.GPIO_gpoSetup                          0x08000690   Section        0  gpio.o(i.GPIO_gpoSetup)
    i.GPIO_i2c1Setup                         0x080006d4   Section        0  gpio.o(i.GPIO_i2c1Setup)
    i.GPIO_setup                             0x08000718   Section        0  gpio.o(i.GPIO_setup)
    i.GPIO_spi3Setup                         0x0800072c   Section        0  gpio.o(i.GPIO_spi3Setup)
    i.GUI_CTC_buttonStateClick               0x08000790   Section        0  gui_cryotargetcontroller.o(i.GUI_CTC_buttonStateClick)
    i.GUI_CTC_buttonTMinusClick              0x08000800   Section        0  gui_cryotargetcontroller.o(i.GUI_CTC_buttonTMinusClick)
    i.GUI_CTC_buttonTMinusDraw               0x0800082c   Section        0  gui_cryotargetcontroller.o(i.GUI_CTC_buttonTMinusDraw)
    i.GUI_CTC_buttonTMinusReturnColor        0x08000854   Section        0  gui_cryotargetcontroller.o(i.GUI_CTC_buttonTMinusReturnColor)
    i.GUI_CTC_buttonTPlusClick               0x08000878   Section        0  gui_cryotargetcontroller.o(i.GUI_CTC_buttonTPlusClick)
    i.GUI_CTC_buttonTPlusDraw                0x080008a4   Section        0  gui_cryotargetcontroller.o(i.GUI_CTC_buttonTPlusDraw)
    i.GUI_CTC_buttonTPlusReturnColor         0x080008e4   Section        0  gui_cryotargetcontroller.o(i.GUI_CTC_buttonTPlusReturnColor)
    i.GUI_CTC_labelState                     0x08000908   Section        0  gui_cryotargetcontroller.o(i.GUI_CTC_labelState)
    i.GUI_CTC_labelTSetNum                   0x08000954   Section        0  gui_cryotargetcontroller.o(i.GUI_CTC_labelTSetNum)
    i.GUI_CTC_objAction                      0x08000978   Section        0  gui_cryotargetcontroller.o(i.GUI_CTC_objAction)
    i.GUI_CTC_pageLogoInit                   0x08000984   Section        0  gui_cryotargetcontroller.o(i.GUI_CTC_pageLogoInit)
    i.GUI_CTC_pageMainInit                   0x08000a9c   Section        0  gui_cryotargetcontroller.o(i.GUI_CTC_pageMainInit)
    i.GUI_Handler                            0x08001020   Section        0  gui.o(i.GUI_Handler)
    i.GUI_buttonChangeMainColor              0x0800111c   Section        0  gui.o(i.GUI_buttonChangeMainColor)
    i.GUI_buttonChangeText                   0x080011f8   Section        0  gui.o(i.GUI_buttonChangeText)
    i.GUI_createButton                       0x08001358   Section        0  gui.o(i.GUI_createButton)
    i.GUI_createLabel                        0x0800154c   Section        0  gui.o(i.GUI_createLabel)
    i.GUI_drawFilledFrame                    0x080016c4   Section        0  gui.o(i.GUI_drawFilledFrame)
    i.GUI_drawFrame                          0x08001738   Section        0  gui.o(i.GUI_drawFrame)
    i.GUI_getTouchPoint                      0x08001798   Section        0  gui.o(i.GUI_getTouchPoint)
    i.GUI_intToStr                           0x080017c8   Section        0  gui.o(i.GUI_intToStr)
    i.GUI_labelChangeMainColor               0x08001840   Section        0  gui.o(i.GUI_labelChangeMainColor)
    i.GUI_labelChangeText                    0x080018ec   Section        0  gui.o(i.GUI_labelChangeText)
    i.GUI_objHandler                         0x08001a04   Section        0  gui.o(i.GUI_objHandler)
    i.GUI_objSetHandlerFunc                  0x08001a14   Section        0  gui.o(i.GUI_objSetHandlerFunc)
    i.GUI_objectListReset                    0x08001a20   Section        0  gui.o(i.GUI_objectListReset)
    i.I2C1_init                              0x08001a34   Section        0  i2c.o(i.I2C1_init)
    i.I2C_AcknowledgeConfig                  0x08001a84   Section        0  stm32f4xx_i2c.o(i.I2C_AcknowledgeConfig)
    i.I2C_CheckEvent                         0x08001a9c   Section        0  stm32f4xx_i2c.o(i.I2C_CheckEvent)
    i.I2C_Cmd                                0x08001ac6   Section        0  stm32f4xx_i2c.o(i.I2C_Cmd)
    i.I2C_DeInit                             0x08001ae0   Section        0  stm32f4xx_i2c.o(i.I2C_DeInit)
    i.I2C_GenerateSTART                      0x08001b40   Section        0  stm32f4xx_i2c.o(i.I2C_GenerateSTART)
    i.I2C_GenerateSTOP                       0x08001b58   Section        0  stm32f4xx_i2c.o(i.I2C_GenerateSTOP)
    i.I2C_GetFlagStatus                      0x08001b70   Section        0  stm32f4xx_i2c.o(i.I2C_GetFlagStatus)
    i.I2C_Init                               0x08001bac   Section        0  stm32f4xx_i2c.o(i.I2C_Init)
    i.I2C_ReceiveData                        0x08001c94   Section        0  stm32f4xx_i2c.o(i.I2C_ReceiveData)
    i.I2C_Send7bitAddress                    0x08001c9c   Section        0  stm32f4xx_i2c.o(i.I2C_Send7bitAddress)
    i.I2C_SendData                           0x08001cac   Section        0  stm32f4xx_i2c.o(i.I2C_SendData)
    i.I2C_StructInit                         0x08001cb0   Section        0  stm32f4xx_i2c.o(i.I2C_StructInit)
    i.I2Cx_readData                          0x08001cd0   Section        0  i2c.o(i.I2Cx_readData)
    i.I2Cx_readDataBurst                     0x08001da4   Section        0  i2c.o(i.I2Cx_readDataBurst)
    i.I2Cx_writeData                         0x08001dd4   Section        0  i2c.o(i.I2Cx_writeData)
    i.LCD_drawFilledRectangle                0x08001e64   Section        0  lcd_ili9341.o(i.LCD_drawFilledRectangle)
    i.LCD_drawPicture                        0x08001eea   Section        0  lcd_ili9341.o(i.LCD_drawPicture)
    i.LCD_drawPixel                          0x08001f92   Section        0  lcd_ili9341.o(i.LCD_drawPixel)
    i.LCD_fill                               0x08001fc2   Section        0  lcd_ili9341.o(i.LCD_fill)
    i.LCD_init                               0x08001ffc   Section        0  lcd_ili9341.o(i.LCD_init)
    i.LCD_printChar                          0x0800225c   Section        0  lcd_ili9341.o(i.LCD_printChar)
    i.LCD_printString                        0x0800237c   Section        0  lcd_ili9341.o(i.LCD_printString)
    i.LCD_sendCommand                        0x080023c0   Section        0  lcd_ili9341.o(i.LCD_sendCommand)
    i.LCD_sendData                           0x080023f4   Section        0  lcd_ili9341.o(i.LCD_sendData)
    i.LCD_setCursorPosition                  0x08002428   Section        0  lcd_ili9341.o(i.LCD_setCursorPosition)
    i.NVIC_EnableIRQ                         0x08002474   Section        0  timer.o(i.NVIC_EnableIRQ)
    NVIC_EnableIRQ                           0x08002475   Thumb Code    22  timer.o(i.NVIC_EnableIRQ)
    i.NVIC_Init                              0x0800248c   Section        0  misc.o(i.NVIC_Init)
    i.RCC_AHB1PeriphClockCmd                 0x08002504   Section        0  stm32f4xx_rcc.o(i.RCC_AHB1PeriphClockCmd)
    i.RCC_APB1PeriphClockCmd                 0x08002524   Section        0  stm32f4xx_rcc.o(i.RCC_APB1PeriphClockCmd)
    i.RCC_APB1PeriphResetCmd                 0x08002544   Section        0  stm32f4xx_rcc.o(i.RCC_APB1PeriphResetCmd)
    i.RCC_APB2PeriphClockCmd                 0x08002564   Section        0  stm32f4xx_rcc.o(i.RCC_APB2PeriphClockCmd)
    i.RCC_APB2PeriphResetCmd                 0x08002584   Section        0  stm32f4xx_rcc.o(i.RCC_APB2PeriphResetCmd)
    i.RCC_GetClocksFreq                      0x080025a4   Section        0  stm32f4xx_rcc.o(i.RCC_GetClocksFreq)
    i.SPI3_init                              0x0800268c   Section        0  spi.o(i.SPI3_init)
    i.SPI3_reset                             0x080026e8   Section        0  spi.o(i.SPI3_reset)
    i.SPI3_sendData                          0x080026f8   Section        0  spi.o(i.SPI3_sendData)
    i.SPI_Cmd                                0x0800272c   Section        0  stm32f4xx_spi.o(i.SPI_Cmd)
    i.SPI_I2S_DeInit                         0x08002744   Section        0  stm32f4xx_spi.o(i.SPI_I2S_DeInit)
    i.SPI_I2S_SendData                       0x080027f4   Section        0  stm32f4xx_spi.o(i.SPI_I2S_SendData)
    i.SPI_Init                               0x080027f8   Section        0  stm32f4xx_spi.o(i.SPI_Init)
    i.SPI_NSSInternalSoftwareConfig          0x08002834   Section        0  stm32f4xx_spi.o(i.SPI_NSSInternalSoftwareConfig)
    i.SPI_StructInit                         0x08002852   Section        0  stm32f4xx_spi.o(i.SPI_StructInit)
    i.SYSCFG_EXTILineConfig                  0x0800286c   Section        0  stm32f4xx_syscfg.o(i.SYSCFG_EXTILineConfig)
    i.SystemInit                             0x080028ac   Section        0  system_stm32f4xx_1.o(i.SystemInit)
    i.TIM6_DAC_IRQHandler                    0x080028c8   Section        0  timer.o(i.TIM6_DAC_IRQHandler)
    i.TIM6_DAC_init                          0x080028f8   Section        0  timer.o(i.TIM6_DAC_init)
    i.TIM7_IRQHandler                        0x08002934   Section        0  timer.o(i.TIM7_IRQHandler)
    i.TIM7_init                              0x080029a4   Section        0  timer.o(i.TIM7_init)
    i.TIM_ClearITPendingBit                  0x080029e0   Section        0  stm32f4xx_tim.o(i.TIM_ClearITPendingBit)
    i.TIM_Cmd                                0x080029e6   Section        0  stm32f4xx_tim.o(i.TIM_Cmd)
    i.TIM_GetITStatus                        0x080029fe   Section        0  stm32f4xx_tim.o(i.TIM_GetITStatus)
    i.TIM_ITConfig                           0x08002a20   Section        0  stm32f4xx_tim.o(i.TIM_ITConfig)
    i.TIM_TimeBaseInit                       0x08002a34   Section        0  stm32f4xx_tim.o(i.TIM_TimeBaseInit)
    i.TIM_TimeBaseStructInit                 0x08002ab8   Section        0  stm32f4xx_tim.o(i.TIM_TimeBaseStructInit)
    i.clockSetup                             0x08002acc   Section        0  cpu.o(i.clockSetup)
    i.delay_ms                               0x08002ba0   Section        0  timer.o(i.delay_ms)
    i.main                                   0x08002bb4   Section        0  main.o(i.main)
    i.periphClockSetup                       0x08002bfe   Section        0  cpu.o(i.periphClockSetup)
    x$fpl$fpinit                             0x08002c52   Section       10  fpinit.o(x$fpl$fpinit)
    $v0                                      0x08002c52   Number         0  fpinit.o(x$fpl$fpinit)
    .constdata                               0x08002c5c   Section     2616  font.o(.constdata)
    .constdata                               0x08003694   Section     3880  picture.o(.constdata)
    .data                                    0x20000000   Section       10  gui_cryotargetcontroller.o(.data)
    .data                                    0x2000000c   Section        4  timer.o(.data)
    .data                                    0x20000010   Section        4  touch_ft6236.o(.data)
    .data                                    0x20000014   Section       16  stm32f4xx_rcc.o(.data)
    APBAHBPrescTable                         0x20000014   Data          16  stm32f4xx_rcc.o(.data)
    .bss                                     0x20000024   Section     1068  gui.o(.bss)
    .bss                                     0x20000450   Section       96  libspace.o(.bss)
    HEAP                                     0x200004b0   Section      512  startup_stm32f407xx.o(HEAP)
    Heap_Mem                                 0x200004b0   Data         512  startup_stm32f407xx.o(HEAP)
    STACK                                    0x200006b0   Section     1024  startup_stm32f407xx.o(STACK)
    Stack_Mem                                0x200006b0   Data        1024  startup_stm32f407xx.o(STACK)
    __initial_sp                             0x20000ab0   Data           0  startup_stm32f407xx.o(STACK)

    Global Symbols

    Symbol Name                              Value     Ov Type        Size  Object(Section)

    BuildAttributes$$THM_ISAv4$E$P$D$K$B$S$7EM$VFPi3$EXTD16$VFPS$VFMA$PE$A:L22UL41UL21$X:L11$S22US41US21$IEEE1$IW$USESV6$~STKCKD$USESV7$~SHL$OSPACE$ROPI$EBA8$UX$STANDARDLIB$REQ8$PRES8$EABIv2 0x00000000   Number         0  anon$$obj.o ABSOLUTE
    __ARM_use_no_argv                        0x00000000   Number         0  main.o ABSOLUTE
    __ARM_exceptions_init                     - Undefined Weak Reference
    __alloca_initialize                       - Undefined Weak Reference
    __arm_fini_                               - Undefined Weak Reference
    __arm_preinit_                            - Undefined Weak Reference
    __cpp_initialize__aeabi_                  - Undefined Weak Reference
    __cxa_finalize                            - Undefined Weak Reference
    __rt_locale                               - Undefined Weak Reference
    __sigvec_lookup                           - Undefined Weak Reference
    _atexit_init                              - Undefined Weak Reference
    _call_atexit_fns                          - Undefined Weak Reference
    _clock_init                               - Undefined Weak Reference
    _fp_trap_init                             - Undefined Weak Reference
    _fp_trap_shutdown                         - Undefined Weak Reference
    _get_lc_collate                           - Undefined Weak Reference
    _get_lc_ctype                             - Undefined Weak Reference
    _get_lc_monetary                          - Undefined Weak Reference
    _get_lc_numeric                           - Undefined Weak Reference
    _get_lc_time                              - Undefined Weak Reference
    _getenv_init                              - Undefined Weak Reference
    _handle_redirection                       - Undefined Weak Reference
    _init_alloc                               - Undefined Weak Reference
    _init_user_alloc                          - Undefined Weak Reference
    _initio                                   - Undefined Weak Reference
    _rand_init                                - Undefined Weak Reference
    _signal_finish                            - Undefined Weak Reference
    _signal_init                              - Undefined Weak Reference
    _terminate_alloc                          - Undefined Weak Reference
    _terminate_user_alloc                     - Undefined Weak Reference
    _terminateio                              - Undefined Weak Reference
    __Vectors_Size                           0x00000188   Number         0  startup_stm32f407xx.o ABSOLUTE
    __Vectors                                0x08000000   Data           4  startup_stm32f407xx.o(RESET)
    __Vectors_End                            0x08000188   Data           0  startup_stm32f407xx.o(RESET)
    __main                                   0x08000189   Thumb Code     8  __main.o(!!!main)
    __scatterload                            0x08000191   Thumb Code     0  __scatter.o(!!!scatter)
    __scatterload_rt2                        0x08000191   Thumb Code    44  __scatter.o(!!!scatter)
    __scatterload_rt2_thumb_only             0x08000191   Thumb Code     0  __scatter.o(!!!scatter)
    __scatterload_null                       0x0800019f   Thumb Code     0  __scatter.o(!!!scatter)
    __scatterload_copy                       0x080001c5   Thumb Code    26  __scatter_copy.o(!!handler_copy)
    __scatterload_zeroinit                   0x080001e1   Thumb Code    28  __scatter_zi.o(!!handler_zi)
    __rt_lib_init                            0x080001fd   Thumb Code     0  libinit.o(.ARM.Collect$$libinit$$00000000)
    __rt_lib_init_fp_1                       0x080001ff   Thumb Code     0  libinit2.o(.ARM.Collect$$libinit$$00000001)
    __rt_lib_init_alloca_1                   0x08000203   Thumb Code     0  libinit2.o(.ARM.Collect$$libinit$$0000002E)
    __rt_lib_init_argv_1                     0x08000203   Thumb Code     0  libinit2.o(.ARM.Collect$$libinit$$0000002C)
    __rt_lib_init_atexit_1                   0x08000203   Thumb Code     0  libinit2.o(.ARM.Collect$$libinit$$0000001B)
    __rt_lib_init_clock_1                    0x08000203   Thumb Code     0  libinit2.o(.ARM.Collect$$libinit$$00000021)
    __rt_lib_init_cpp_1                      0x08000203   Thumb Code     0  libinit2.o(.ARM.Collect$$libinit$$00000032)
    __rt_lib_init_exceptions_1               0x08000203   Thumb Code     0  libinit2.o(.ARM.Collect$$libinit$$00000030)
    __rt_lib_init_fp_trap_1                  0x08000203   Thumb Code     0  libinit2.o(.ARM.Collect$$libinit$$0000001F)
    __rt_lib_init_getenv_1                   0x08000203   Thumb Code     0  libinit2.o(.ARM.Collect$$libinit$$00000023)
    __rt_lib_init_heap_1                     0x08000203   Thumb Code     0  libinit2.o(.ARM.Collect$$libinit$$0000000A)
    __rt_lib_init_lc_collate_1               0x08000203   Thumb Code     0  libinit2.o(.ARM.Collect$$libinit$$00000011)
    __rt_lib_init_lc_ctype_1                 0x08000203   Thumb Code     0  libinit2.o(.ARM.Collect$$libinit$$00000013)
    __rt_lib_init_lc_monetary_1              0x08000203   Thumb Code     0  libinit2.o(.ARM.Collect$$libinit$$00000015)
    __rt_lib_init_lc_numeric_1               0x08000203   Thumb Code     0  libinit2.o(.ARM.Collect$$libinit$$00000017)
    __rt_lib_init_lc_time_1                  0x08000203   Thumb Code     0  libinit2.o(.ARM.Collect$$libinit$$00000019)
    __rt_lib_init_preinit_1                  0x08000203   Thumb Code     0  libinit2.o(.ARM.Collect$$libinit$$00000004)
    __rt_lib_init_rand_1                     0x08000203   Thumb Code     0  libinit2.o(.ARM.Collect$$libinit$$0000000E)
    __rt_lib_init_return                     0x08000203   Thumb Code     0  libinit2.o(.ARM.Collect$$libinit$$00000033)
    __rt_lib_init_signal_1                   0x08000203   Thumb Code     0  libinit2.o(.ARM.Collect$$libinit$$0000001D)
    __rt_lib_init_stdio_1                    0x08000203   Thumb Code     0  libinit2.o(.ARM.Collect$$libinit$$00000025)
    __rt_lib_init_user_alloc_1               0x08000203   Thumb Code     0  libinit2.o(.ARM.Collect$$libinit$$0000000C)
    __rt_lib_shutdown                        0x08000205   Thumb Code     0  libshutdown.o(.ARM.Collect$$libshutdown$$00000000)
    __rt_lib_shutdown_cpp_1                  0x08000207   Thumb Code     0  libshutdown2.o(.ARM.Collect$$libshutdown$$00000004)
    __rt_lib_shutdown_fini_1                 0x08000207   Thumb Code     0  libshutdown2.o(.ARM.Collect$$libshutdown$$00000002)
    __rt_lib_shutdown_fp_trap_1              0x08000207   Thumb Code     0  libshutdown2.o(.ARM.Collect$$libshutdown$$00000009)
    __rt_lib_shutdown_heap_1                 0x08000207   Thumb Code     0  libshutdown2.o(.ARM.Collect$$libshutdown$$00000011)
    __rt_lib_shutdown_return                 0x08000207   Thumb Code     0  libshutdown2.o(.ARM.Collect$$libshutdown$$00000012)
    __rt_lib_shutdown_signal_1               0x08000207   Thumb Code     0  libshutdown2.o(.ARM.Collect$$libshutdown$$0000000C)
    __rt_lib_shutdown_stdio_1                0x08000207   Thumb Code     0  libshutdown2.o(.ARM.Collect$$libshutdown$$00000006)
    __rt_lib_shutdown_user_alloc_1           0x08000207   Thumb Code     0  libshutdown2.o(.ARM.Collect$$libshutdown$$0000000E)
    __rt_entry                               0x08000209   Thumb Code     0  __rtentry.o(.ARM.Collect$$rtentry$$00000000)
    __rt_entry_presh_1                       0x08000209   Thumb Code     0  __rtentry2.o(.ARM.Collect$$rtentry$$00000002)
    __rt_entry_sh                            0x08000209   Thumb Code     0  __rtentry4.o(.ARM.Collect$$rtentry$$00000004)
    __rt_entry_li                            0x0800020f   Thumb Code     0  __rtentry2.o(.ARM.Collect$$rtentry$$0000000A)
    __rt_entry_postsh_1                      0x0800020f   Thumb Code     0  __rtentry2.o(.ARM.Collect$$rtentry$$00000009)
    __rt_entry_main                          0x08000213   Thumb Code     0  __rtentry2.o(.ARM.Collect$$rtentry$$0000000D)
    __rt_entry_postli_1                      0x08000213   Thumb Code     0  __rtentry2.o(.ARM.Collect$$rtentry$$0000000C)
    __rt_exit                                0x0800021b   Thumb Code     0  rtexit.o(.ARM.Collect$$rtexit$$00000000)
    __rt_exit_ls                             0x0800021d   Thumb Code     0  rtexit2.o(.ARM.Collect$$rtexit$$00000003)
    __rt_exit_prels_1                        0x0800021d   Thumb Code     0  rtexit2.o(.ARM.Collect$$rtexit$$00000002)
    __rt_exit_exit                           0x08000221   Thumb Code     0  rtexit2.o(.ARM.Collect$$rtexit$$00000004)
    Reset_Handler                            0x08000229   Thumb Code     8  startup_stm32f407xx.o(.text)
    NMI_Handler                              0x08000231   Thumb Code     2  startup_stm32f407xx.o(.text)
    HardFault_Handler                        0x08000233   Thumb Code     2  startup_stm32f407xx.o(.text)
    MemManage_Handler                        0x08000235   Thumb Code     2  startup_stm32f407xx.o(.text)
    BusFault_Handler                         0x08000237   Thumb Code     2  startup_stm32f407xx.o(.text)
    UsageFault_Handler                       0x08000239   Thumb Code     2  startup_stm32f407xx.o(.text)
    SVC_Handler                              0x0800023b   Thumb Code     2  startup_stm32f407xx.o(.text)
    DebugMon_Handler                         0x0800023d   Thumb Code     2  startup_stm32f407xx.o(.text)
    PendSV_Handler                           0x0800023f   Thumb Code     2  startup_stm32f407xx.o(.text)
    SysTick_Handler                          0x08000241   Thumb Code     2  startup_stm32f407xx.o(.text)
    ADC_IRQHandler                           0x08000243   Thumb Code     0  startup_stm32f407xx.o(.text)
    CAN1_RX0_IRQHandler                      0x08000243   Thumb Code     0  startup_stm32f407xx.o(.text)
    CAN1_RX1_IRQHandler                      0x08000243   Thumb Code     0  startup_stm32f407xx.o(.text)
    CAN1_SCE_IRQHandler                      0x08000243   Thumb Code     0  startup_stm32f407xx.o(.text)
    CAN1_TX_IRQHandler                       0x08000243   Thumb Code     0  startup_stm32f407xx.o(.text)
    CAN2_RX0_IRQHandler                      0x08000243   Thumb Code     0  startup_stm32f407xx.o(.text)
    CAN2_RX1_IRQHandler                      0x08000243   Thumb Code     0  startup_stm32f407xx.o(.text)
    CAN2_SCE_IRQHandler                      0x08000243   Thumb Code     0  startup_stm32f407xx.o(.text)
    CAN2_TX_IRQHandler                       0x08000243   Thumb Code     0  startup_stm32f407xx.o(.text)
    DCMI_IRQHandler                          0x08000243   Thumb Code     0  startup_stm32f407xx.o(.text)
    DMA1_Stream0_IRQHandler                  0x08000243   Thumb Code     0  startup_stm32f407xx.o(.text)
    DMA1_Stream1_IRQHandler                  0x08000243   Thumb Code     0  startup_stm32f407xx.o(.text)
    DMA1_Stream2_IRQHandler                  0x08000243   Thumb Code     0  startup_stm32f407xx.o(.text)
    DMA1_Stream3_IRQHandler                  0x08000243   Thumb Code     0  startup_stm32f407xx.o(.text)
    DMA1_Stream4_IRQHandler                  0x08000243   Thumb Code     0  startup_stm32f407xx.o(.text)
    DMA1_Stream5_IRQHandler                  0x08000243   Thumb Code     0  startup_stm32f407xx.o(.text)
    DMA1_Stream6_IRQHandler                  0x08000243   Thumb Code     0  startup_stm32f407xx.o(.text)
    DMA1_Stream7_IRQHandler                  0x08000243   Thumb Code     0  startup_stm32f407xx.o(.text)
    DMA2_Stream0_IRQHandler                  0x08000243   Thumb Code     0  startup_stm32f407xx.o(.text)
    DMA2_Stream1_IRQHandler                  0x08000243   Thumb Code     0  startup_stm32f407xx.o(.text)
    DMA2_Stream2_IRQHandler                  0x08000243   Thumb Code     0  startup_stm32f407xx.o(.text)
    DMA2_Stream3_IRQHandler                  0x08000243   Thumb Code     0  startup_stm32f407xx.o(.text)
    DMA2_Stream4_IRQHandler                  0x08000243   Thumb Code     0  startup_stm32f407xx.o(.text)
    DMA2_Stream5_IRQHandler                  0x08000243   Thumb Code     0  startup_stm32f407xx.o(.text)
    DMA2_Stream6_IRQHandler                  0x08000243   Thumb Code     0  startup_stm32f407xx.o(.text)
    DMA2_Stream7_IRQHandler                  0x08000243   Thumb Code     0  startup_stm32f407xx.o(.text)
    ETH_IRQHandler                           0x08000243   Thumb Code     0  startup_stm32f407xx.o(.text)
    ETH_WKUP_IRQHandler                      0x08000243   Thumb Code     0  startup_stm32f407xx.o(.text)
    EXTI0_IRQHandler                         0x08000243   Thumb Code     0  startup_stm32f407xx.o(.text)
    EXTI15_10_IRQHandler                     0x08000243   Thumb Code     0  startup_stm32f407xx.o(.text)
    EXTI1_IRQHandler                         0x08000243   Thumb Code     0  startup_stm32f407xx.o(.text)
    EXTI2_IRQHandler                         0x08000243   Thumb Code     0  startup_stm32f407xx.o(.text)
    EXTI3_IRQHandler                         0x08000243   Thumb Code     0  startup_stm32f407xx.o(.text)
    EXTI4_IRQHandler                         0x08000243   Thumb Code     0  startup_stm32f407xx.o(.text)
    FLASH_IRQHandler                         0x08000243   Thumb Code     0  startup_stm32f407xx.o(.text)
    FMC_IRQHandler                           0x08000243   Thumb Code     0  startup_stm32f407xx.o(.text)
    FPU_IRQHandler                           0x08000243   Thumb Code     0  startup_stm32f407xx.o(.text)
    HASH_RNG_IRQHandler                      0x08000243   Thumb Code     0  startup_stm32f407xx.o(.text)
    I2C1_ER_IRQHandler                       0x08000243   Thumb Code     0  startup_stm32f407xx.o(.text)
    I2C1_EV_IRQHandler                       0x08000243   Thumb Code     0  startup_stm32f407xx.o(.text)
    I2C2_ER_IRQHandler                       0x08000243   Thumb Code     0  startup_stm32f407xx.o(.text)
    I2C2_EV_IRQHandler                       0x08000243   Thumb Code     0  startup_stm32f407xx.o(.text)
    I2C3_ER_IRQHandler                       0x08000243   Thumb Code     0  startup_stm32f407xx.o(.text)
    I2C3_EV_IRQHandler                       0x08000243   Thumb Code     0  startup_stm32f407xx.o(.text)
    OTG_FS_IRQHandler                        0x08000243   Thumb Code     0  startup_stm32f407xx.o(.text)
    OTG_FS_WKUP_IRQHandler                   0x08000243   Thumb Code     0  startup_stm32f407xx.o(.text)
    OTG_HS_EP1_IN_IRQHandler                 0x08000243   Thumb Code     0  startup_stm32f407xx.o(.text)
    OTG_HS_EP1_OUT_IRQHandler                0x08000243   Thumb Code     0  startup_stm32f407xx.o(.text)
    OTG_HS_IRQHandler                        0x08000243   Thumb Code     0  startup_stm32f407xx.o(.text)
    OTG_HS_WKUP_IRQHandler                   0x08000243   Thumb Code     0  startup_stm32f407xx.o(.text)
    PVD_IRQHandler                           0x08000243   Thumb Code     0  startup_stm32f407xx.o(.text)
    RCC_IRQHandler                           0x08000243   Thumb Code     0  startup_stm32f407xx.o(.text)
    RTC_Alarm_IRQHandler                     0x08000243   Thumb Code     0  startup_stm32f407xx.o(.text)
    RTC_WKUP_IRQHandler                      0x08000243   Thumb Code     0  startup_stm32f407xx.o(.text)
    SDIO_IRQHandler                          0x08000243   Thumb Code     0  startup_stm32f407xx.o(.text)
    SPI1_IRQHandler                          0x08000243   Thumb Code     0  startup_stm32f407xx.o(.text)
    SPI2_IRQHandler                          0x08000243   Thumb Code     0  startup_stm32f407xx.o(.text)
    SPI3_IRQHandler                          0x08000243   Thumb Code     0  startup_stm32f407xx.o(.text)
    TAMP_STAMP_IRQHandler                    0x08000243   Thumb Code     0  startup_stm32f407xx.o(.text)
    TIM1_BRK_TIM9_IRQHandler                 0x08000243   Thumb Code     0  startup_stm32f407xx.o(.text)
    TIM1_CC_IRQHandler                       0x08000243   Thumb Code     0  startup_stm32f407xx.o(.text)
    TIM1_TRG_COM_TIM11_IRQHandler            0x08000243   Thumb Code     0  startup_stm32f407xx.o(.text)
    TIM1_UP_TIM10_IRQHandler                 0x08000243   Thumb Code     0  startup_stm32f407xx.o(.text)
    TIM2_IRQHandler                          0x08000243   Thumb Code     0  startup_stm32f407xx.o(.text)
    TIM3_IRQHandler                          0x08000243   Thumb Code     0  startup_stm32f407xx.o(.text)
    TIM4_IRQHandler                          0x08000243   Thumb Code     0  startup_stm32f407xx.o(.text)
    TIM5_IRQHandler                          0x08000243   Thumb Code     0  startup_stm32f407xx.o(.text)
    TIM8_BRK_TIM12_IRQHandler                0x08000243   Thumb Code     0  startup_stm32f407xx.o(.text)
    TIM8_CC_IRQHandler                       0x08000243   Thumb Code     0  startup_stm32f407xx.o(.text)
    TIM8_TRG_COM_TIM14_IRQHandler            0x08000243   Thumb Code     0  startup_stm32f407xx.o(.text)
    TIM8_UP_TIM13_IRQHandler                 0x08000243   Thumb Code     0  startup_stm32f407xx.o(.text)
    UART4_IRQHandler                         0x08000243   Thumb Code     0  startup_stm32f407xx.o(.text)
    UART5_IRQHandler                         0x08000243   Thumb Code     0  startup_stm32f407xx.o(.text)
    USART1_IRQHandler                        0x08000243   Thumb Code     0  startup_stm32f407xx.o(.text)
    USART2_IRQHandler                        0x08000243   Thumb Code     0  startup_stm32f407xx.o(.text)
    USART3_IRQHandler                        0x08000243   Thumb Code     0  startup_stm32f407xx.o(.text)
    USART6_IRQHandler                        0x08000243   Thumb Code     0  startup_stm32f407xx.o(.text)
    WWDG_IRQHandler                          0x08000243   Thumb Code     0  startup_stm32f407xx.o(.text)
    __user_initial_stackheap                 0x08000245   Thumb Code     0  startup_stm32f407xx.o(.text)
    __use_two_region_memory                  0x08000269   Thumb Code     2  heapauxi.o(.text)
    __rt_heap_escrow$2region                 0x0800026b   Thumb Code     2  heapauxi.o(.text)
    __rt_heap_expand$2region                 0x0800026d   Thumb Code     2  heapauxi.o(.text)
    __user_setup_stackheap                   0x0800026f   Thumb Code    74  sys_stackheap_outer.o(.text)
    exit                                     0x080002b9   Thumb Code    18  exit.o(.text)
    __user_libspace                          0x080002cd   Thumb Code     8  libspace.o(.text)
    __user_perproc_libspace                  0x080002cd   Thumb Code     0  libspace.o(.text)
    __user_perthread_libspace                0x080002cd   Thumb Code     0  libspace.o(.text)
    _sys_exit                                0x080002d5   Thumb Code     8  sys_exit.o(.text)
    __I$use$semihosting                      0x080002e1   Thumb Code     0  use_no_semi.o(.text)
    __use_no_semihosting_swi                 0x080002e1   Thumb Code     2  use_no_semi.o(.text)
    CPU_init                                 0x080002e3   Thumb Code    12  cpu.o(i.CPU_init)
    __semihosting_library_function           0x080002e3   Thumb Code     0  indicate_semi.o(.text)
    EXTI9_5_IRQHandler                       0x080002ef   Thumb Code    22  exti.o(i.EXTI9_5_IRQHandler)
    EXTI_ClearITPendingBit                   0x08000305   Thumb Code     6  stm32f4xx_exti.o(i.EXTI_ClearITPendingBit)
    EXTI_GetITStatus                         0x08000311   Thumb Code    20  stm32f4xx_exti.o(i.EXTI_GetITStatus)
    EXTI_Init                                0x08000329   Thumb Code   142  stm32f4xx_exti.o(i.EXTI_Init)
    EXTI_StructInit                          0x080003bd   Thumb Code    16  stm32f4xx_exti.o(i.EXTI_StructInit)
    EXTI_init                                0x080003cd   Thumb Code    74  exti.o(i.EXTI_init)
    FT6236_checkInt                          0x08000419   Thumb Code    26  touch_ft6236.o(i.FT6236_checkInt)
    FT6236_get_Tpoint                        0x08000439   Thumb Code    84  touch_ft6236.o(i.FT6236_get_Tpoint)
    FT6236_init                              0x08000491   Thumb Code    80  touch_ft6236.o(i.FT6236_init)
    FT6236_reset                             0x080004e5   Thumb Code   116  touch_ft6236.o(i.FT6236_reset)
    GPIO_Init                                0x0800055d   Thumb Code   144  stm32f4xx_gpio.o(i.GPIO_Init)
    GPIO_PinAFConfig                         0x080005ed   Thumb Code    70  stm32f4xx_gpio.o(i.GPIO_PinAFConfig)
    GPIO_ReadInputDataBit                    0x08000633   Thumb Code    18  stm32f4xx_gpio.o(i.GPIO_ReadInputDataBit)
    GPIO_ResetBits                           0x08000645   Thumb Code     4  stm32f4xx_gpio.o(i.GPIO_ResetBits)
    GPIO_SetBits                             0x08000649   Thumb Code     4  stm32f4xx_gpio.o(i.GPIO_SetBits)
    GPIO_StructInit                          0x0800064d   Thumb Code    18  stm32f4xx_gpio.o(i.GPIO_StructInit)
    GPIO_gpiSetup                            0x08000661   Thumb Code    44  gpio.o(i.GPIO_gpiSetup)
    GPIO_gpoSetup                            0x08000691   Thumb Code    58  gpio.o(i.GPIO_gpoSetup)
    GPIO_i2c1Setup                           0x080006d5   Thumb Code    62  gpio.o(i.GPIO_i2c1Setup)
    GPIO_setup                               0x08000719   Thumb Code    20  gpio.o(i.GPIO_setup)
    GPIO_spi3Setup                           0x0800072d   Thumb Code    92  gpio.o(i.GPIO_spi3Setup)
    GUI_CTC_buttonStateClick                 0x08000791   Thumb Code    90  gui_cryotargetcontroller.o(i.GUI_CTC_buttonStateClick)
    GUI_CTC_buttonTMinusClick                0x08000801   Thumb Code    34  gui_cryotargetcontroller.o(i.GUI_CTC_buttonTMinusClick)
    GUI_CTC_buttonTMinusDraw                 0x0800082d   Thumb Code    38  gui_cryotargetcontroller.o(i.GUI_CTC_buttonTMinusDraw)
    GUI_CTC_buttonTMinusReturnColor          0x08000855   Thumb Code    32  gui_cryotargetcontroller.o(i.GUI_CTC_buttonTMinusReturnColor)
    GUI_CTC_buttonTPlusClick                 0x08000879   Thumb Code    34  gui_cryotargetcontroller.o(i.GUI_CTC_buttonTPlusClick)
    GUI_CTC_buttonTPlusDraw                  0x080008a5   Thumb Code    62  gui_cryotargetcontroller.o(i.GUI_CTC_buttonTPlusDraw)
    GUI_CTC_buttonTPlusReturnColor           0x080008e5   Thumb Code    32  gui_cryotargetcontroller.o(i.GUI_CTC_buttonTPlusReturnColor)
    GUI_CTC_labelState                       0x08000909   Thumb Code    56  gui_cryotargetcontroller.o(i.GUI_CTC_labelState)
    GUI_CTC_labelTSetNum                     0x08000955   Thumb Code    30  gui_cryotargetcontroller.o(i.GUI_CTC_labelTSetNum)
    GUI_CTC_objAction                        0x08000979   Thumb Code    12  gui_cryotargetcontroller.o(i.GUI_CTC_objAction)
    GUI_CTC_pageLogoInit                     0x08000985   Thumb Code   158  gui_cryotargetcontroller.o(i.GUI_CTC_pageLogoInit)
    GUI_CTC_pageMainInit                     0x08000a9d   Thumb Code  1382  gui_cryotargetcontroller.o(i.GUI_CTC_pageMainInit)
    GUI_Handler                              0x08001021   Thumb Code   244  gui.o(i.GUI_Handler)
    GUI_buttonChangeMainColor                0x0800111d   Thumb Code   214  gui.o(i.GUI_buttonChangeMainColor)
    GUI_buttonChangeText                     0x080011f9   Thumb Code   346  gui.o(i.GUI_buttonChangeText)
    GUI_createButton                         0x08001359   Thumb Code   490  gui.o(i.GUI_createButton)
    GUI_createLabel                          0x0800154d   Thumb Code   370  gui.o(i.GUI_createLabel)
    GUI_drawFilledFrame                      0x080016c5   Thumb Code   116  gui.o(i.GUI_drawFilledFrame)
    GUI_drawFrame                            0x08001739   Thumb Code    94  gui.o(i.GUI_drawFrame)
    GUI_getTouchPoint                        0x08001799   Thumb Code    40  gui.o(i.GUI_getTouchPoint)
    GUI_intToStr                             0x080017c9   Thumb Code   120  gui.o(i.GUI_intToStr)
    GUI_labelChangeMainColor                 0x08001841   Thumb Code   168  gui.o(i.GUI_labelChangeMainColor)
    GUI_labelChangeText                      0x080018ed   Thumb Code   276  gui.o(i.GUI_labelChangeText)
    GUI_objHandler                           0x08001a05   Thumb Code    12  gui.o(i.GUI_objHandler)
    GUI_objSetHandlerFunc                    0x08001a15   Thumb Code     8  gui.o(i.GUI_objSetHandlerFunc)
    GUI_objectListReset                      0x08001a21   Thumb Code    16  gui.o(i.GUI_objectListReset)
    I2C1_init                                0x08001a35   Thumb Code    70  i2c.o(i.I2C1_init)
    I2C_AcknowledgeConfig                    0x08001a85   Thumb Code    24  stm32f4xx_i2c.o(i.I2C_AcknowledgeConfig)
    I2C_CheckEvent                           0x08001a9d   Thumb Code    42  stm32f4xx_i2c.o(i.I2C_CheckEvent)
    I2C_Cmd                                  0x08001ac7   Thumb Code    24  stm32f4xx_i2c.o(i.I2C_Cmd)
    I2C_DeInit                               0x08001ae1   Thumb Code    82  stm32f4xx_i2c.o(i.I2C_DeInit)
    I2C_GenerateSTART                        0x08001b41   Thumb Code    24  stm32f4xx_i2c.o(i.I2C_GenerateSTART)
    I2C_GenerateSTOP                         0x08001b59   Thumb Code    24  stm32f4xx_i2c.o(i.I2C_GenerateSTOP)
    I2C_GetFlagStatus                        0x08001b71   Thumb Code    58  stm32f4xx_i2c.o(i.I2C_GetFlagStatus)
    I2C_Init                                 0x08001bad   Thumb Code   218  stm32f4xx_i2c.o(i.I2C_Init)
    I2C_ReceiveData                          0x08001c95   Thumb Code     8  stm32f4xx_i2c.o(i.I2C_ReceiveData)
    I2C_Send7bitAddress                      0x08001c9d   Thumb Code    16  stm32f4xx_i2c.o(i.I2C_Send7bitAddress)
    I2C_SendData                             0x08001cad   Thumb Code     4  stm32f4xx_i2c.o(i.I2C_SendData)
    I2C_StructInit                           0x08001cb1   Thumb Code    30  stm32f4xx_i2c.o(i.I2C_StructInit)
    I2Cx_readData                            0x08001cd1   Thumb Code   202  i2c.o(i.I2Cx_readData)
    I2Cx_readDataBurst                       0x08001da5   Thumb Code    46  i2c.o(i.I2Cx_readDataBurst)
    I2Cx_writeData                           0x08001dd5   Thumb Code   136  i2c.o(i.I2Cx_writeData)
    LCD_drawFilledRectangle                  0x08001e65   Thumb Code   134  lcd_ili9341.o(i.LCD_drawFilledRectangle)
    LCD_drawPicture                          0x08001eeb   Thumb Code   168  lcd_ili9341.o(i.LCD_drawPicture)
    LCD_drawPixel                            0x08001f93   Thumb Code    48  lcd_ili9341.o(i.LCD_drawPixel)
    LCD_fill                                 0x08001fc3   Thumb Code    58  lcd_ili9341.o(i.LCD_fill)
    LCD_init                                 0x08001ffd   Thumb Code   598  lcd_ili9341.o(i.LCD_init)
    LCD_printChar                            0x0800225d   Thumb Code   288  lcd_ili9341.o(i.LCD_printChar)
    LCD_printString                          0x0800237d   Thumb Code    68  lcd_ili9341.o(i.LCD_printString)
    LCD_sendCommand                          0x080023c1   Thumb Code    42  lcd_ili9341.o(i.LCD_sendCommand)
    LCD_sendData                             0x080023f5   Thumb Code    42  lcd_ili9341.o(i.LCD_sendData)
    LCD_setCursorPosition                    0x08002429   Thumb Code    76  lcd_ili9341.o(i.LCD_setCursorPosition)
    NVIC_Init                                0x0800248d   Thumb Code   106  misc.o(i.NVIC_Init)
    RCC_AHB1PeriphClockCmd                   0x08002505   Thumb Code    26  stm32f4xx_rcc.o(i.RCC_AHB1PeriphClockCmd)
    RCC_APB1PeriphClockCmd                   0x08002525   Thumb Code    26  stm32f4xx_rcc.o(i.RCC_APB1PeriphClockCmd)
    RCC_APB1PeriphResetCmd                   0x08002545   Thumb Code    26  stm32f4xx_rcc.o(i.RCC_APB1PeriphResetCmd)
    RCC_APB2PeriphClockCmd                   0x08002565   Thumb Code    26  stm32f4xx_rcc.o(i.RCC_APB2PeriphClockCmd)
    RCC_APB2PeriphResetCmd                   0x08002585   Thumb Code    26  stm32f4xx_rcc.o(i.RCC_APB2PeriphResetCmd)
    RCC_GetClocksFreq                        0x080025a5   Thumb Code   214  stm32f4xx_rcc.o(i.RCC_GetClocksFreq)
    SPI3_init                                0x0800268d   Thumb Code    88  spi.o(i.SPI3_init)
    SPI3_reset                               0x080026e9   Thumb Code    10  spi.o(i.SPI3_reset)
    SPI3_sendData                            0x080026f9   Thumb Code    46  spi.o(i.SPI3_sendData)
    SPI_Cmd                                  0x0800272d   Thumb Code    24  stm32f4xx_spi.o(i.SPI_Cmd)
    SPI_I2S_DeInit                           0x08002745   Thumb Code   152  stm32f4xx_spi.o(i.SPI_I2S_DeInit)
    SPI_I2S_SendData                         0x080027f5   Thumb Code     4  stm32f4xx_spi.o(i.SPI_I2S_SendData)
    SPI_Init                                 0x080027f9   Thumb Code    60  stm32f4xx_spi.o(i.SPI_Init)
    SPI_NSSInternalSoftwareConfig            0x08002835   Thumb Code    30  stm32f4xx_spi.o(i.SPI_NSSInternalSoftwareConfig)
    SPI_StructInit                           0x08002853   Thumb Code    24  stm32f4xx_spi.o(i.SPI_StructInit)
    SYSCFG_EXTILineConfig                    0x0800286d   Thumb Code    60  stm32f4xx_syscfg.o(i.SYSCFG_EXTILineConfig)
    SystemInit                               0x080028ad   Thumb Code    24  system_stm32f4xx_1.o(i.SystemInit)
    TIM6_DAC_IRQHandler                      0x080028c9   Thumb Code    38  timer.o(i.TIM6_DAC_IRQHandler)
    TIM6_DAC_init                            0x080028f9   Thumb Code    54  timer.o(i.TIM6_DAC_init)
    TIM7_IRQHandler                          0x08002935   Thumb Code   102  timer.o(i.TIM7_IRQHandler)
    TIM7_init                                0x080029a5   Thumb Code    54  timer.o(i.TIM7_init)
    TIM_ClearITPendingBit                    0x080029e1   Thumb Code     6  stm32f4xx_tim.o(i.TIM_ClearITPendingBit)
    TIM_Cmd                                  0x080029e7   Thumb Code    24  stm32f4xx_tim.o(i.TIM_Cmd)
    TIM_GetITStatus                          0x080029ff   Thumb Code    34  stm32f4xx_tim.o(i.TIM_GetITStatus)
    TIM_ITConfig                             0x08002a21   Thumb Code    18  stm32f4xx_tim.o(i.TIM_ITConfig)
    TIM_TimeBaseInit                         0x08002a35   Thumb Code   104  stm32f4xx_tim.o(i.TIM_TimeBaseInit)
    TIM_TimeBaseStructInit                   0x08002ab9   Thumb Code    18  stm32f4xx_tim.o(i.TIM_TimeBaseStructInit)
    clockSetup                               0x08002acd   Thumb Code   194  cpu.o(i.clockSetup)
    delay_ms                                 0x08002ba1   Thumb Code    16  timer.o(i.delay_ms)
    main                                     0x08002bb5   Thumb Code    74  main.o(i.main)
    periphClockSetup                         0x08002bff   Thumb Code    84  cpu.o(i.periphClockSetup)
    _fp_init                                 0x08002c53   Thumb Code    10  fpinit.o(x$fpl$fpinit)
    __fplib_config_fpu_vfp                   0x08002c5b   Thumb Code     0  fpinit.o(x$fpl$fpinit)
    __fplib_config_pureend_doubles           0x08002c5b   Thumb Code     0  fpinit.o(x$fpl$fpinit)
    calibri_14ptBitmaps                      0x08002c5c   Data         590  font.o(.constdata)
    calibri_14ptDescriptorsBlock0            0x08002eaa   Data          12  font.o(.constdata)
    calibri_14ptDescriptorsBlock1            0x08002eb6   Data          12  font.o(.constdata)
    calibri_14ptDescriptorsBlock2            0x08002ec2   Data           6  font.o(.constdata)
    calibri_14ptDescriptorsBlock3            0x08002ec8   Data           6  font.o(.constdata)
    calibri_14ptDescriptorsBlock4            0x08002ece   Data          12  font.o(.constdata)
    calibri_14ptDescriptorsBlock5            0x08002eda   Data          18  font.o(.constdata)
    calibri_14ptDescriptorsBlock6            0x08002eec   Data           6  font.o(.constdata)
    calibri_14ptDescriptorsBlock7            0x08002ef2   Data          12  font.o(.constdata)
    calibri_14ptDescriptorsBlock8            0x08002efe   Data          24  font.o(.constdata)
    calibri_14ptDescriptorsBlock9            0x08002f16   Data           6  font.o(.constdata)
    calibri_14ptDescriptorsBlock10           0x08002f1c   Data           6  font.o(.constdata)
    calibri_14ptDescriptorsBlock11           0x08002f22   Data           6  font.o(.constdata)
    calibri_14ptDescriptorsBlock12           0x08002f28   Data           6  font.o(.constdata)
    calibri_14ptDescriptorsBlock13           0x08002f2e   Data          24  font.o(.constdata)
    calibri_14ptDescriptorsBlock14           0x08002f46   Data          42  font.o(.constdata)
    calibri_14ptDescriptorsBlock15           0x08002f70   Data           6  font.o(.constdata)
    calibri_14ptDescriptorsBlock16           0x08002f76   Data           6  font.o(.constdata)
    calibri_14ptDescriptorsBlock17           0x08002f7c   Data           6  font.o(.constdata)
    calibri_14ptDescriptorsBlock18           0x08002f82   Data           6  font.o(.constdata)
    calibri_14ptBlockLookup                  0x08002f88   Data         152  font.o(.constdata)
    calibri_14ptFontInfo                     0x08003020   Data          20  font.o(.constdata)
    impact_18ptBitmaps                       0x08003034   Data        1242  font.o(.constdata)
    impact_18ptDescriptorsBlock0             0x0800350e   Data           6  font.o(.constdata)
    impact_18ptDescriptorsBlock1             0x08003514   Data          66  font.o(.constdata)
    impact_18ptDescriptorsBlock2             0x08003556   Data           6  font.o(.constdata)
    impact_18ptDescriptorsBlock3             0x0800355c   Data          30  font.o(.constdata)
    impact_18ptDescriptorsBlock4             0x0800357a   Data          12  font.o(.constdata)
    impact_18ptDescriptorsBlock5             0x08003586   Data          12  font.o(.constdata)
    impact_18ptDescriptorsBlock6             0x08003592   Data           6  font.o(.constdata)
    impact_18ptDescriptorsBlock7             0x08003598   Data           6  font.o(.constdata)
    impact_18ptDescriptorsBlock8             0x0800359e   Data           6  font.o(.constdata)
    impact_18ptDescriptorsBlock9             0x080035a4   Data           6  font.o(.constdata)
    impact_18ptDescriptorsBlock10            0x080035aa   Data           6  font.o(.constdata)
    impact_18ptDescriptorsBlock11            0x080035b0   Data           6  font.o(.constdata)
    impact_18ptDescriptorsBlock12            0x080035b6   Data          12  font.o(.constdata)
    impact_18ptDescriptorsBlock13            0x080035c2   Data          30  font.o(.constdata)
    impact_18ptDescriptorsBlock14            0x080035e0   Data          24  font.o(.constdata)
    impact_18ptDescriptorsBlock15            0x080035f8   Data           6  font.o(.constdata)
    impact_18ptBlockLookup                   0x08003600   Data         128  font.o(.constdata)
    impact_18ptFontInfo                      0x08003680   Data          20  font.o(.constdata)
    logoJINRBitmaps                          0x08003694   Data        3400  picture.o(.constdata)
    logoJINRDescriptors                      0x080043dc   Data           4  picture.o(.constdata)
    logoJINRInfo                             0x080043e0   Data           8  picture.o(.constdata)
    logoDialtekBlackBitmaps                  0x080043e8   Data         264  picture.o(.constdata)
    logoDialtekBlackDescriptors              0x080044f0   Data           4  picture.o(.constdata)
    logoDialtekBlackInfo                     0x080044f4   Data           8  picture.o(.constdata)
    logoDialtekGreenBitmaps                  0x080044fc   Data         180  picture.o(.constdata)
    logoDialtekGreenDescriptors              0x080045b0   Data           4  picture.o(.constdata)
    logoDialtekGreenInfo                     0x080045b4   Data           8  picture.o(.constdata)
    Region$$Table$$Base                      0x080045bc   Number         0  anon$$obj.o(Region$$Table)
    Region$$Table$$Limit                     0x080045dc   Number         0  anon$$obj.o(Region$$Table)
    tempSetNum                               0x20000000   Data           4  gui_cryotargetcontroller.o(.data)
    strBufNum                                0x20000004   Data           6  gui_cryotargetcontroller.o(.data)
    Delay_dec                                0x2000000c   Data           4  timer.o(.data)
    FT6236_Tpoint                            0x20000010   Data           4  touch_ft6236.o(.data)
    GUI                                      0x20000024   Data        1068  gui.o(.bss)
    __libspace_start                         0x20000450   Data          96  libspace.o(.bss)
    __temporary_stack_top$libspace           0x200004b0   Data           0  libspace.o(.bss)



==============================================================================

Memory Map of the image

  Image Entry point : 0x08000189

  Load Region LR_IROM1 (Base: 0x08000000, Size: 0x00004600, Max: 0x00100000, ABSOLUTE)

    Execution Region ER_IROM1 (Exec base: 0x08000000, Load base: 0x08000000, Size: 0x000045dc, Max: 0x00100000, ABSOLUTE)

    Exec Addr    Load Addr    Size         Type   Attr      Idx    E Section Name        Object

    0x08000000   0x08000000   0x00000188   Data   RO         2499    RESET               startup_stm32f407xx.o
    0x08000188   0x08000188   0x00000008   Code   RO         2545  * !!!main             c_w.l(__main.o)
    0x08000190   0x08000190   0x00000034   Code   RO         2704    !!!scatter          c_w.l(__scatter.o)
    0x080001c4   0x080001c4   0x0000001a   Code   RO         2706    !!handler_copy      c_w.l(__scatter_copy.o)
    0x080001de   0x080001de   0x00000002   PAD
    0x080001e0   0x080001e0   0x0000001c   Code   RO         2708    !!handler_zi        c_w.l(__scatter_zi.o)
    0x080001fc   0x080001fc   0x00000002   Code   RO         2572    .ARM.Collect$$libinit$$00000000  c_w.l(libinit.o)
    0x080001fe   0x080001fe   0x00000004   Code   RO         2578    .ARM.Collect$$libinit$$00000001  c_w.l(libinit2.o)
    0x08000202   0x08000202   0x00000000   Code   RO         2581    .ARM.Collect$$libinit$$00000004  c_w.l(libinit2.o)
    0x08000202   0x08000202   0x00000000   Code   RO         2584    .ARM.Collect$$libinit$$0000000A  c_w.l(libinit2.o)
    0x08000202   0x08000202   0x00000000   Code   RO         2586    .ARM.Collect$$libinit$$0000000C  c_w.l(libinit2.o)
    0x08000202   0x08000202   0x00000000   Code   RO         2588    .ARM.Collect$$libinit$$0000000E  c_w.l(libinit2.o)
    0x08000202   0x08000202   0x00000000   Code   RO         2591    .ARM.Collect$$libinit$$00000011  c_w.l(libinit2.o)
    0x08000202   0x08000202   0x00000000   Code   RO         2593    .ARM.Collect$$libinit$$00000013  c_w.l(libinit2.o)
    0x08000202   0x08000202   0x00000000   Code   RO         2595    .ARM.Collect$$libinit$$00000015  c_w.l(libinit2.o)
    0x08000202   0x08000202   0x00000000   Code   RO         2597    .ARM.Collect$$libinit$$00000017  c_w.l(libinit2.o)
    0x08000202   0x08000202   0x00000000   Code   RO         2599    .ARM.Collect$$libinit$$00000019  c_w.l(libinit2.o)
    0x08000202   0x08000202   0x00000000   Code   RO         2601    .ARM.Collect$$libinit$$0000001B  c_w.l(libinit2.o)
    0x08000202   0x08000202   0x00000000   Code   RO         2603    .ARM.Collect$$libinit$$0000001D  c_w.l(libinit2.o)
    0x08000202   0x08000202   0x00000000   Code   RO         2605    .ARM.Collect$$libinit$$0000001F  c_w.l(libinit2.o)
    0x08000202   0x08000202   0x00000000   Code   RO         2607    .ARM.Collect$$libinit$$00000021  c_w.l(libinit2.o)
    0x08000202   0x08000202   0x00000000   Code   RO         2609    .ARM.Collect$$libinit$$00000023  c_w.l(libinit2.o)
    0x08000202   0x08000202   0x00000000   Code   RO         2611    .ARM.Collect$$libinit$$00000025  c_w.l(libinit2.o)
    0x08000202   0x08000202   0x00000000   Code   RO         2615    .ARM.Collect$$libinit$$0000002C  c_w.l(libinit2.o)
    0x08000202   0x08000202   0x00000000   Code   RO         2617    .ARM.Collect$$libinit$$0000002E  c_w.l(libinit2.o)
    0x08000202   0x08000202   0x00000000   Code   RO         2619    .ARM.Collect$$libinit$$00000030  c_w.l(libinit2.o)
    0x08000202   0x08000202   0x00000000   Code   RO         2621    .ARM.Collect$$libinit$$00000032  c_w.l(libinit2.o)
    0x08000202   0x08000202   0x00000002   Code   RO         2622    .ARM.Collect$$libinit$$00000033  c_w.l(libinit2.o)
    0x08000204   0x08000204   0x00000002   Code   RO         2642    .ARM.Collect$$libshutdown$$00000000  c_w.l(libshutdown.o)
    0x08000206   0x08000206   0x00000000   Code   RO         2655    .ARM.Collect$$libshutdown$$00000002  c_w.l(libshutdown2.o)
    0x08000206   0x08000206   0x00000000   Code   RO         2657    .ARM.Collect$$libshutdown$$00000004  c_w.l(libshutdown2.o)
    0x08000206   0x08000206   0x00000000   Code   RO         2659    .ARM.Collect$$libshutdown$$00000006  c_w.l(libshutdown2.o)
    0x08000206   0x08000206   0x00000000   Code   RO         2662    .ARM.Collect$$libshutdown$$00000009  c_w.l(libshutdown2.o)
    0x08000206   0x08000206   0x00000000   Code   RO         2665    .ARM.Collect$$libshutdown$$0000000C  c_w.l(libshutdown2.o)
    0x08000206   0x08000206   0x00000000   Code   RO         2667    .ARM.Collect$$libshutdown$$0000000E  c_w.l(libshutdown2.o)
    0x08000206   0x08000206   0x00000000   Code   RO         2670    .ARM.Collect$$libshutdown$$00000011  c_w.l(libshutdown2.o)
    0x08000206   0x08000206   0x00000002   Code   RO         2671    .ARM.Collect$$libshutdown$$00000012  c_w.l(libshutdown2.o)
    0x08000208   0x08000208   0x00000000   Code   RO         2547    .ARM.Collect$$rtentry$$00000000  c_w.l(__rtentry.o)
    0x08000208   0x08000208   0x00000000   Code   RO         2549    .ARM.Collect$$rtentry$$00000002  c_w.l(__rtentry2.o)
    0x08000208   0x08000208   0x00000006   Code   RO         2561    .ARM.Collect$$rtentry$$00000004  c_w.l(__rtentry4.o)
    0x0800020e   0x0800020e   0x00000000   Code   RO         2551    .ARM.Collect$$rtentry$$00000009  c_w.l(__rtentry2.o)
    0x0800020e   0x0800020e   0x00000004   Code   RO         2552    .ARM.Collect$$rtentry$$0000000A  c_w.l(__rtentry2.o)
    0x08000212   0x08000212   0x00000000   Code   RO         2554    .ARM.Collect$$rtentry$$0000000C  c_w.l(__rtentry2.o)
    0x08000212   0x08000212   0x00000008   Code   RO         2555    .ARM.Collect$$rtentry$$0000000D  c_w.l(__rtentry2.o)
    0x0800021a   0x0800021a   0x00000002   Code   RO         2576    .ARM.Collect$$rtexit$$00000000  c_w.l(rtexit.o)
    0x0800021c   0x0800021c   0x00000000   Code   RO         2624    .ARM.Collect$$rtexit$$00000002  c_w.l(rtexit2.o)
    0x0800021c   0x0800021c   0x00000004   Code   RO         2625    .ARM.Collect$$rtexit$$00000003  c_w.l(rtexit2.o)
    0x08000220   0x08000220   0x00000006   Code   RO         2626    .ARM.Collect$$rtexit$$00000004  c_w.l(rtexit2.o)
    0x08000226   0x08000226   0x00000002   PAD
    0x08000228   0x08000228   0x00000040   Code   RO         2500    .text               startup_stm32f407xx.o
    0x08000268   0x08000268   0x00000006   Code   RO         2543    .text               c_w.l(heapauxi.o)
    0x0800026e   0x0800026e   0x0000004a   Code   RO         2563    .text               c_w.l(sys_stackheap_outer.o)
    0x080002b8   0x080002b8   0x00000012   Code   RO         2565    .text               c_w.l(exit.o)
    0x080002ca   0x080002ca   0x00000002   PAD
    0x080002cc   0x080002cc   0x00000008   Code   RO         2573    .text               c_w.l(libspace.o)
    0x080002d4   0x080002d4   0x0000000c   Code   RO         2634    .text               c_w.l(sys_exit.o)
    0x080002e0   0x080002e0   0x00000002   Code   RO         2645    .text               c_w.l(use_no_semi.o)
    0x080002e2   0x080002e2   0x00000000   Code   RO         2647    .text               c_w.l(indicate_semi.o)
    0x080002e2   0x080002e2   0x0000000c   Code   RO          495    i.CPU_init          cpu.o
    0x080002ee   0x080002ee   0x00000016   Code   RO          867    i.EXTI9_5_IRQHandler  exti.o
    0x08000304   0x08000304   0x0000000c   Code   RO         2432    i.EXTI_ClearITPendingBit  stm32f4xx_exti.o
    0x08000310   0x08000310   0x00000018   Code   RO         2436    i.EXTI_GetITStatus  stm32f4xx_exti.o
    0x08000328   0x08000328   0x00000094   Code   RO         2437    i.EXTI_Init         stm32f4xx_exti.o
    0x080003bc   0x080003bc   0x00000010   Code   RO         2438    i.EXTI_StructInit   stm32f4xx_exti.o
    0x080003cc   0x080003cc   0x0000004a   Code   RO          868    i.EXTI_init         exti.o
    0x08000416   0x08000416   0x00000002   PAD
    0x08000418   0x08000418   0x00000020   Code   RO          813    i.FT6236_checkInt   touch_ft6236.o
    0x08000438   0x08000438   0x00000058   Code   RO          815    i.FT6236_get_Tpoint  touch_ft6236.o
    0x08000490   0x08000490   0x00000054   Code   RO          816    i.FT6236_init       touch_ft6236.o
    0x080004e4   0x080004e4   0x00000078   Code   RO          817    i.FT6236_reset      touch_ft6236.o
    0x0800055c   0x0800055c   0x00000090   Code   RO          952    i.GPIO_Init         stm32f4xx_gpio.o
    0x080005ec   0x080005ec   0x00000046   Code   RO          953    i.GPIO_PinAFConfig  stm32f4xx_gpio.o
    0x08000632   0x08000632   0x00000012   Code   RO          956    i.GPIO_ReadInputDataBit  stm32f4xx_gpio.o
    0x08000644   0x08000644   0x00000004   Code   RO          959    i.GPIO_ResetBits    stm32f4xx_gpio.o
    0x08000648   0x08000648   0x00000004   Code   RO          960    i.GPIO_SetBits      stm32f4xx_gpio.o
    0x0800064c   0x0800064c   0x00000012   Code   RO          961    i.GPIO_StructInit   stm32f4xx_gpio.o
    0x0800065e   0x0800065e   0x00000002   PAD
    0x08000660   0x08000660   0x00000030   Code   RO          717    i.GPIO_gpiSetup     gpio.o
    0x08000690   0x08000690   0x00000044   Code   RO          718    i.GPIO_gpoSetup     gpio.o
    0x080006d4   0x080006d4   0x00000044   Code   RO          719    i.GPIO_i2c1Setup    gpio.o
    0x08000718   0x08000718   0x00000014   Code   RO          720    i.GPIO_setup        gpio.o
    0x0800072c   0x0800072c   0x00000064   Code   RO          721    i.GPIO_spi3Setup    gpio.o
    0x08000790   0x08000790   0x00000070   Code   RO            4    i.GUI_CTC_buttonStateClick  gui_cryotargetcontroller.o
    0x08000800   0x08000800   0x0000002c   Code   RO            5    i.GUI_CTC_buttonTMinusClick  gui_cryotargetcontroller.o
    0x0800082c   0x0800082c   0x00000026   Code   RO            6    i.GUI_CTC_buttonTMinusDraw  gui_cryotargetcontroller.o
    0x08000852   0x08000852   0x00000002   PAD
    0x08000854   0x08000854   0x00000024   Code   RO            7    i.GUI_CTC_buttonTMinusReturnColor  gui_cryotargetcontroller.o
    0x08000878   0x08000878   0x0000002c   Code   RO            8    i.GUI_CTC_buttonTPlusClick  gui_cryotargetcontroller.o
    0x080008a4   0x080008a4   0x0000003e   Code   RO            9    i.GUI_CTC_buttonTPlusDraw  gui_cryotargetcontroller.o
    0x080008e2   0x080008e2   0x00000002   PAD
    0x080008e4   0x080008e4   0x00000024   Code   RO           10    i.GUI_CTC_buttonTPlusReturnColor  gui_cryotargetcontroller.o
    0x08000908   0x08000908   0x0000004c   Code   RO           11    i.GUI_CTC_labelState  gui_cryotargetcontroller.o
    0x08000954   0x08000954   0x00000024   Code   RO           12    i.GUI_CTC_labelTSetNum  gui_cryotargetcontroller.o
    0x08000978   0x08000978   0x0000000c   Code   RO           13    i.GUI_CTC_objAction  gui_cryotargetcontroller.o
    0x08000984   0x08000984   0x00000118   Code   RO           14    i.GUI_CTC_pageLogoInit  gui_cryotargetcontroller.o
    0x08000a9c   0x08000a9c   0x00000584   Code   RO           15    i.GUI_CTC_pageMainInit  gui_cryotargetcontroller.o
    0x08001020   0x08001020   0x000000fc   Code   RO          278    i.GUI_Handler       gui.o
    0x0800111c   0x0800111c   0x000000dc   Code   RO          279    i.GUI_buttonChangeMainColor  gui.o
    0x080011f8   0x080011f8   0x00000160   Code   RO          280    i.GUI_buttonChangeText  gui.o
    0x08001358   0x08001358   0x000001f4   Code   RO          284    i.GUI_createButton  gui.o
    0x0800154c   0x0800154c   0x00000178   Code   RO          286    i.GUI_createLabel   gui.o
    0x080016c4   0x080016c4   0x00000074   Code   RO          287    i.GUI_drawFilledFrame  gui.o
    0x08001738   0x08001738   0x0000005e   Code   RO          288    i.GUI_drawFrame     gui.o
    0x08001796   0x08001796   0x00000002   PAD
    0x08001798   0x08001798   0x00000030   Code   RO          292    i.GUI_getTouchPoint  gui.o
    0x080017c8   0x080017c8   0x00000078   Code   RO          293    i.GUI_intToStr      gui.o
    0x08001840   0x08001840   0x000000ac   Code   RO          294    i.GUI_labelChangeMainColor  gui.o
    0x080018ec   0x080018ec   0x00000118   Code   RO          295    i.GUI_labelChangeText  gui.o
    0x08001a04   0x08001a04   0x00000010   Code   RO          296    i.GUI_objHandler    gui.o
    0x08001a14   0x08001a14   0x0000000c   Code   RO          297    i.GUI_objSetHandlerFunc  gui.o
    0x08001a20   0x08001a20   0x00000014   Code   RO          298    i.GUI_objectListReset  gui.o
    0x08001a34   0x08001a34   0x00000050   Code   RO          768    i.I2C1_init         i2c.o
    0x08001a84   0x08001a84   0x00000018   Code   RO         1057    i.I2C_AcknowledgeConfig  stm32f4xx_i2c.o
    0x08001a9c   0x08001a9c   0x0000002a   Code   RO         1060    i.I2C_CheckEvent    stm32f4xx_i2c.o
    0x08001ac6   0x08001ac6   0x00000018   Code   RO         1063    i.I2C_Cmd           stm32f4xx_i2c.o
    0x08001ade   0x08001ade   0x00000002   PAD
    0x08001ae0   0x08001ae0   0x00000060   Code   RO         1066    i.I2C_DeInit        stm32f4xx_i2c.o
    0x08001b40   0x08001b40   0x00000018   Code   RO         1071    i.I2C_GenerateSTART  stm32f4xx_i2c.o
    0x08001b58   0x08001b58   0x00000018   Code   RO         1072    i.I2C_GenerateSTOP  stm32f4xx_i2c.o
    0x08001b70   0x08001b70   0x0000003a   Code   RO         1073    i.I2C_GetFlagStatus  stm32f4xx_i2c.o
    0x08001baa   0x08001baa   0x00000002   PAD
    0x08001bac   0x08001bac   0x000000e8   Code   RO         1078    i.I2C_Init          stm32f4xx_i2c.o
    0x08001c94   0x08001c94   0x00000008   Code   RO         1083    i.I2C_ReceiveData   stm32f4xx_i2c.o
    0x08001c9c   0x08001c9c   0x00000010   Code   RO         1085    i.I2C_Send7bitAddress  stm32f4xx_i2c.o
    0x08001cac   0x08001cac   0x00000004   Code   RO         1086    i.I2C_SendData      stm32f4xx_i2c.o
    0x08001cb0   0x08001cb0   0x0000001e   Code   RO         1089    i.I2C_StructInit    stm32f4xx_i2c.o
    0x08001cce   0x08001cce   0x00000002   PAD
    0x08001cd0   0x08001cd0   0x000000d4   Code   RO          769    i.I2Cx_readData     i2c.o
    0x08001da4   0x08001da4   0x0000002e   Code   RO          770    i.I2Cx_readDataBurst  i2c.o
    0x08001dd2   0x08001dd2   0x00000002   PAD
    0x08001dd4   0x08001dd4   0x00000090   Code   RO          771    i.I2Cx_writeData    i2c.o
    0x08001e64   0x08001e64   0x00000086   Code   RO          534    i.LCD_drawFilledRectangle  lcd_ili9341.o
    0x08001eea   0x08001eea   0x000000a8   Code   RO          535    i.LCD_drawPicture   lcd_ili9341.o
    0x08001f92   0x08001f92   0x00000030   Code   RO          536    i.LCD_drawPixel     lcd_ili9341.o
    0x08001fc2   0x08001fc2   0x0000003a   Code   RO          537    i.LCD_fill          lcd_ili9341.o
    0x08001ffc   0x08001ffc   0x00000260   Code   RO          538    i.LCD_init          lcd_ili9341.o
    0x0800225c   0x0800225c   0x00000120   Code   RO          539    i.LCD_printChar     lcd_ili9341.o
    0x0800237c   0x0800237c   0x00000044   Code   RO          540    i.LCD_printString   lcd_ili9341.o
    0x080023c0   0x080023c0   0x00000034   Code   RO          541    i.LCD_sendCommand   lcd_ili9341.o
    0x080023f4   0x080023f4   0x00000034   Code   RO          542    i.LCD_sendData      lcd_ili9341.o
    0x08002428   0x08002428   0x0000004c   Code   RO          543    i.LCD_setCursorPosition  lcd_ili9341.o
    0x08002474   0x08002474   0x00000016   Code   RO          654    i.NVIC_EnableIRQ    timer.o
    0x0800248a   0x0800248a   0x00000002   PAD
    0x0800248c   0x0800248c   0x00000078   Code   RO          900    i.NVIC_Init         misc.o
    0x08002504   0x08002504   0x00000020   Code   RO         1287    i.RCC_AHB1PeriphClockCmd  stm32f4xx_rcc.o
    0x08002524   0x08002524   0x00000020   Code   RO         1296    i.RCC_APB1PeriphClockCmd  stm32f4xx_rcc.o
    0x08002544   0x08002544   0x00000020   Code   RO         1298    i.RCC_APB1PeriphResetCmd  stm32f4xx_rcc.o
    0x08002564   0x08002564   0x00000020   Code   RO         1299    i.RCC_APB2PeriphClockCmd  stm32f4xx_rcc.o
    0x08002584   0x08002584   0x00000020   Code   RO         1301    i.RCC_APB2PeriphResetCmd  stm32f4xx_rcc.o
    0x080025a4   0x080025a4   0x000000e8   Code   RO         1308    i.RCC_GetClocksFreq  stm32f4xx_rcc.o
    0x0800268c   0x0800268c   0x0000005c   Code   RO          615    i.SPI3_init         spi.o
    0x080026e8   0x080026e8   0x00000010   Code   RO          616    i.SPI3_reset        spi.o
    0x080026f8   0x080026f8   0x00000034   Code   RO          617    i.SPI3_sendData     spi.o
    0x0800272c   0x0800272c   0x00000018   Code   RO         1634    i.SPI_Cmd           stm32f4xx_spi.o
    0x08002744   0x08002744   0x000000b0   Code   RO         1641    i.SPI_I2S_DeInit    stm32f4xx_spi.o
    0x080027f4   0x080027f4   0x00000004   Code   RO         1646    i.SPI_I2S_SendData  stm32f4xx_spi.o
    0x080027f8   0x080027f8   0x0000003c   Code   RO         1647    i.SPI_Init          stm32f4xx_spi.o
    0x08002834   0x08002834   0x0000001e   Code   RO         1648    i.SPI_NSSInternalSoftwareConfig  stm32f4xx_spi.o
    0x08002852   0x08002852   0x00000018   Code   RO         1650    i.SPI_StructInit    stm32f4xx_spi.o
    0x0800286a   0x0800286a   0x00000002   PAD
    0x0800286c   0x0800286c   0x00000040   Code   RO         1802    i.SYSCFG_EXTILineConfig  stm32f4xx_syscfg.o
    0x080028ac   0x080028ac   0x0000001c   Code   RO         2508    i.SystemInit        system_stm32f4xx_1.o
    0x080028c8   0x080028c8   0x00000030   Code   RO          655    i.TIM6_DAC_IRQHandler  timer.o
    0x080028f8   0x080028f8   0x0000003c   Code   RO          656    i.TIM6_DAC_init     timer.o
    0x08002934   0x08002934   0x00000070   Code   RO          657    i.TIM7_IRQHandler   timer.o
    0x080029a4   0x080029a4   0x0000003c   Code   RO          658    i.TIM7_init         timer.o
    0x080029e0   0x080029e0   0x00000006   Code   RO         1873    i.TIM_ClearITPendingBit  stm32f4xx_tim.o
    0x080029e6   0x080029e6   0x00000018   Code   RO         1878    i.TIM_Cmd           stm32f4xx_tim.o
    0x080029fe   0x080029fe   0x00000022   Code   RO         1899    i.TIM_GetITStatus   stm32f4xx_tim.o
    0x08002a20   0x08002a20   0x00000012   Code   RO         1903    i.TIM_ITConfig      stm32f4xx_tim.o
    0x08002a32   0x08002a32   0x00000002   PAD
    0x08002a34   0x08002a34   0x00000084   Code   RO         1950    i.TIM_TimeBaseInit  stm32f4xx_tim.o
    0x08002ab8   0x08002ab8   0x00000012   Code   RO         1951    i.TIM_TimeBaseStructInit  stm32f4xx_tim.o
    0x08002aca   0x08002aca   0x00000002   PAD
    0x08002acc   0x08002acc   0x000000d4   Code   RO          496    i.clockSetup        cpu.o
    0x08002ba0   0x08002ba0   0x00000014   Code   RO          659    i.delay_ms          timer.o
    0x08002bb4   0x08002bb4   0x0000004a   Code   RO          247    i.main              main.o
    0x08002bfe   0x08002bfe   0x00000054   Code   RO          497    i.periphClockSetup  cpu.o
    0x08002c52   0x08002c52   0x0000000a   Code   RO         2632    x$fpl$fpinit        fz_wm.l(fpinit.o)
    0x08002c5c   0x08002c5c   0x00000a38   Data   RO          439    .constdata          font.o
    0x08003694   0x08003694   0x00000f28   Data   RO          467    .constdata          picture.o
    0x080045bc   0x080045bc   0x00000020   Data   RO         2702    Region$$Table       anon$$obj.o


    Execution Region RW_IRAM1 (Exec base: 0x20000000, Load base: 0x080045dc, Size: 0x00000ab0, Max: 0x00020000, ABSOLUTE)

    Exec Addr    Load Addr    Size         Type   Attr      Idx    E Section Name        Object

    0x20000000   0x080045dc   0x0000000a   Data   RW           16    .data               gui_cryotargetcontroller.o
    0x2000000a   0x080045e6   0x00000002   PAD
    0x2000000c   0x080045e8   0x00000004   Data   RW          660    .data               timer.o
    0x20000010   0x080045ec   0x00000004   Data   RW          818    .data               touch_ft6236.o
    0x20000014   0x080045f0   0x00000010   Data   RW         1340    .data               stm32f4xx_rcc.o
    0x20000024        -       0x0000042c   Zero   RW          299    .bss                gui.o
    0x20000450        -       0x00000060   Zero   RW         2574    .bss                c_w.l(libspace.o)
    0x200004b0        -       0x00000200   Zero   RW         2498    HEAP                startup_stm32f407xx.o
    0x200006b0        -       0x00000400   Zero   RW         2497    STACK               startup_stm32f407xx.o


==============================================================================

Image component sizes


      Code (inc. data)   RO Data    RW Data    ZI Data      Debug   Object Name

       308         18          0          0          0       1595   cpu.o
        96          0          0          0          0       1113   exti.o
         0          0       2616          0          0       4950   font.o
       304         28          0          0          0       2779   gpio.o
      2578         64          0          0       1068      13428   gui.o
      2188        332          0         10          0     313519   gui_cryotargetcontroller.o
       482         28          0          0          0       3358   i2c.o
      1552         30          0          0          0       8913   lcd_ili9341.o
        74          0          0          0          0        559   main.o
       120         14          0          0          0       2800   misc.o
         0          0       3880          0          0       1677   picture.o
       160         16          0          0          0       1673   spi.o
        64         26        392          0       1536        896   startup_stm32f407xx.o
       200         16          0          0          0       5230   stm32f4xx_exti.o
       258          0          0          0          0      11329   stm32f4xx_gpio.o
       582         28          0          0          0      16110   stm32f4xx_i2c.o
       392         48          0         16          0      21449   stm32f4xx_rcc.o
       318         24          0          0          0      12450   stm32f4xx_spi.o
        64          4          0          0          0        664   stm32f4xx_syscfg.o
       232         28          0          0          0      24159   stm32f4xx_tim.o
        28          4          0          0          0        533   system_stm32f4xx_1.o
       322         36          0          4          0      30046   timer.o
       324         18          0          4          0       4527   touch_ft6236.o

    ----------------------------------------------------------------------
     10672        762       6920         36       2604     483757   Object Totals
         0          0         32          0          0          0   (incl. Generated)
        26          0          0          2          0          0   (incl. Padding)

    ----------------------------------------------------------------------

      Code (inc. data)   RO Data    RW Data    ZI Data      Debug   Library Member Name

         8          0          0          0          0         68   __main.o
         0          0          0          0          0          0   __rtentry.o
        12          0          0          0          0          0   __rtentry2.o
         6          0          0          0          0          0   __rtentry4.o
        52          8          0          0          0          0   __scatter.o
        26          0          0          0          0          0   __scatter_copy.o
        28          0          0          0          0          0   __scatter_zi.o
        18          0          0          0          0         80   exit.o
         6          0          0          0          0        152   heapauxi.o
         0          0          0          0          0          0   indicate_semi.o
         2          0          0          0          0          0   libinit.o
         6          0          0          0          0          0   libinit2.o
         2          0          0          0          0          0   libshutdown.o
         2          0          0          0          0          0   libshutdown2.o
         8          4          0          0         96         68   libspace.o
         2          0          0          0          0          0   rtexit.o
        10          0          0          0          0          0   rtexit2.o
        12          4          0          0          0         68   sys_exit.o
        74          0          0          0          0         80   sys_stackheap_outer.o
         2          0          0          0          0         68   use_no_semi.o
        10          0          0          0          0        116   fpinit.o

    ----------------------------------------------------------------------
       292         16          0          0         96        700   Library Totals
         6          0          0          0          0          0   (incl. Padding)

    ----------------------------------------------------------------------

      Code (inc. data)   RO Data    RW Data    ZI Data      Debug   Library Name

       276         16          0          0         96        584   c_w.l
        10          0          0          0          0        116   fz_wm.l

    ----------------------------------------------------------------------
       292         16          0          0         96        700   Library Totals

    ----------------------------------------------------------------------

==============================================================================


      Code (inc. data)   RO Data    RW Data    ZI Data      Debug   

     10964        778       6920         36       2700     474001   Grand Totals
     10964        778       6920         36       2700     474001   ELF Image Totals
     10964        778       6920         36          0          0   ROM Totals

==============================================================================

    Total RO  Size (Code + RO Data)                17884 (  17.46kB)
    Total RW  Size (RW Data + ZI Data)              2736 (   2.67kB)
    Total ROM Size (Code + RO Data + RW Data)      17920 (  17.50kB)

==============================================================================

